05-22 14:09:25.102994  2358  5531 I znet.txzsettin: oneway function results will be dropped but finished with status OK and parcel size 8
05-22 14:09:25.103082  1774  2449 D com.txznet.music.comm.core.SDKCore$3: [com.txznet.music.comm.core.SDKCore$3::lambda$onConnect$0]ComposePlayer::SDKQueueSnapUtils: ...
05-22 14:09:25.103082  1774  2449 D com.txznet.music.comm.core.SDKCore$3: ...
05-22 14:09:25.103082  1774  2449 D com.txznet.music.comm.core.SDKCore$3: o{sid=15, id='68077090', name='新游子梦', album_id='2916118', album_sid=15, album_img='http://imge.kugou.com/stdmusic/480/20220301/20220301102304241955.jpg', album_name='新游子梦', card_type=110, is_paid=0, arr_artist_name=[罗励林], pay_type=0, is_vip=0, authorized_type_id=0, duration=0}, AudioInfo{sid=15, id='473004862', name='人间住着恶鬼', album_id='66362634', album_sid=15, album_img='http://imge.kugou.com/stdmusic/480/20221229/20221229171827650838.jpg', album_name='人间住着恶鬼', card_type=110, is_paid=0, arr_artist_name=[任夏], pay_type=0, is_vip=1, authorized_type_id=0, duration=0}, AudioInfo{sid=15, id='37533796', name='ありがとう… (谢谢…)', album_id='1491689', album_sid=15, album_img='http://imge.kugou.com/stdmusic/480/20210113/20210113184940470552.jpg', album_name='ありがとう...', card_type=110, is_paid=0
05-22 14:09:25.103082  1774  2449 D com.txznet.music.comm.core.SDKCore$3: ...[SDKCore.java:69]
05-22 14:09:25.103345  1774  1801 I om.txznet.musi: oneway function results will be dropped but finished with status OK and parcel size 8
05-22 14:09:25.103639  1774  2449 D com.txznet.music.comm.core.SDKCore$3: [com.txznet.music.comm.core.SDKCore$3::lambda$onConnect$0]ComposePlayer::SDKQueueSnapUtils: ...
05-22 14:09:25.103639  1774  2449 D com.txznet.music.comm.core.SDKCore$3: ...
05-22 14:09:25.103639  1774  2449 D com.txznet.music.comm.core.SDKCore$3: , arr_artist_name=[KOKIA], pay_type=0, is_vip=1, authorized_type_id=0, duration=0}, AudioInfo{sid=15, id='32235907', name='丁香花', album_id='981768', album_sid=15, album_img='http://imge.kugou.com/stdmusic/480/20200927/20200927142830804007.jpg', album_name='丁香花', card_type=110, is_paid=0, arr_artist_name=[唐磊], pay_type=0, is_vip=0, authorized_type_id=0, duration=0}, AudioInfo{sid=15, id='346278494', name='Happy Ending', album_id='49984619', album_sid=15, album_img='http://imge.kugou.com/stdmusic/480/20211029/20211029144803542010.jpg', album_name='Happy Ending', card_type=110, is_paid=0, arr_artist_name=[Dept, nobody likes you pat, Ashley Alisha], pay_type=0, is_vip=1, authorized_type_id=0, duration=0}, AudioInfo{sid=15, id='251582771', name='SKYLINE', album_id='36651820', album_s
05-22 14:09:25.103639  1774  2449 D com.txznet.music.comm.core.SDKCore$3: ...[SDKCore.java:69]
05-22 14:09:25.104149  1774  2449 D com.txznet.music.comm.core.SDKCore$3: [com.txznet.music.comm.core.SDKCore$3::lambda$onConnect$0]ComposePlayer::SDKQueueSnapUtils: ...
05-22 14:09:25.104149  1774  2449 D com.txznet.music.comm.core.SDKCore$3: ...
05-22 14:09:25.104149  1774  2449 D com.txznet.music.comm.core.SDKCore$3: id=15, album_img='http://imge.kugou.com/stdmusic/480/20200317/20200317151108334831.jpg', album_name='화분 (Plant)', card_type=110, is_paid=0, arr_artist_name=[김세정], pay_type=0, is_vip=1, authorized_type_id=0, duration=0}, AudioInfo{sid=15, id='342920811', name='Why Do You Love Me', album_id='49554310', album_sid=15, album_img='http://imge.kugou.com/stdmusic/480/20211015/20211015151404773805.jpg', album_name='Love Is A Heart', card_type=110, is_paid=0, arr_artist_name=[서액터, Dept, Ashley Alisha, Sonny zero], pay_type=0, is_vip=1, authorized_type_id=0, duration=0}], initIndex=0, offset=0, pageSize=20, total=30}}
05-22 14:09:25.104149  1774  2449 D com.txznet.music.comm.core.SDKCore$3: [SDKCore.java:69]
05-22 14:09:25.106214  1466  1713 I ServiceManager: using oneway flag for command: comm.status.onEndMusic, target = com.geely.system.tts
05-22 14:09:25.107320  3657  3678 D com.txznet.comm.remote.ServiceHandlerBase: [com.txznet.comm.remote.ServiceHandlerBase::preInvoke]music:receive:handler:AIDL:com.geely.system.tts,from:com.txznet.txz/comm.status.onEndMusic[ServiceHandlerBase.java:2]
05-22 14:09:25.108574  3657  3678 I eely.system.tt: oneway function results will be dropped but finished with status OK and parcel size 8
05-22 14:09:25.108906  1466  1713 I ServiceManager: using oneway flag for command: comm.status.onEndMusic, target = com.txznet.center
05-22 14:09:25.109023  1466  2396 D TXZ::CLogIndexFile::addRecord: addRecord nTimeIndex=1684735200000000, nOffset=4344062, time=2023-05-22 14:00:00, record_size=519.[log_index_file.cpp:99]
05-22 14:09:25.109593  8688  8707 D a.e.a.b.d: [a.e.a.b.d::a]music:receive:handler:AIDL:com.txznet.center,from:com.txznet.txz/comm.status.onEndMusic[ServiceHandlerBase.java:2]
05-22 14:09:25.109669  1774  1774 D com.txznet.music.comm.core.SDKCore$3: [com.txznet.music.comm.core.SDKCore$3::lambda$onConnect$0]ComposePlayer::CoreCmdAdapter: syncMetadataToCore audio 青玉恋
05-22 14:09:25.109669  1774  1774 D com.txznet.music.comm.core.SDKCore$3: [SDKCore.java:69]
05-22 14:09:25.109740  1774 12139 D com.txznet.music.comm.core.SDKCore$3: [com.txznet.music.comm.core.SDKCore$3::lambda$onConnect$0]ComposePlayer::CoreCmdAdapter: syncPlaybackStateToCore isPlaying=false
05-22 14:09:25.109740  1774 12139 D com.txznet.music.comm.core.SDKCore$3: [SDKCore.java:69]
05-22 14:09:25.110335  8688  8707 I m.txznet.cente: oneway function results will be dropped but finished with status OK and parcel size 8
05-22 14:09:25.111043  1774  1891 I ServiceManager: using oneway flag for command: txz.music.inner.isPlaying, target = com.txznet.txz
05-22 14:09:25.111387  1774  1891 I ServiceManager: using oneway flag for command: txz.music.inner.musicModel, target = com.txznet.txz
05-22 14:09:25.112448  1466  1500 D com.txznet.comm.remote.ServiceHandlerBase: [com.txznet.comm.remote.ServiceHandlerBase::preInvoke]music:receive:handler:AIDL:com.txznet.txz,from:com.txznet.music/txz.music.inner.isPlaying[Proguard:2]
05-22 14:09:25.113246  1466  1500 D com.txznet.txz.O00000o.O0000oOo.O0000oo::O000000o: CORE:MUSIC:receiver:command:inner.isPlaying,from:com.txznet.music[Proguard:33]
05-22 14:09:25.113431  1466  1500 D com.txznet.txz.module.app.O0000Oo: [com.txznet.txz.module.app.O0000Oo::O0000o]NavThirdApp packageName:com.txznet.music[Proguard:1]
05-22 14:09:25.113605  1466  1500 D com.txznet.txz.component.music.txz.MusicTongTing::getMusicVersionCode: MusicTongTing::getMusicVersion 10000[Proguard:6]
05-22 14:09:25.113687  1466  1500 D com.txznet.txz.component.music.txz.MusicTongTing::log: MusicTongTing::update status(V440): PAUSED[Proguard:1]
05-22 14:09:25.113820  1466  1500 D xxxx    : [(MediaPriorityManager.java:1)#notifyPlayerStatusChange] notifyPlayerStatus:PAUSED
05-22 14:09:25.113906  1774 12141 D OkHttp  : <-- 200 https://tsp.rl.txzing.com/api/music/kugou/top/specific/rank_list (521ms)
05-22 14:09:25.113939  1466  1500 D xxxx    : [(MediaPriorityManager.java:1)#notifyPlayerStatusChange] notifyPlayerStatus:PAUSED
05-22 14:09:25.114000  1774 12141 D OkHttp  : date: Mon, 22 May 2023 06:09:25 GMT
05-22 14:09:25.114072  1774 12141 D OkHttp  : content-type: application/json
05-22 14:09:25.114143  1774 12141 D OkHttp  : vary: Accept-Encoding
05-22 14:09:25.114147  1466  1500 D com.txznet.txz.component.music.txz.MusicTongTing::onEndMusic: CORE:MUSIC:onEndMusic[Proguard:1]
05-22 14:09:25.114215  1774 12141 D OkHttp  : vary: Origin
05-22 14:09:25.114307  1466  1500 I com.txznet.txz: oneway function results will be dropped but finished with status OK and parcel size 8
05-22 14:09:25.114326  1774 12141 D OkHttp  : vary: Access-Control-Request-Method
05-22 14:09:25.114366  1774 12141 D OkHttp  : vary: Access-Control-Request-Headers
05-22 14:09:25.114494  1774 12141 D OkHttp  : x-content-type-options: nosniff
05-22 14:09:25.114534  1466  1500 D com.txznet.comm.remote.ServiceHandlerBase: [com.txznet.comm.remote.ServiceHandlerBase::preInvoke]music:receive:handler:AIDL:com.txznet.txz,from:com.txznet.music/txz.music.inner.musicModel[Proguard:2]
05-22 14:09:25.114534  1774 12141 D OkHttp  : x-xss-protection: 1; mode=block
05-22 14:09:25.114606  1774 12141 D OkHttp  : cache-control: no-cache, no-store, max-age=0, must-revalidate
05-22 14:09:25.114650  1466  1500 D com.txznet.txz.O00000o.O0000oOo.O0000oo::O000000o: CORE:MUSIC:receiver:command:inner.musicModel,from:com.txznet.music[Proguard:33]
05-22 14:09:25.114788  1466  1500 D com.txznet.txz.module.app.O0000Oo: [com.txznet.txz.module.app.O0000Oo::O0000o]NavThirdApp packageName:com.txznet.music[Proguard:1]
05-22 14:09:25.114873  1774 12141 D OkHttp  : pragma: no-cache
05-22 14:09:25.114920  1466  1500 D com.txznet.txz.component.music.txz.MusicTongTing::getMusicVersionCode: MusicTongTing::getMusicVersion 10000[Proguard:6]
05-22 14:09:25.114926  1774 12141 D OkHttp  : expires: 0
05-22 14:09:25.114999  1774 12141 D OkHttp  : x-frame-options: DENY
05-22 14:09:25.115030  1466  1500 I com.txznet.txz: oneway function results will be dropped but finished with status OK and parcel size 8
05-22 14:09:25.115062  1774  1774 D com.txznet.music.comm.core.SDKCore$3: [com.txznet.music.comm.core.SDKCore$3::lambda$onConnect$0]ComposePlayer::MediaClient: onExtrasChanged: 
05-22 14:09:25.115062  1774  1774 D com.txznet.music.comm.core.SDKCore$3: [SDKCore.java:69]
05-22 14:09:25.115289  1466  1713 I ServiceManager: using oneway flag for command: comm.status.onEndMusic, target = com.txznet.childrencompany
05-22 14:09:25.115410  1774 10931 D OkHttp  : {"err_code":"200","err_msg":"请求成功","trace_id":"39a45c17ccb156f3","data":{"audios":[{"sid":15,"id":"505926550","name":"不问ciaga (不问别离)","album_id":"71160073","album_img":"http://imge.kugou.com/stdmusic/480/20230504/20230504104114490933.jpg","mv_id":"","album_sid":15,"arr_artist_name":["指尖笑"],"is_paid":0,"card_type":108,"is_vip":0,"has_accompany":1},{"sid":15,"id":"64516304","name":"开往早晨的午夜","album_id":"1942047","album_img":"http://imge.kugou.com/stdmusic/480/20161209/20161209145720940129.jpg","mv_id":"7241519","album_sid":15,"arr_artist_name":["张碧晨"],"is_paid":0,"card_type":108,"is_vip":0,"has_accompany":1},{"sid":15,"id":"514116541","name":"字字句句 (Live)","album_id":"73178917","album_img":"http://imge.kugou.com/stdmusic/480/20230512/20230512120801584090.jpg","mv_id":"10913572","album_sid":15,"arr_artist_name":["张碧晨,王赫野"],"is_paid":0,"card_type":108,"is_vip":0,"has_accompany":1}],"total":500}}
05-22 14:09:25.115823  9540  9559 D com.txznet.comm.remote.ServiceHandlerBase: [com.txznet.comm.remote.ServiceHandlerBase::preInvoke]music:receive:handler:AIDL:com.txznet.childrencompany,from:com.txznet.txz/comm.status.onEndMusic[ServiceHandlerBase.java:38]
05-22 14:09:25.116123  9540  9559 I childrencompan: oneway function results will be dropped but finished with status OK and parcel size 8
05-22 14:09:25.117293  1774 10931 D OkHttp  : <-- END HTTP (968-byte body)
05-22 14:09:25.117653  1774 12141 D OkHttp  : {"err_code":"200","err_msg":"请求成功","trace_id":"aa45716f4ce1e18e","data":[{"rank_id":"6666","title":"飙升榜","img":"http://imge.kugou.com/mcommon/480/20190906/20190906162520714932.jpg","audios":[{"sid":15,"id":"514116541","name":"字字句句 (Live)","album_id":"73178917","album_img":"http://imge.kugou.com/stdmusic/480/20230512/20230512120801584090.jpg","mv_id":"10913572","album_sid":15,"arr_artist_name":["张碧晨,王赫野"],"card_type":108,"is_vip":0,"has_accompany":1},{"sid":15,"id":"331800033","name":"Dạ Vũ (夜舞)","album_id":"47949340","album_img":"http://imge.kugou.com/stdmusic/480/20210814/20210814081012715042.jpg","mv_id":"6551912","album_sid":15,"arr_artist_name":["Tăng Duy Tân,BAE"],"card_type":108,"is_vip":0,"has_accompany":1},{"sid":15,"id":"514943885","name":"第三人称 (哼唱版)","album_id":"73308293","album_img":"http://imge.kugou.com/stdmusic/480/20230516/20230516153324332137.jpg","mv_id":"","album_sid":15,"arr_artist_name":["葱香科学家"],"card_type":108,"is_vip":0,"has_accompany":1}]},{"rank_id":"8888","title":"TOP500","img":"http://imge.kugou.com/mcommon/480/20181019/20181019122513972113.jpg","audios":[{"sid":15,"id":"505926550","name":"不问ciaga (不问别离)","album_id":"71160073","album_img":"http://imge.kugou.com/stdmusic/480/20230504/20230504104114490933.jpg","mv_id":"","album_sid":15,"arr_artist_name":["指尖笑"],"card_type":108,"is_vip":0,"has_accompany":1},{"sid":15,"id":"64516304","name":"开往早晨的午夜","album_id":"1942047","album_img":"http://imge.kugou.com/stdmusic/480/20161209/20161209145720940129.jpg","mv_id":"7241519","album_sid":15,"arr_artist_name":["张碧晨"],"card_type":108,"is_vip":0,"has_accompany":1},{"sid":15,"id":"514116541","name":"字字句句 (Live)","album_id":"73178917","album_img":"http://imge.kugou.com/stdmusic/480/20230512/20230512120801584090.jpg","mv_id":"10913572","album_sid":15,"arr_artist_name":["张碧晨,王赫野"],"card_type":108,"is_vip":0,"has_accompany":1}]},{"rank_id":"59703","title":"蜂鸟流行音乐榜","img":"http://imge.kugou.com/mcommon/480/20220623/20220623150917121716.png","audios":[{"sid":15,"id":"505926550","name":"不问ciaga (不问别离)","album_id":"71160073","album_img":"http://imge.kugou.com/stdmusic/480/20230504/20230504104114490933.jpg","mv_id":"","album_sid":15,"arr_artist_name":["指尖笑"],"card_type":108,"is_vip":0,"has_accompany":1},{"sid":15,"id":"54929287","name":"HEAVEN (Original Version)","album_id":"1990908","album_img":"http://imge.kugou.com/stdmusic/480/20160907/20160907170814649677.jpg","mv_id":"601145","album_sid":15,"arr_artist_name":["Ailee"],"card_type":108,"is_vip":1,"has_accompany":1},{"sid":15,"id":"484173011","name":"If We Ever Broke Up","album_id":"68302362","album_img":"http://imge.kugou.com/stdmusic/480/20230210/20230210083413709793.jpg","mv_id":"10247715","album_sid":15,"arr_artist_name":["Mae Stephens"],"card_type":108,"is_vip":0,"has_accompany":1}]}]}
05-22 14:09:25.117763  1774 12141 D OkHttp  : <-- END HTTP (2954-byte body)
05-22 14:09:25.119047  1774 10931 D com.txznet.music.comm.core.SDKCore$3: [com.txznet.music.comm.core.SDKCore$3::lambda$onConnect$0]ComposePlayer::加载成功: 8888
05-22 14:09:25.119047  1774 10931 D com.txznet.music.comm.core.SDKCore$3: [SDKCore.java:69]
05-22 14:09:25.121008   848   848 E mytest2 :  type = 2 mList.sze = 10 com.txznet.music
05-22 14:09:25.121211   848   848 I chatty  : uid=10101(com.bicv.e04) com.android.systemui identical 1 line
05-22 14:09:25.121280   848   848 E mytest2 :  type = 2 mList.sze = 10 com.txznet.music
05-22 14:09:25.123740  1774 10931 D OkHttp  : --> GET https://tsp.rl.txzing.com/api/music/audio/list?album_sid=15&album_id=6666&card_type=108&offset=0&limit=3
05-22 14:09:25.124116  1774 10931 D OkHttp  : _rt: 1684735765121
05-22 14:09:25.124191  1774 10931 D OkHttp  : app_id: 25b5bf3185a9fae59ee80ab1d4561947
05-22 14:09:25.124252  1774 10931 D OkHttp  : nonce: 69c86063428341669798b1f884e8fe3c
05-22 14:09:25.124316  1774 10931 D OkHttp  : sign: f5ea2a27561cbf61928a3c2564d5b3b7
05-22 14:09:25.124382  1774 10931 D OkHttp  : uid: 121182923
05-22 14:09:25.124475  1774 10931 D OkHttp  : token: eyJ2IjoiMS4wIiwiYWxnIjoiSFMyNTYifQ.eyJ1aWQiOiIxMjExODI5MjMiLCJwaG9uZSI6IjE3NTUyNzM0OTkyIiwidG9rZW5UeXBlIjoiREVGQVVMVF9UT0tFTiIsImFpZCI6IjQyNDE4MSIsImV4cCI6MTcwMDI4NjU4M30.vrDj6UL7ioVwyVLZv-Dl-XEDZKU7LbCg4Abul3JeIKU
05-22 14:09:25.124558  1774 10931 D OkHttp  : idempotent-token: d77160af-e71b-4a2e-8534-705ce86d9df7
05-22 14:09:25.124611  1774 10931 D OkHttp  : Os: android
05-22 14:09:25.124672  1774 10931 D OkHttp  : AppVersion: 2.2.6
05-22 14:09:25.124749  1774 10931 D OkHttp  : AppVersionCode: 10000
05-22 14:09:25.124822  1774 10931 D OkHttp  : --> END GET
05-22 14:09:25.125028  1466  1713 I ServiceManager: using oneway flag for command: comm.status.onEndMusic, target = com.txznet.music
05-22 14:09:25.125175   848   848 E mytest2 :  type = 1 mList.sze = 10 com.jsbd.btphone
05-22 14:09:25.125331  1774  1774 D com.txznet.music.comm.core.SDKCore$3: [com.txznet.music.comm.core.SDKCore$3::lambda$onConnect$0]ComposePlayer::PlayControl: EXTRA_KEY_TOTAL 30
05-22 14:09:25.125331  1774  1774 D com.txznet.music.comm.core.SDKCore$3: [SDKCore.java:69]
05-22 14:09:25.125336  1466  1713 I ServiceManager: using oneway flag for command: comm.status.onEndMusic, target = com.txznet.adapter
05-22 14:09:25.125597  1774  1801 D com.txznet.comm.remote.ServiceHandlerBase: [com.txznet.comm.remote.ServiceHandlerBase::preInvoke]music:receive:handler:AIDL:com.txznet.music,from:com.txznet.txz/comm.status.onEndMusic[ServiceHandlerBase.java:38]
05-22 14:09:25.125833  8666  8685 I .txznet.adapte: oneway function results will be dropped but finished with status OK and parcel size 8
05-22 14:09:25.125984  1774  1801 I om.txznet.musi: oneway function results will be dropped but finished with status OK and parcel size 8
05-22 14:09:25.126940  1774  1774 D addOnOffsetChanged:: 0.0offset    -296
05-22 14:09:25.127016  1774  1774 D MainActivity: isTitleClosed:true
05-22 14:09:25.127283  1466  1713 I ServiceManager: using oneway flag for command: comm.status.onEndMusic, target = com.txznet.txz
05-22 14:09:25.127645  1466  1713 D com.txznet.comm.remote.ServiceHandlerBase: [com.txznet.comm.remote.ServiceHandlerBase::preInvoke]music:receive:handler:AIDL:com.txznet.txz,from:com.txznet.txz/comm.status.onEndMusic[Proguard:2]
05-22 14:09:25.127916  1466  1713 I ServiceManager: using oneway flag for command: comm.status.onEndMusic, target = com.txznet.txzsetting
05-22 14:09:25.128343   848   848 E mytest2 :  type = 1 mList.sze = 10 com.jsbd.btphone
05-22 14:09:25.128432  2358  5531 D TXZ     : music:receive:handler:AIDL:com.txznet.txzsetting,from:com.txznet.txz/comm.status.onEndMusic
05-22 14:09:25.128457   848   848 E mytest2 :  type = 1 mList.sze = 10 com.mojiweather
05-22 14:09:25.128494   848   848 E mytest2 :  type = 1 mList.sze = 10 com.mojiweather
05-22 14:09:25.128532   848   848 E mytest2 :  type = 1 mList.sze = 10 com.jsbd.btphone
05-22 14:09:25.128584   848   848 E mytest2 :  type = 1 mList.sze = 10 com.mojiweather
05-22 14:09:25.128746  2358  5531 I znet.txzsettin: oneway function results will be dropped but finished with status OK and parcel size 8
05-22 14:09:25.129129   848   848 E mytest2 :  type = 1 mList.sze = 10 com.txznet.center
05-22 14:09:25.129180   848   848 E mytest2 :  type = 1 mList.sze = 10 com.txznet.center
05-22 14:09:25.129211   848   848 E mytest2 :  type = 1 mList.sze = 10 com.jsbd.newenergy
05-22 14:09:25.129280   848   848 E mytest2 :  type = 1 mList.sze = 10 com.jsbd.newenergy
05-22 14:09:25.129317   848   848 E mytest2 :  type = 1 mList.sze = 10 com.txznet.center
05-22 14:09:25.129369   848   848 E mytest2 :  type = 1 mList.sze = 10 com.jsbd.newenergy
05-22 14:09:25.129634   848   848 E mytest2 :  type = 2 mList.sze = 10 com.txznet.music
05-22 14:09:25.129698   848   848 I chatty  : uid=10101(com.bicv.e04) com.android.systemui identical 1 line
05-22 14:09:25.129726   848   848 E mytest2 :  type = 2 mList.sze = 10 com.txznet.music
05-22 14:09:25.129774   848   848 E mytest2 :  type = 1 mList.sze = 10 com.jsbd.btphone
05-22 14:09:25.129819   848   848 E mytest2 :  type = 1 mList.sze = 10 com.jsbd.btphone
05-22 14:09:25.129864   848   848 E mytest2 :  type = 1 mList.sze = 10 com.mojiweather
05-22 14:09:25.129919   848   848 E mytest2 :  type = 1 mList.sze = 10 com.mojiweather
05-22 14:09:25.130043   848   848 E mytest2 :  type = 1 mList.sze = 10 com.jsbd.btphone
05-22 14:09:25.130075   848   848 E mytest2 :  type = 1 mList.sze = 10 com.mojiweather
05-22 14:09:25.130155   848   848 E mytest2 :  type = 1 mList.sze = 10 com.txznet.center
05-22 14:09:25.130185   848   848 E mytest2 :  type = 1 mList.sze = 10 com.txznet.center
05-22 14:09:25.130240   848   848 E mytest2 :  type = 1 mList.sze = 10 com.jsbd.newenergy
05-22 14:09:25.130287   848   848 E mytest2 :  type = 1 mList.sze = 10 com.jsbd.newenergy
05-22 14:09:25.130367   848   848 E mytest2 :  type = 1 mList.sze = 10 com.txznet.center
05-22 14:09:25.130405   848   848 E mytest2 :  type = 1 mList.sze = 10 com.jsbd.newenergy
05-22 14:09:25.130605   848   848 E mytest2 :  type = 2 mList.sze = 10 com.txznet.music
05-22 14:09:25.130638   848   848 I chatty  : uid=10101(com.bicv.e04) com.android.systemui identical 1 line
05-22 14:09:25.130692   848   848 E mytest2 :  type = 2 mList.sze = 10 com.txznet.music
05-22 14:09:25.130780   848   848 E mytest2 :  type = 1 mList.sze = 10 com.jsbd.btphone
05-22 14:09:25.130822   848   848 E mytest2 :  type = 1 mList.sze = 10 com.jsbd.btphone
05-22 14:09:25.130870   848   848 E mytest2 :  type = 1 mList.sze = 10 com.mojiweather
05-22 14:09:25.130914   848   848 E mytest2 :  type = 1 mList.sze = 10 com.mojiweather
05-22 14:09:25.131096   848   848 E mytest2 :  type = 1 mList.sze = 10 com.jsbd.btphone
05-22 14:09:25.131129   848   848 E mytest2 :  type = 1 mList.sze = 10 com.mojiweather
05-22 14:09:25.131252   848   848 E mytest2 :  type = 1 mList.sze = 10 com.txznet.center
05-22 14:09:25.131280   848   848 E mytest2 :  type = 1 mList.sze = 10 com.txznet.center
05-22 14:09:25.131310   848   848 E mytest2 :  type = 1 mList.sze = 10 com.jsbd.newenergy
05-22 14:09:25.131357   848   848 E mytest2 :  type = 1 mList.sze = 10 com.jsbd.newenergy
05-22 14:09:25.131417   848   848 E mytest2 :  type = 1 mList.sze = 10 com.txznet.center
05-22 14:09:25.131462   848   848 E mytest2 :  type = 1 mList.sze = 10 com.jsbd.newenergy
05-22 14:09:25.131620   848   848 E mytest2 :  type = 2 mList.sze = 10 com.txznet.music
05-22 14:09:25.131654   848   848 I chatty  : uid=10101(com.bicv.e04) com.android.systemui identical 1 line
05-22 14:09:25.131701   848   848 E mytest2 :  type = 2 mList.sze = 10 com.txznet.music
05-22 14:09:25.131757   848   848 E mytest2 :  type = 1 mList.sze = 10 com.jsbd.btphone
05-22 14:09:25.131815   848   848 E mytest2 :  type = 1 mList.sze = 10 com.jsbd.btphone
05-22 14:09:25.131861   848   848 E mytest2 :  type = 1 mList.sze = 10 com.mojiweather
05-22 14:09:25.132061   848   848 E mytest2 :  type = 1 mList.sze = 10 com.mojiweather
05-22 14:09:25.132095   848   848 E mytest2 :  type = 1 mList.sze = 10 com.jsbd.btphone
05-22 14:09:25.132118   848   848 E mytest2 :  type = 1 mList.sze = 10 com.mojiweather
05-22 14:09:25.132179   848   848 E mytest2 :  type = 1 mList.sze = 10 com.txznet.center
05-22 14:09:25.132229   848   848 E mytest2 :  type = 1 mList.sze = 10 com.txznet.center
05-22 14:09:25.132280   848   848 E mytest2 :  type = 1 mList.sze = 10 com.jsbd.newenergy
05-22 14:09:25.132336   848   848 E mytest2 :  type = 1 mList.sze = 10 com.jsbd.newenergy
05-22 14:09:25.132395   848   848 E mytest2 :  type = 1 mList.sze = 10 com.txznet.center
05-22 14:09:25.132470   848   848 E mytest2 :  type = 1 mList.sze = 10 com.jsbd.newenergy
05-22 14:09:25.139218  1466  1713 I ServiceManager: using oneway flag for command: comm.status.onEndMusic, target = com.geely.system.tts
05-22 14:09:25.139655  1466  1713 I ServiceManager: using oneway flag for command: comm.status.onEndMusic, target = com.txznet.center
05-22 14:09:25.140123  8688  8707 D a.e.a.b.d: [a.e.a.b.d::a]music:receive:handler:AIDL:com.txznet.center,from:com.txznet.txz/comm.status.onEndMusic[ServiceHandlerBase.java:2]
05-22 14:09:25.139934  3657  3678 D com.txznet.comm.remote.ServiceHandlerBase: [com.txznet.comm.remote.ServiceHandlerBase::preInvoke]music:receive:handler:AIDL:com.geely.system.tts,from:com.txznet.txz/comm.status.onEndMusic[ServiceHandlerBase.java:2]
05-22 14:09:25.140608  8688  8707 I m.txznet.cente: oneway function results will be dropped but finished with status OK and parcel size 8
05-22 14:09:25.141316  3657  3678 I eely.system.tt: oneway function results will be dropped but finished with status OK and parcel size 8
05-22 14:09:25.161305   327   379 D McuUtils: dumpFrame:41 mcu read=[55,aa,03,06,0b,04,00,00,00,00,eb]
05-22 14:09:25.161386   327   379 I McuSerialComm: readRun:297, mainCmdId= 0xb ,subCmd = 0x4, datalen: 3
05-22 14:09:25.161440   327   376 I McuManager: processMessage, cmdCtrl = 0x3 ,mainCmdId = 0xb ,subCmdId = 0x4 ,datalen: 3
05-22 14:09:25.161479   327   376 D McuUtils: dumpFrame:41 mcu send=[55,aa,00,03,0b,04,00,ee]
05-22 14:09:25.161500   327   376 I CarBodyManager: processMessage, mainCmdId = 0xb ,subCmdId = 0x4,body size = 3,body length = 3
05-22 14:09:25.161519   327   376 I CarBodyManager: processMessage, mcu(0x0B) readId = 0x0b04, mainCmdId = 0xb ,subCmdId = 0x4 , datalen = 3
05-22 14:09:25.161554   327   376 E CarBodyManager: processMessage: no configs for this mcuId(0x0B) = 0x0b04 !!!
05-22 14:09:25.162370  1774  1774 D MainActivity: playerType : 0
05-22 14:09:25.165381  1774  1774 D com.txznet.music.comm.core.SDKCore$3: [com.txznet.music.comm.core.SDKCore$3::lambda$onConnect$0]ComposePlayer::MusicWidget : updateWidget
05-22 14:09:25.165381  1774  1774 D com.txznet.music.comm.core.SDKCore$3: [SDKCore.java:69]
05-22 14:09:25.169098  1774 12148 D com.txznet.music.comm.core.SDKCore$3: [com.txznet.music.comm.core.SDKCore$3::lambda$onConnect$0]ComposePlayer::CoreCmdAdapter: syncPlaybackStateToCore isPlaying=false
05-22 14:09:25.169098  1774 12148 D com.txznet.music.comm.core.SDKCore$3: [SDKCore.java:69]
05-22 14:09:25.169430  1774  1891 I ServiceManager: using oneway flag for command: txz.music.inner.isPlaying, target = com.txznet.txz
05-22 14:09:25.169590  1774  1774 D com.txznet.music.comm.core.SDKCore$3: [com.txznet.music.comm.core.SDKCore$3::lambda$onConnect$0]ComposePlayer::CoreCmdAdapter: syncMetadataToCore audio 青玉恋
05-22 14:09:25.169590  1774  1774 D com.txznet.music.comm.core.SDKCore$3: [SDKCore.java:69]
05-22 14:09:25.170420  1774  1891 I ServiceManager: using oneway flag for command: txz.music.inner.musicModel, target = com.txznet.txz
05-22 14:09:25.173494  1466  1500 D com.txznet.comm.remote.ServiceHandlerBase: [com.txznet.comm.remote.ServiceHandlerBase::preInvoke]music:receive:handler:AIDL:com.txznet.txz,from:com.txznet.music/txz.music.inner.isPlaying[Proguard:2]
05-22 14:09:25.174064  1466  1500 D com.txznet.txz.O00000o.O0000oOo.O0000oo::O000000o: CORE:MUSIC:receiver:command:inner.isPlaying,from:com.txznet.music[Proguard:33]
05-22 14:09:25.174403  1466  1500 D com.txznet.txz.module.app.O0000Oo: [com.txznet.txz.module.app.O0000Oo::O0000o]NavThirdApp packageName:com.txznet.music[Proguard:1]
05-22 14:09:25.174659  1466  1500 D com.txznet.txz.component.music.txz.MusicTongTing::getMusicVersionCode: MusicTongTing::getMusicVersion 10000[Proguard:6]
05-22 14:09:25.174747  1466  1500 D com.txznet.txz.component.music.txz.MusicTongTing::log: MusicTongTing::update status(V440): PAUSED[Proguard:1]
05-22 14:09:25.174928  1466  1500 D xxxx    : [(MediaPriorityManager.java:1)#notifyPlayerStatusChange] notifyPlayerStatus:PAUSED
05-22 14:09:25.175143  1466  1500 D xxxx    : [(MediaPriorityManager.java:1)#notifyPlayerStatusChange] notifyPlayerStatus:PAUSED
05-22 14:09:25.175245  1466  1500 D com.txznet.txz.component.music.txz.MusicTongTing::onEndMusic: CORE:MUSIC:onEndMusic[Proguard:1]
05-22 14:09:25.175424  1466  1500 I com.txznet.txz: oneway function results will be dropped but finished with status OK and parcel size 8
05-22 14:09:25.175585  1466  1713 I ServiceManager: using oneway flag for command: comm.status.onEndMusic, target = com.txznet.childrencompany
05-22 14:09:25.175876  1466  7810 D com.txznet.comm.remote.ServiceHandlerBase: [com.txznet.comm.remote.ServiceHandlerBase::preInvoke]music:receive:handler:AIDL:com.txznet.txz,from:com.txznet.music/txz.music.inner.musicModel[Proguard:2]
05-22 14:09:25.176083  1466  7810 D com.txznet.txz.O00000o.O0000oOo.O0000oo::O000000o: CORE:MUSIC:receiver:command:inner.musicModel,from:com.txznet.music[Proguard:33]
05-22 14:09:25.176404  1466  7810 D com.txznet.txz.module.app.O0000Oo: [com.txznet.txz.module.app.O0000Oo::O0000o]NavThirdApp packageName:com.txznet.music[Proguard:1]
05-22 14:09:25.176558  1466  1713 I ServiceManager: using oneway flag for command: comm.status.onEndMusic, target = com.txznet.music
05-22 14:09:25.176642  1466  7810 D com.txznet.txz.component.music.txz.MusicTongTing::getMusicVersionCode: MusicTongTing::getMusicVersion 10000[Proguard:6]
05-22 14:09:25.176782  1466  7810 I com.txznet.txz: oneway function results will be dropped but finished with status OK and parcel size 8
05-22 14:09:25.176790  1774  1774 D com.txznet.music.comm.core.SDKCore$3: [com.txznet.music.comm.core.SDKCore$3::lambda$onConnect$0]ComposePlayer::postSuccess [AlbumInfo{id='6666', title='飙升榜', img='http://imge.kugou.com/mcommon/480/20190906/20190906162520714932.jpg', short_intro='null', play_count=0, track_count=0, sid=0, card_type=0, is_vip=0, is_paid=0, pay_type=0, subscribe=false}, AlbumInfo{id='8888', title='TOP500', img='http://imge.kugou.com/mcommon/480/20181019/20181019122513972113.jpg', short_intro='null', play_count=0, track_count=0, sid=0, card_type=0, is_vip=0, is_paid=0, pay_type=0, subscribe=false}, AlbumInfo{id='59703', title='蜂鸟流行音乐榜', img='http://imge.kugou.com/mcommon/480/20220623/20220623150917121716.png', short_intro='null', play_count=0, track_count=0, sid=0, card_type=0, is_vip=0, is_paid=0, pay_type=0, subscribe=false}]
05-22 14:09:25.176790  1774  1774 D com.txznet.music.comm.core.SDKCore$3: [SDKCore.java:69]
05-22 14:09:25.176941  1466  1713 I ServiceManager: using oneway flag for command: comm.status.onEndMusic, target = com.txznet.adapter
05-22 14:09:25.177053  1774  1801 D com.txznet.music.comm.core.SDKCore$3: [com.txznet.music.comm.core.SDKCore$3::lambda$onConnect$0]music:receive:handler:AIDL:com.txznet.music,from:com.txznet.txz/comm.status.onEndMusic[SDKCore.java:69]
05-22 14:09:25.177318  1466  1713 I ServiceManager: using oneway flag for command: comm.status.onEndMusic, target = com.txznet.txz
05-22 14:09:25.177390  9540  9559 D com.txznet.comm.remote.ServiceHandlerBase: [com.txznet.comm.remote.ServiceHandlerBase::preInvoke]music:receive:handler:AIDL:com.txznet.childrencompany,from:com.txznet.txz/comm.status.onEndMusic[ServiceHandlerBase.java:38]
05-22 14:09:25.177520  1774  1801 I om.txznet.musi: oneway function results will be dropped but finished with status OK and parcel size 8
05-22 14:09:25.178106  8666  8685 I .txznet.adapte: oneway function results will be dropped but finished with status OK and parcel size 8
05-22 14:09:25.178256  1466  1713 D com.txznet.comm.remote.ServiceHandlerBase: [com.txznet.comm.remote.ServiceHandlerBase::preInvoke]music:receive:handler:AIDL:com.txznet.txz,from:com.txznet.txz/comm.status.onEndMusic[Proguard:2]
05-22 14:09:25.178402  9540  9559 I childrencompan: oneway function results will be dropped but finished with status OK and parcel size 8
05-22 14:09:25.178570  1466  1713 I ServiceManager: using oneway flag for command: comm.status.onEndMusic, target = com.txznet.txzsetting
05-22 14:09:25.179078  2358  5531 D TXZ     : music:receive:handler:AIDL:com.txznet.txzsetting,from:com.txznet.txz/comm.status.onEndMusic
05-22 14:09:25.179292  2358  5531 I znet.txzsettin: oneway function results will be dropped but finished with status OK and parcel size 8
05-22 14:09:25.181245  1466  1713 I ServiceManager: using oneway flag for command: comm.status.onEndMusic, target = com.geely.system.tts
05-22 14:09:25.181613  1466  1713 I ServiceManager: using oneway flag for command: comm.status.onEndMusic, target = com.txznet.center
05-22 14:09:25.181822  3657  3678 D com.txznet.comm.remote.ServiceHandlerBase: [com.txznet.comm.remote.ServiceHandlerBase::preInvoke]music:receive:handler:AIDL:com.geely.system.tts,from:com.txznet.txz/comm.status.onEndMusic[ServiceHandlerBase.java:2]
05-22 14:09:25.182185  3657  3678 I eely.system.tt: oneway function results will be dropped but finished with status OK and parcel size 8
05-22 14:09:25.182182  8688  8707 D a.e.a.b.d: [a.e.a.b.d::a]music:receive:handler:AIDL:com.txznet.center,from:com.txznet.txz/comm.status.onEndMusic[ServiceHandlerBase.java:2]
05-22 14:09:25.182551  8688  8707 I m.txznet.cente: oneway function results will be dropped but finished with status OK and parcel size 8
05-22 14:09:25.201669   848   848 E mytest2 :  type = 2 mList.sze = 10 com.txznet.music
05-22 14:09:25.201786   848   848 E mytest2 :  type = 2 mList.sze = 10 com.txznet.music
05-22 14:09:25.202120  1774  1774 D addOnOffsetChanged:: 0.0offset    -296
05-22 14:09:25.202183  1774  1774 D MainActivity: isTitleClosed:true
05-22 14:09:25.201821   848   848 E mytest2 :  type = 2 mList.sze = 10 com.txznet.music
05-22 14:09:25.205351   848   848 E mytest2 :  type = 1 mList.sze = 10 com.jsbd.btphone
05-22 14:09:25.205541   848   848 E mytest2 :  type = 1 mList.sze = 10 com.jsbd.btphone
05-22 14:09:25.205609   848   848 E mytest2 :  type = 1 mList.sze = 10 com.mojiweather
05-22 14:09:25.205653   848   848 E mytest2 :  type = 1 mList.sze = 10 com.mojiweather
05-22 14:09:25.205691   848   848 E mytest2 :  type = 1 mList.sze = 10 com.jsbd.btphone
05-22 14:09:25.205782   848   848 E mytest2 :  type = 1 mList.sze = 10 com.mojiweather
05-22 14:09:25.206080   848   848 E mytest2 :  type = 1 mList.sze = 10 com.txznet.center
05-22 14:09:25.206120   848   848 E mytest2 :  type = 1 mList.sze = 10 com.txznet.center
05-22 14:09:25.206188   848   848 E mytest2 :  type = 1 mList.sze = 10 com.jsbd.newenergy
05-22 14:09:25.206262   848   848 E mytest2 :  type = 1 mList.sze = 10 com.jsbd.newenergy
05-22 14:09:25.206360   848   848 E mytest2 :  type = 1 mList.sze = 10 com.txznet.center
05-22 14:09:25.206394   848   848 E mytest2 :  type = 1 mList.sze = 10 com.jsbd.newenergy
05-22 14:09:25.206763   848   848 E mytest2 :  type = 2 mList.sze = 10 com.txznet.music
05-22 14:09:25.206827   848   848 I chatty  : uid=10101(com.bicv.e04) com.android.systemui identical 1 line
05-22 14:09:25.206929   848   848 E mytest2 :  type = 2 mList.sze = 10 com.txznet.music
05-22 14:09:25.207051   848   848 E mytest2 :  type = 1 mList.sze = 10 com.jsbd.btphone
05-22 14:09:25.207147   848   848 E mytest2 :  type = 1 mList.sze = 10 com.jsbd.btphone
05-22 14:09:25.207242   848   848 E mytest2 :  type = 1 mList.sze = 10 com.mojiweather
05-22 14:09:25.207377   848   848 E mytest2 :  type = 1 mList.sze = 10 com.mojiweather
05-22 14:09:25.207457   848   848 E mytest2 :  type = 1 mList.sze = 10 com.jsbd.btphone
05-22 14:09:25.207586   848   848 E mytest2 :  type = 1 mList.sze = 10 com.mojiweather
05-22 14:09:25.212114  1466  1496 I com.txznet.txz: Background concurrent copying GC freed 7760(1170KB) AllocSpace objects, 70(17MB) LOS objects, 49% free, 11MB/22MB, paused 115us total 117.856ms
05-22 14:09:25.213021   848   848 E mytest2 :  type = 1 mList.sze = 10 com.txznet.center
05-22 14:09:25.213157   848   848 E mytest2 :  type = 1 mList.sze = 10 com.txznet.center
05-22 14:09:25.213191   848   848 E mytest2 :  type = 1 mList.sze = 10 com.jsbd.newenergy
05-22 14:09:25.213236   848   848 E mytest2 :  type = 1 mList.sze = 10 com.jsbd.newenergy
05-22 14:09:25.213295   848   848 E mytest2 :  type = 1 mList.sze = 10 com.txznet.center
05-22 14:09:25.213349   848   848 E mytest2 :  type = 1 mList.sze = 10 com.jsbd.newenergy
05-22 14:09:25.213678   848   848 E mytest2 :  type = 2 mList.sze = 10 com.txznet.music
05-22 14:09:25.213729   848   848 I chatty  : uid=10101(com.bicv.e04) com.android.systemui identical 1 line
05-22 14:09:25.213778   848   848 E mytest2 :  type = 2 mList.sze = 10 com.txznet.music
05-22 14:09:25.213851   848   848 E mytest2 :  type = 1 mList.sze = 10 com.jsbd.btphone
05-22 14:09:25.213904   848   848 E mytest2 :  type = 1 mList.sze = 10 com.jsbd.btphone
05-22 14:09:25.213981   848   848 E mytest2 :  type = 1 mList.sze = 10 com.mojiweather
05-22 14:09:25.214082   848   848 E mytest2 :  type = 1 mList.sze = 10 com.mojiweather
05-22 14:09:25.214112   848   848 E mytest2 :  type = 1 mList.sze = 10 com.jsbd.btphone
05-22 14:09:25.214159   848   848 E mytest2 :  type = 1 mList.sze = 10 com.mojiweather
05-22 14:09:25.214259   848   848 E mytest2 :  type = 1 mList.sze = 10 com.txznet.center
05-22 14:09:25.214303   848   848 E mytest2 :  type = 1 mList.sze = 10 com.txznet.center
05-22 14:09:25.214350   848   848 E mytest2 :  type = 1 mList.sze = 10 com.jsbd.newenergy
05-22 14:09:25.214391   848   848 E mytest2 :  type = 1 mList.sze = 10 com.jsbd.newenergy
05-22 14:09:25.214435   848   848 E mytest2 :  type = 1 mList.sze = 10 com.txznet.center
05-22 14:09:25.214476   848   848 E mytest2 :  type = 1 mList.sze = 10 com.jsbd.newenergy
05-22 14:09:25.214631   848   848 E mytest2 :  type = 2 mList.sze = 10 com.txznet.music
05-22 14:09:25.214668   848   848 I chatty  : uid=10101(com.bicv.e04) com.android.systemui identical 1 line
05-22 14:09:25.214724   848   848 E mytest2 :  type = 2 mList.sze = 10 com.txznet.music
05-22 14:09:25.214766   848   848 E mytest2 :  type = 1 mList.sze = 10 com.jsbd.btphone
05-22 14:09:25.214799   848   848 E mytest2 :  type = 1 mList.sze = 10 com.jsbd.btphone
05-22 14:09:25.214842   848   848 E mytest2 :  type = 1 mList.sze = 10 com.mojiweather
05-22 14:09:25.214889   848   848 E mytest2 :  type = 1 mList.sze = 10 com.mojiweather
05-22 14:09:25.214931   848   848 E mytest2 :  type = 1 mList.sze = 10 com.jsbd.btphone
05-22 14:09:25.214994   848   848 E mytest2 :  type = 1 mList.sze = 10 com.mojiweather
05-22 14:09:25.215051   848   848 E mytest2 :  type = 1 mList.sze = 10 com.txznet.center
05-22 14:09:25.215091   848   848 E mytest2 :  type = 1 mList.sze = 10 com.txznet.center
05-22 14:09:25.215135   848   848 E mytest2 :  type = 1 mList.sze = 10 com.jsbd.newenergy
05-22 14:09:25.215183   848   848 E mytest2 :  type = 1 mList.sze = 10 com.jsbd.newenergy
05-22 14:09:25.215244   848   848 E mytest2 :  type = 1 mList.sze = 10 com.txznet.center
05-22 14:09:25.215306   848   848 E mytest2 :  type = 1 mList.sze = 10 com.jsbd.newenergy
05-22 14:09:25.229198  1774  1774 D addOnOffsetChanged:: 0.0offset    -296
05-22 14:09:25.229324  1774  1774 D MainActivity: isTitleClosed:true
05-22 14:09:25.261180   327   379 D McuUtils: dumpFrame:41 mcu read=[55,aa,03,06,0b,04,00,00,00,00,eb]
05-22 14:09:25.261322   327   379 I McuSerialComm: readRun:297, mainCmdId= 0xb ,subCmd = 0x4, datalen: 3
05-22 14:09:25.261403   327   376 I McuManager: processMessage, cmdCtrl = 0x3 ,mainCmdId = 0xb ,subCmdId = 0x4 ,datalen: 3
05-22 14:09:25.261457   327   376 D McuUtils: dumpFrame:41 mcu send=[55,aa,00,03,0b,04,00,ee]
05-22 14:09:25.261486   327   376 I CarBodyManager: processMessage, mainCmdId = 0xb ,subCmdId = 0x4,body size = 3,body length = 3
05-22 14:09:25.261505   327   376 I CarBodyManager: processMessage, mcu(0x0B) readId = 0x0b04, mainCmdId = 0xb ,subCmdId = 0x4 , datalen = 3
05-22 14:09:25.261548   327   376 E CarBodyManager: processMessage: no configs for this mcuId(0x0B) = 0x0b04 !!!
05-22 14:09:25.264478  1774  1774 D addOnOffsetChanged:: 0.0offset    -296
05-22 14:09:25.264454   327   379 D McuUtils: dumpFrame:41 mcu read=[55,aa,03,04,0b,80,00,00,71]
05-22 14:09:25.264600   327   379 I McuSerialComm: readRun:297, mainCmdId= 0xb ,subCmd = 0x80, datalen: 1
05-22 14:09:25.264605  1774  1774 D MainActivity: isTitleClosed:true
05-22 14:09:25.264698   327   376 I McuManager: processMessage, cmdCtrl = 0x3 ,mainCmdId = 0xb ,subCmdId = 0x80 ,datalen: 1
05-22 14:09:25.264767   327   376 D McuUtils: dumpFrame:41 mcu send=[55,aa,00,03,0b,80,00,72]
05-22 14:09:25.264808   327   376 I CarBodyManager: processMessage, mainCmdId = 0xb ,subCmdId = 0x80,body size = 1,body length = 1
05-22 14:09:25.264836   327   376 I CarBodyManager: processMessage, mcu(0x0B) readId = 0x0b80, mainCmdId = 0xb ,subCmdId = 0x80 , datalen = 1
05-22 14:09:25.264908   327   376 E CarBodyManager: processMessage: no configs for this mcuId(0x0B) = 0x0b80 !!!
05-22 14:09:25.286466  1774  1774 D addOnOffsetChanged:: 0.0offset    -296
05-22 14:09:25.286614  1774  1774 D MainActivity: isTitleClosed:true
05-22 14:09:25.292210   327   379 D McuUtils: dumpFrame:41 mcu read=[55,aa,03,06,0b,04,00,00,00,00,eb]
05-22 14:09:25.292341   327   379 I McuSerialComm: readRun:297, mainCmdId= 0xb ,subCmd = 0x4, datalen: 3
05-22 14:09:25.292447   327   376 I McuManager: processMessage, cmdCtrl = 0x3 ,mainCmdId = 0xb ,subCmdId = 0x4 ,datalen: 3
05-22 14:09:25.292521   327   376 D McuUtils: dumpFrame:41 mcu send=[55,aa,00,03,0b,04,00,ee]
05-22 14:09:25.292565   327   376 I CarBodyManager: processMessage, mainCmdId = 0xb ,subCmdId = 0x4,body size = 3,body length = 3
05-22 14:09:25.292585   327   376 I CarBodyManager: processMessage, mcu(0x0B) readId = 0x0b04, mainCmdId = 0xb ,subCmdId = 0x4 , datalen = 3
05-22 14:09:25.292648   327   376 E CarBodyManager: processMessage: no configs for this mcuId(0x0B) = 0x0b04 !!!
05-22 14:09:25.302774  1774  1774 D addOnOffsetChanged:: 0.0offset    -296
05-22 14:09:25.302839  1774  1774 D MainActivity: isTitleClosed:true
05-22 14:09:25.337791   327   560 D DefaultVehicleHal_v2_0: get: get = 28700014 ,area MCU,bytes size>0 and timestamp!=0
05-22 14:09:25.338181   457   480 D iCanService-rvc-pdc-avm: acc values[0] is 1
05-22 14:09:25.338585   457   480 D iCanService-rvc-pdc-avm: AVM request:0
05-22 14:09:25.338704   457   480 I chatty  : uid=0(root) /system/bin/rvcService identical 1 line
05-22 14:09:25.338811   457   480 D iCanService-rvc-pdc-avm: AVM request:0
05-22 14:09:25.338913   457   480 D iCanService-rvc-pdc-avm: AVM request:8
05-22 14:09:25.357646  1774  1774 D com.txznet.music.comm.core.SDKCore$3: [com.txznet.music.comm.core.SDKCore$3::lambda$onConnect$0]ComposePlayer::MusicWidget : updateWidget
05-22 14:09:25.357646  1774  1774 D com.txznet.music.comm.core.SDKCore$3: [SDKCore.java:69]
05-22 14:09:25.361300  1774 12137 D com.txznet.music.comm.core.SDKCore$3: [com.txznet.music.comm.core.SDKCore$3::lambda$onConnect$0]ComposePlayer::CoreCmdAdapter: syncPlaybackStateToCore isPlaying=false
05-22 14:09:25.361300  1774 12137 D com.txznet.music.comm.core.SDKCore$3: [SDKCore.java:69]
05-22 14:09:25.361526  1774  1774 D com.txznet.music.comm.core.SDKCore$3: [com.txznet.music.comm.core.SDKCore$3::lambda$onConnect$0]ComposePlayer::CoreCmdAdapter: syncMetadataToCore audio 青玉恋
05-22 14:09:25.361526  1774  1774 D com.txznet.music.comm.core.SDKCore$3: [SDKCore.java:69]
05-22 14:09:25.362861  1774  1891 I ServiceManager: using oneway flag for command: txz.music.inner.isPlaying, target = com.txznet.txz
05-22 14:09:25.363152   327   379 D McuUtils: dumpFrame:41 mcu read=[55,aa,03,06,0b,04,00,00,00,00,eb]
05-22 14:09:25.363252   327   379 I McuSerialComm: readRun:297, mainCmdId= 0xb ,subCmd = 0x4, datalen: 3
05-22 14:09:25.363308   327   376 I McuManager: processMessage, cmdCtrl = 0x3 ,mainCmdId = 0xb ,subCmdId = 0x4 ,datalen: 3
05-22 14:09:25.363342   327   376 D McuUtils: dumpFrame:41 mcu send=[55,aa,00,03,0b,04,00,ee]
05-22 14:09:25.363365   327   376 I CarBodyManager: processMessage, mainCmdId = 0xb ,subCmdId = 0x4,body size = 3,body length = 3
05-22 14:09:25.363365  1774  1891 I ServiceManager: using oneway flag for command: txz.music.inner.musicModel, target = com.txznet.txz
05-22 14:09:25.363485   327   376 I CarBodyManager: processMessage, mcu(0x0B) readId = 0x0b04, mainCmdId = 0xb ,subCmdId = 0x4 , datalen = 3
05-22 14:09:25.363535   327   376 E CarBodyManager: processMessage: no configs for this mcuId(0x0B) = 0x0b04 !!!
05-22 14:09:25.364152  1466  7810 D com.txznet.comm.remote.ServiceHandlerBase: [com.txznet.comm.remote.ServiceHandlerBase::preInvoke]music:receive:handler:AIDL:com.txznet.txz,from:com.txznet.music/txz.music.inner.isPlaying[Proguard:2]
05-22 14:09:25.364824  1466  7810 D com.txznet.txz.O00000o.O0000oOo.O0000oo::O000000o: CORE:MUSIC:receiver:command:inner.isPlaying,from:com.txznet.music[Proguard:33]
05-22 14:09:25.365522  1466  7810 D com.txznet.txz.module.app.O0000Oo: [com.txznet.txz.module.app.O0000Oo::O0000o]NavThirdApp packageName:com.txznet.music[Proguard:1]
05-22 14:09:25.366094  1466  7810 D com.txznet.txz.component.music.txz.MusicTongTing::getMusicVersionCode: MusicTongTing::getMusicVersion 10000[Proguard:6]
05-22 14:09:25.367010  1774 10931 D OkHttp  : <-- 200 https://tsp.rl.txzing.com/api/music/audio/list?album_sid=15&album_id=6666&card_type=108&offset=0&limit=3 (242ms)
05-22 14:09:25.367164  1774 10931 D OkHttp  : date: Mon, 22 May 2023 06:09:25 GMT
05-22 14:09:25.367223  1774 10931 D OkHttp  : content-type: application/json
05-22 14:09:25.367274  1774 10931 D OkHttp  : vary: Accept-Encoding
05-22 14:09:25.367332  1774 10931 D OkHttp  : vary: Origin
05-22 14:09:25.367406  1774 10931 D OkHttp  : vary: Access-Control-Request-Method
05-22 14:09:25.367461  1774 10931 D OkHttp  : vary: Access-Control-Request-Headers
05-22 14:09:25.367524  1774 10931 D OkHttp  : x-content-type-options: nosniff
05-22 14:09:25.367581  1774 10931 D OkHttp  : x-xss-protection: 1; mode=block
05-22 14:09:25.367637  1774 10931 D OkHttp  : cache-control: no-cache, no-store, max-age=0, must-revalidate
05-22 14:09:25.367687  1774 10931 D OkHttp  : pragma: no-cache
05-22 14:09:25.367735  1774 10931 D OkHttp  : expires: 0
05-22 14:09:25.367782  1774 10931 D OkHttp  : x-frame-options: DENY
05-22 14:09:25.368431  1774 10931 D OkHttp  : {"err_code":"200","err_msg":"请求成功","trace_id":"db57aa423a812bdc","data":{"audios":[{"sid":15,"id":"514116541","name":"字字句句 (Live)","album_id":"73178917","album_img":"http://imge.kugou.com/stdmusic/480/20230512/20230512120801584090.jpg","mv_id":"10913572","album_sid":15,"arr_artist_name":["张碧晨,王赫野"],"is_paid":0,"card_type":108,"is_vip":0,"has_accompany":1},{"sid":15,"id":"331800033","name":"Dạ Vũ (夜舞)","album_id":"47949340","album_img":"http://imge.kugou.com/stdmusic/480/20210814/20210814081012715042.jpg","mv_id":"6551912","album_sid":15,"arr_artist_name":["Tăng Duy Tân,BAE"],"is_paid":0,"card_type":108,"is_vip":0,"has_accompany":1},{"sid":15,"id":"514943885","name":"第三人称 (哼唱版)","album_id":"73308293","album_img":"http://imge.kugou.com/stdmusic/480/20230516/20230516153324332137.jpg","mv_id":"","album_sid":15,"arr_artist_name":["葱香科学家"],"is_paid":0,"card_type":108,"is_vip":0,"has_accompany":1}],"total":100}}
05-22 14:09:25.368546  1774 10931 D OkHttp  : <-- END HTTP (979-byte body)
05-22 14:09:25.370606  1466  7810 D com.txznet.txz.component.music.txz.MusicTongTing::log: MusicTongTing::update status(V440): PAUSED[Proguard:1]
05-22 14:09:25.371269  1466  7810 D xxxx    : [(MediaPriorityManager.java:1)#notifyPlayerStatusChange] notifyPlayerStatus:PAUSED
05-22 14:09:25.371789  1466  7810 D xxxx    : [(MediaPriorityManager.java:1)#notifyPlayerStatusChange] notifyPlayerStatus:PAUSED
05-22 14:09:25.372128  1466  7810 D com.txznet.txz.component.music.txz.MusicTongTing::onEndMusic: CORE:MUSIC:onEndMusic[Proguard:1]
05-22 14:09:25.372385  1774 10931 D com.txznet.music.comm.core.SDKCore$3: [com.txznet.music.comm.core.SDKCore$3::lambda$onConnect$0]ComposePlayer::加载成功: 6666
05-22 14:09:25.372385  1774 10931 D com.txznet.music.comm.core.SDKCore$3: [SDKCore.java:69]
05-22 14:09:25.372407  1466  7810 I com.txznet.txz: oneway function results will be dropped but finished with status OK and parcel size 8
05-22 14:09:25.372435   848   848 E mytest2 :  type = 2 mList.sze = 10 com.txznet.music
05-22 14:09:25.372490   848   848 E mytest2 :  type = 2 mList.sze = 10 com.txznet.music
05-22 14:09:25.372572  1466  1713 I ServiceManager: using oneway flag for command: comm.status.onEndMusic, target = com.txznet.childrencompany
05-22 14:09:25.372585   848   848 E mytest2 :  type = 2 mList.sze = 10 com.txznet.music
05-22 14:09:25.373065  9540  9559 D com.txznet.comm.remote.ServiceHandlerBase: [com.txznet.comm.remote.ServiceHandlerBase::preInvoke]music:receive:handler:AIDL:com.txznet.childrencompany,from:com.txznet.txz/comm.status.onEndMusic[ServiceHandlerBase.java:38]
05-22 14:09:25.373101  1466  1500 D com.txznet.comm.remote.ServiceHandlerBase: [com.txznet.comm.remote.ServiceHandlerBase::preInvoke]music:receive:handler:AIDL:com.txznet.txz,from:com.txznet.music/txz.music.inner.musicModel[Proguard:2]
05-22 14:09:25.373301  1466  1500 D com.txznet.txz.O00000o.O0000oOo.O0000oo::O000000o: CORE:MUSIC:receiver:command:inner.musicModel,from:com.txznet.music[Proguard:33]
05-22 14:09:25.373580  9540  9559 I childrencompan: oneway function results will be dropped but finished with status OK and parcel size 8
05-22 14:09:25.373770  1466  1500 D com.txznet.txz.module.app.O0000Oo: [com.txznet.txz.module.app.O0000Oo::O0000o]NavThirdApp packageName:com.txznet.music[Proguard:1]
05-22 14:09:25.373916  1466  1713 I ServiceManager: using oneway flag for command: comm.status.onEndMusic, target = com.txznet.music
05-22 14:09:25.374276  1466  1500 D com.txznet.txz.component.music.txz.MusicTongTing::getMusicVersionCode: MusicTongTing::getMusicVersion 10000[Proguard:6]
05-22 14:09:25.374697  1466  1500 I com.txznet.txz: oneway function results will be dropped but finished with status OK and parcel size 8
05-22 14:09:25.374675  1774  1801 D com.txznet.comm.remote.ServiceHandlerBase: [com.txznet.comm.remote.ServiceHandlerBase::preInvoke]music:receive:handler:AIDL:com.txznet.music,from:com.txznet.txz/comm.status.onEndMusic[ServiceHandlerBase.java:38]
05-22 14:09:25.374913  1466  1713 I ServiceManager: using oneway flag for command: comm.status.onEndMusic, target = com.txznet.adapter
05-22 14:09:25.375443  1774  1801 I om.txznet.musi: oneway function results will be dropped but finished with status OK and parcel size 8
05-22 14:09:25.375618  1774  1774 D com.txznet.music.comm.core.SDKCore$3: [com.txznet.music.comm.core.SDKCore$3::lambda$onConnect$0]ComposePlayer::MusicWidget : updateWidget
05-22 14:09:25.375618  1774  1774 D com.txznet.music.comm.core.SDKCore$3: [SDKCore.java:69]
05-22 14:09:25.376007  8666  8685 I .txznet.adapte: oneway function results will be dropped but finished with status OK and parcel size 8
05-22 14:09:25.376285  1466  1713 I ServiceManager: using oneway flag for command: comm.status.onEndMusic, target = com.txznet.txz
05-22 14:09:25.376793   848   848 E mytest2 :  type = 1 mList.sze = 10 com.jsbd.btphone
05-22 14:09:25.376897   848   848 E mytest2 :  type = 1 mList.sze = 10 com.jsbd.btphone
05-22 14:09:25.376933   848   848 E mytest2 :  type = 1 mList.sze = 10 com.mojiweather
05-22 14:09:25.377030   848   848 E mytest2 :  type = 1 mList.sze = 10 com.mojiweather
05-22 14:09:25.377108   848   848 E mytest2 :  type = 1 mList.sze = 10 com.jsbd.btphone
