05-22 14:09:25.857691  1774 12144 D com.txznet.music.comm.core.SDKCore$3: [SDKCore.java:69]
05-22 14:09:25.857848  1774  1774 D com.txznet.music.comm.core.SDKCore$3: [com.txznet.music.comm.core.SDKCore$3::lambda$onConnect$0]ComposePlayer::PlayControl: onPlaybackStateChanged state=PlaybackState {state=6, position=0, buffered position=0, speed=1.0, updated=3114932, actions=1591, error code=0, error message=null, custom actions=[], active item id=-1}
05-22 14:09:25.857848  1774  1774 D com.txznet.music.comm.core.SDKCore$3: [SDKCore.java:69]
05-22 14:09:25.858111  1774  1774 D com.txznet.music.comm.core.SDKCore$3: [com.txznet.music.comm.core.SDKCore$3::lambda$onConnect$0]ComposePlayer::MusicWidget : updateWidget
05-22 14:09:25.858111  1774  1774 D com.txznet.music.comm.core.SDKCore$3: [SDKCore.java:69]
05-22 14:09:25.859194  1774  1977 D com.txznet.music.comm.core.SDKCore$3: [com.txznet.music.comm.core.SDKCore$3::lambda$onConnect$0]ComposePlayer::collectReportData
05-22 14:09:25.859194  1774  1977 D com.txznet.music.comm.core.SDKCore$3: [SDKCore.java:69]
05-22 14:09:25.860108  1774 12145 D com.txznet.music.comm.core.SDKCore$3: [com.txznet.music.comm.core.SDKCore$3::lambda$onConnect$0]ComposePlayer::CoreCmdAdapter: syncPlaybackStateToCore isPlaying=false
05-22 14:09:25.860108  1774 12145 D com.txznet.music.comm.core.SDKCore$3: [SDKCore.java:69]
05-22 14:09:25.860221  1774 12143 D com.txznet.music.comm.core.SDKCore$3: [com.txznet.music.comm.core.SDKCore$3::lambda$onConnect$0]ComposePlayer::CoreCmdAdapter: syncPlaybackStateToCore isPlaying=false
05-22 14:09:25.860221  1774 12143 D com.txznet.music.comm.core.SDKCore$3: [SDKCore.java:69]
05-22 14:09:25.860304  1774  1774 D com.txznet.music.comm.core.SDKCore$3: [com.txznet.music.comm.core.SDKCore$3::lambda$onConnect$0]ComposePlayer::CoreCmdAdapter: syncMetadataToCore audio 青玉恋
05-22 14:09:25.860304  1774  1774 D com.txznet.music.comm.core.SDKCore$3: [SDKCore.java:69]
05-22 14:09:25.861838  1304  2404 I VHalClient: doip_uds: get ID_SOC_SOCSELF_TEMPERATURE_BYTES 4592
05-22 14:09:25.862111  1304  2404 I VHalClient: doip_uds: get ID_SOC_PANEL_TEMPERATURE_BYTES 48
05-22 14:09:25.862375   848   848 E mytest2 :  type = 2 mList.sze = 10 com.txznet.music
05-22 14:09:25.862437   848   848 I chatty  : uid=10101(com.bicv.e04) com.android.systemui identical 1 line
05-22 14:09:25.862462   848   848 E mytest2 :  type = 2 mList.sze = 10 com.txznet.music
05-22 14:09:25.861865   817  1032 D PowerManagerService: ICarPropertyEventListener events.
05-22 14:09:25.863432   817  1032 D PowerManagerService: handlePropertyEvent property_id = ID_SOC_SOCSELF_TEMPERATURE
05-22 14:09:25.863474   817  1032 D PowerManagerService: handlePropertyEvent temperature = 45.92
05-22 14:09:25.866669   327   379 D McuUtils: dumpFrame:41 mcu read=[55,aa,03,06,0b,04,00,00,00,00,eb]
05-22 14:09:25.866837   327   379 I McuSerialComm: readRun:297, mainCmdId= 0xb ,subCmd = 0x4, datalen: 3
05-22 14:09:25.866963   327   376 I McuManager: processMessage, cmdCtrl = 0x3 ,mainCmdId = 0xb ,subCmdId = 0x4 ,datalen: 3
05-22 14:09:25.866998   327   379 D McuUtils: dumpFrame:41 mcu read=[55,aa,03,04,0b,80,00,00,71]
05-22 14:09:25.867037   327   376 D McuUtils: dumpFrame:41 mcu send=[55,aa,00,03,0b,04,00,ee]
05-22 14:09:25.867071   327   379 I McuSerialComm: readRun:297, mainCmdId= 0xb ,subCmd = 0x80, datalen: 1
05-22 14:09:25.867080   327   376 I CarBodyManager: processMessage, mainCmdId = 0xb ,subCmdId = 0x4,body size = 3,body length = 3
05-22 14:09:25.867115   327   376 I CarBodyManager: processMessage, mcu(0x0B) readId = 0x0b04, mainCmdId = 0xb ,subCmdId = 0x4 , datalen = 3
05-22 14:09:25.867198   327   376 E CarBodyManager: processMessage: no configs for this mcuId(0x0B) = 0x0b04 !!!
05-22 14:09:25.867223   327   376 I McuManager: processMessage, cmdCtrl = 0x3 ,mainCmdId = 0xb ,subCmdId = 0x80 ,datalen: 1
05-22 14:09:25.867247   327   376 D McuUtils: dumpFrame:41 mcu send=[55,aa,00,03,0b,80,00,72]
05-22 14:09:25.867276   327   376 I CarBodyManager: processMessage, mainCmdId = 0xb ,subCmdId = 0x80,body size = 1,body length = 1
05-22 14:09:25.867294   327   376 I CarBodyManager: processMessage, mcu(0x0B) readId = 0x0b80, mainCmdId = 0xb ,subCmdId = 0x80 , datalen = 1
05-22 14:09:25.867278  1774  1891 I ServiceManager: using oneway flag for command: txz.music.inner.isPlaying, target = com.txznet.txz
05-22 14:09:25.867330   327   376 E CarBodyManager: processMessage: no configs for this mcuId(0x0B) = 0x0b80 !!!
05-22 14:09:25.867726  1774  1891 I ServiceManager: using oneway flag for command: txz.music.inner.isPlaying, target = com.txznet.txz
05-22 14:09:25.867841  1774  1891 I ServiceManager: using oneway flag for command: txz.music.inner.musicModel, target = com.txznet.txz
05-22 14:09:25.868339  1466  7810 D com.txznet.comm.remote.ServiceHandlerBase: [com.txznet.comm.remote.ServiceHandlerBase::preInvoke]music:receive:handler:AIDL:com.txznet.txz,from:com.txznet.music/txz.music.inner.isPlaying[Proguard:2]
05-22 14:09:25.868809  1466  7810 D com.txznet.txz.O00000o.O0000oOo.O0000oo::O000000o: CORE:MUSIC:receiver:command:inner.isPlaying,from:com.txznet.music[Proguard:33]
05-22 14:09:25.869172  1466  7810 D com.txznet.txz.module.app.O0000Oo: [com.txznet.txz.module.app.O0000Oo::O0000o]NavThirdApp packageName:com.txznet.music[Proguard:1]
05-22 14:09:25.869457  1466  7810 D com.txznet.txz.component.music.txz.MusicTongTing::getMusicVersionCode: MusicTongTing::getMusicVersion 10000[Proguard:6]
05-22 14:09:25.869758  1466  7810 D com.txznet.txz.component.music.txz.MusicTongTing::log: MusicTongTing::update status(V440): PAUSED[Proguard:1]
05-22 14:09:25.869742   848   848 E mytest2 :  type = 1 mList.sze = 10 com.jsbd.btphone
05-22 14:09:25.869762  1774  1774 D com.txznet.music.comm.core.SDKCore$3: [com.txznet.music.comm.core.SDKCore$3::lambda$onConnect$0]ComposePlayer::MediaClient: onExtrasChanged: 
05-22 14:09:25.869762  1774  1774 D com.txznet.music.comm.core.SDKCore$3: [SDKCore.java:69]
05-22 14:09:25.869877   848   848 E mytest2 :  type = 1 mList.sze = 10 com.jsbd.btphone
05-22 14:09:25.869923   848   848 E mytest2 :  type = 1 mList.sze = 10 com.mojiweather
05-22 14:09:25.870017  1466  7810 D xxxx    : [(MediaPriorityManager.java:1)#notifyPlayerStatusChange] notifyPlayerStatus:PAUSED
05-22 14:09:25.870008   848   848 E mytest2 :  type = 1 mList.sze = 10 com.mojiweather
05-22 14:09:25.870105   848   848 E mytest2 :  type = 1 mList.sze = 10 com.jsbd.btphone
05-22 14:09:25.870212  1466  7810 D xxxx    : [(MediaPriorityManager.java:1)#notifyPlayerStatusChange] notifyPlayerStatus:PAUSED
05-22 14:09:25.870223   848   848 E mytest2 :  type = 1 mList.sze = 10 com.mojiweather
05-22 14:09:25.870389  1466  7810 D com.txznet.txz.component.music.txz.MusicTongTing::onEndMusic: CORE:MUSIC:onEndMusic[Proguard:1]
05-22 14:09:25.870687  1466  7810 I com.txznet.txz: oneway function results will be dropped but finished with status OK and parcel size 8
05-22 14:09:25.870848  1466  1713 I ServiceManager: using oneway flag for command: comm.status.onEndMusic, target = com.txznet.childrencompany
05-22 14:09:25.871129  1466  1500 D com.txznet.comm.remote.ServiceHandlerBase: [com.txznet.comm.remote.ServiceHandlerBase::preInvoke]music:receive:handler:AIDL:com.txznet.txz,from:com.txznet.music/txz.music.inner.isPlaying[Proguard:2]
05-22 14:09:25.871333  1466  1500 D com.txznet.txz.O00000o.O0000oOo.O0000oo::O000000o: CORE:MUSIC:receiver:command:inner.isPlaying,from:com.txznet.music[Proguard:33]
05-22 14:09:25.871476  1466  1500 D com.txznet.txz.module.app.O0000Oo: [com.txznet.txz.module.app.O0000Oo::O0000o]NavThirdApp packageName:com.txznet.music[Proguard:1]
05-22 14:09:25.871536  9540  9559 D com.txznet.comm.remote.ServiceHandlerBase: [com.txznet.comm.remote.ServiceHandlerBase::preInvoke]music:receive:handler:AIDL:com.txznet.childrencompany,from:com.txznet.txz/comm.status.onEndMusic[ServiceHandlerBase.java:38]
05-22 14:09:25.871622  1466  1500 D com.txznet.txz.component.music.txz.MusicTongTing::getMusicVersionCode: MusicTongTing::getMusicVersion 10000[Proguard:6]
05-22 14:09:25.871810  1466  1713 I ServiceManager: using oneway flag for command: comm.status.onEndMusic, target = com.txznet.music
05-22 14:09:25.871814  1774  1774 D com.txznet.music.comm.core.SDKCore$3: [com.txznet.music.comm.core.SDKCore$3::lambda$onConnect$0]ComposePlayer::PlayControl: EXTRA_KEY_TOTAL 30
05-22 14:09:25.871814  1774  1774 D com.txznet.music.comm.core.SDKCore$3: [SDKCore.java:69]
05-22 14:09:25.872024  1466  1500 D com.txznet.txz.component.music.txz.MusicTongTing::log: MusicTongTing::update status(V440): PAUSED[Proguard:1]
05-22 14:09:25.872150  1466  1500 D xxxx    : [(MediaPriorityManager.java:1)#notifyPlayerStatusChange] notifyPlayerStatus:PAUSED
05-22 14:09:25.872172  1466  1713 I ServiceManager: using oneway flag for command: comm.status.onEndMusic, target = com.txznet.adapter
05-22 14:09:25.872225  1774  1801 D com.txznet.comm.remote.ServiceHandlerBase: [com.txznet.comm.remote.ServiceHandlerBase::preInvoke]music:receive:handler:AIDL:com.txznet.music,from:com.txznet.txz/comm.status.onEndMusic[ServiceHandlerBase.java:38]
05-22 14:09:25.872243  1466  1500 D xxxx    : [(MediaPriorityManager.java:1)#notifyPlayerStatusChange] notifyPlayerStatus:PAUSED
05-22 14:09:25.872337  1466  1500 D com.txznet.txz.component.music.txz.MusicTongTing::onEndMusic: CORE:MUSIC:onEndMusic[Proguard:1]
05-22 14:09:25.872399  1774  1801 I om.txznet.musi: oneway function results will be dropped but finished with status OK and parcel size 8
05-22 14:09:25.872451  1466  1500 I com.txznet.txz: oneway function results will be dropped but finished with status OK and parcel size 8
05-22 14:09:25.872625  1466  1500 D com.txznet.comm.remote.ServiceHandlerBase: [com.txznet.comm.remote.ServiceHandlerBase::preInvoke]music:receive:handler:AIDL:com.txznet.txz,from:com.txznet.music/txz.music.inner.musicModel[Proguard:2]
05-22 14:09:25.872706  1466  1500 D com.txznet.txz.O00000o.O0000oOo.O0000oo::O000000o: CORE:MUSIC:receiver:command:inner.musicModel,from:com.txznet.music[Proguard:33]
05-22 14:09:25.872806  8666  8685 I .txznet.adapte: oneway function results will be dropped but finished with status OK and parcel size 8
05-22 14:09:25.872837  1466  1713 I ServiceManager: using oneway flag for command: comm.status.onEndMusic, target = com.txznet.txz
05-22 14:09:25.873008  1466  1713 D com.txznet.txz.module.app.O0000Oo: [com.txznet.txz.module.app.O0000Oo::O0000o]music:receive:handler:AIDL:com.txznet.txz,from:com.txznet.txz/comm.status.onEndMusic[Proguard:1]
05-22 14:09:25.873199  1466  1713 I ServiceManager: using oneway flag for command: comm.status.onEndMusic, target = com.txznet.txzsetting
05-22 14:09:25.873439  1466  1500 D com.txznet.txz.module.app.O0000Oo: [com.txznet.txz.module.app.O0000Oo::O0000o]NavThirdApp packageName:com.txznet.music[Proguard:1]
05-22 14:09:25.873481  2358  5531 D TXZ     : music:receive:handler:AIDL:com.txznet.txzsetting,from:com.txznet.txz/comm.status.onEndMusic
05-22 14:09:25.873631  9540  9559 I childrencompan: oneway function results will be dropped but finished with status OK and parcel size 8
05-22 14:09:25.873642  1466  1500 D com.txznet.txz.component.music.txz.MusicTongTing::getMusicVersionCode: MusicTongTing::getMusicVersion 10000[Proguard:6]
05-22 14:09:25.873714  2358  5531 I znet.txzsettin: oneway function results will be dropped but finished with status OK and parcel size 8
05-22 14:09:25.873741  1466  1500 I com.txznet.txz: oneway function results will be dropped but finished with status OK and parcel size 8
05-22 14:09:25.874236   327   379 D McuUtils: dumpFrame:41 mcu read=[55,aa,03,19,01,0b,00,04,00,04,00,00,00,00,00,00,02,02,02,00,00,25,2e,00,00,01,fe,25,4f,07]
05-22 14:09:25.874361   327   379 I McuSerialComm: readRun:297, mainCmdId= 0x1 ,subCmd = 0xb, datalen: 22
05-22 14:09:25.874453   327   376 I McuManager: processMessage, cmdCtrl = 0x3 ,mainCmdId = 0x1 ,subCmdId = 0xb ,datalen: 22
05-22 14:09:25.874510   327   376 D McuUtils: dumpFrame:41 mcu send=[55,aa,00,03,01,0b,00,f1]
05-22 14:09:25.874532   327   376 I SystemInfoManager: processMessage, mainCmdId = 0x1 ,subCmdId = 0xb ,datalen = 22
05-22 14:09:25.874601   327   376 D SystemInfoManager: processMessage: property ID 28700083 ,mcuId = 0x010b transmit flag: 1
05-22 14:09:25.874851   848   848 E mytest2 :  type = 1 mList.sze = 10 com.txznet.center
05-22 14:09:25.874902   848   848 E mytest2 :  type = 1 mList.sze = 10 com.txznet.center
05-22 14:09:25.874931   848   848 E mytest2 :  type = 1 mList.sze = 10 com.jsbd.newenergy
05-22 14:09:25.874996   848   848 E mytest2 :  type = 1 mList.sze = 10 com.jsbd.newenergy
05-22 14:09:25.875048   848   848 E mytest2 :  type = 1 mList.sze = 10 com.txznet.center
05-22 14:09:25.875097   848   848 E mytest2 :  type = 1 mList.sze = 10 com.jsbd.newenergy
05-22 14:09:25.875998  1466  1713 I ServiceManager: using oneway flag for command: comm.status.onEndMusic, target = com.geely.system.tts
05-22 14:09:25.876435  3657  3678 D com.txznet.comm.remote.ServiceHandlerBase: [com.txznet.comm.remote.ServiceHandlerBase::preInvoke]music:receive:handler:AIDL:com.geely.system.tts,from:com.txznet.txz/comm.status.onEndMusic[ServiceHandlerBase.java:2]
05-22 14:09:25.876703  3657  3678 I eely.system.tt: oneway function results will be dropped but finished with status OK and parcel size 8
05-22 14:09:25.877256  1466  1713 I ServiceManager: using oneway flag for command: comm.status.onEndMusic, target = com.txznet.center
05-22 14:09:25.877829  1466  1713 I ServiceManager: using oneway flag for command: comm.status.onEndMusic, target = com.txznet.childrencompany
05-22 14:09:25.878134  1466  1713 I ServiceManager: using oneway flag for command: comm.status.onEndMusic, target = com.txznet.music
05-22 14:09:25.878216  8688  8707 D a.e.a.b.d: [a.e.a.b.d::a]music:receive:handler:AIDL:com.txznet.center,from:com.txznet.txz/comm.status.onEndMusic[ServiceHandlerBase.java:2]
05-22 14:09:25.878503  9540  9559 D com.txznet.comm.remote.ServiceHandlerBase: [com.txznet.comm.remote.ServiceHandlerBase::preInvoke]music:receive:handler:AIDL:com.txznet.childrencompany,from:com.txznet.txz/comm.status.onEndMusic[ServiceHandlerBase.java:38]
05-22 14:09:25.878785  9540  9559 I childrencompan: oneway function results will be dropped but finished with status OK and parcel size 8
05-22 14:09:25.879610  8688  8707 I m.txznet.cente: oneway function results will be dropped but finished with status OK and parcel size 8
05-22 14:09:25.879808  1774  1801 D com.txznet.comm.remote.ServiceHandlerBase: [com.txznet.comm.remote.ServiceHandlerBase::preInvoke]music:receive:handler:AIDL:com.txznet.music,from:com.txznet.txz/comm.status.onEndMusic[ServiceHandlerBase.java:38]
05-22 14:09:25.880074  1774  1801 I om.txznet.musi: oneway function results will be dropped but finished with status OK and parcel size 8
05-22 14:09:25.880733  1466  1713 I ServiceManager: using oneway flag for command: comm.status.onEndMusic, target = com.txznet.adapter
05-22 14:09:25.881071  1466  1713 I ServiceManager: using oneway flag for command: comm.status.onEndMusic, target = com.txznet.txz
05-22 14:09:25.881307  8666  8685 I .txznet.adapte: oneway function results will be dropped but finished with status OK and parcel size 8
05-22 14:09:25.881447  1466  1713 D com.txznet.comm.remote.ServiceHandlerBase: [com.txznet.comm.remote.ServiceHandlerBase::preInvoke]music:receive:handler:AIDL:com.txznet.txz,from:com.txznet.txz/comm.status.onEndMusic[Proguard:2]
05-22 14:09:25.881670  1466  1713 I ServiceManager: using oneway flag for command: comm.status.onEndMusic, target = com.txznet.txzsetting
05-22 14:09:25.881928  2358  5531 D TXZ     : music:receive:handler:AIDL:com.txznet.txzsetting,from:com.txznet.txz/comm.status.onEndMusic
05-22 14:09:25.882283  2358  5531 I znet.txzsettin: oneway function results will be dropped but finished with status OK and parcel size 8
05-22 14:09:25.883861  1466  1713 I ServiceManager: using oneway flag for command: comm.status.onEndMusic, target = com.geely.system.tts
05-22 14:09:25.884228  3657  3678 D com.txznet.comm.remote.ServiceHandlerBase: [com.txznet.comm.remote.ServiceHandlerBase::preInvoke]music:receive:handler:AIDL:com.geely.system.tts,from:com.txznet.txz/comm.status.onEndMusic[ServiceHandlerBase.java:2]
05-22 14:09:25.884465  3657  3678 I eely.system.tt: oneway function results will be dropped but finished with status OK and parcel size 8
05-22 14:09:25.886043  1466  1713 I ServiceManager: using oneway flag for command: comm.status.onEndMusic, target = com.txznet.center
05-22 14:09:25.886234   848   848 E mytest2 :  type = 2 mList.sze = 10 com.txznet.music
05-22 14:09:25.886291   848   848 I chatty  : uid=10101(com.bicv.e04) com.android.systemui identical 1 line
05-22 14:09:25.886349   848   848 E mytest2 :  type = 2 mList.sze = 10 com.txznet.music
05-22 14:09:25.886416   848   848 E mytest2 :  type = 1 mList.sze = 10 com.jsbd.btphone
05-22 14:09:25.886456   848   848 E mytest2 :  type = 1 mList.sze = 10 com.jsbd.btphone
05-22 14:09:25.886482   848   848 E mytest2 :  type = 1 mList.sze = 10 com.mojiweather
05-22 14:09:25.886507   848   848 E mytest2 :  type = 1 mList.sze = 10 com.mojiweather
05-22 14:09:25.886545   848   848 E mytest2 :  type = 1 mList.sze = 10 com.jsbd.btphone
05-22 14:09:25.886584   848   848 E mytest2 :  type = 1 mList.sze = 10 com.mojiweather
05-22 14:09:25.886589  8688  8707 D a.e.a.b.d: [a.e.a.b.d::a]music:receive:handler:AIDL:com.txznet.center,from:com.txznet.txz/comm.status.onEndMusic[ServiceHandlerBase.java:2]
05-22 14:09:25.886649   848   848 E mytest2 :  type = 1 mList.sze = 10 com.txznet.center
05-22 14:09:25.886688   848   848 E mytest2 :  type = 1 mList.sze = 10 com.txznet.center
05-22 14:09:25.886734   848   848 E mytest2 :  type = 1 mList.sze = 10 com.jsbd.newenergy
05-22 14:09:25.886773   848   848 E mytest2 :  type = 1 mList.sze = 10 com.jsbd.newenergy
05-22 14:09:25.886814   848   848 E mytest2 :  type = 1 mList.sze = 10 com.txznet.center
05-22 14:09:25.886856   848   848 E mytest2 :  type = 1 mList.sze = 10 com.jsbd.newenergy
05-22 14:09:25.887054  8688  8707 I m.txznet.cente: oneway function results will be dropped but finished with status OK and parcel size 8
05-22 14:09:25.887089   848   848 E mytest2 :  type = 2 mList.sze = 10 com.txznet.music
05-22 14:09:25.887139   848   848 I chatty  : uid=10101(com.bicv.e04) com.android.systemui identical 1 line
05-22 14:09:25.887168   848   848 E mytest2 :  type = 2 mList.sze = 10 com.txznet.music
05-22 14:09:25.887207   848   848 E mytest2 :  type = 1 mList.sze = 10 com.jsbd.btphone
05-22 14:09:25.887250   848   848 E mytest2 :  type = 1 mList.sze = 10 com.jsbd.btphone
05-22 14:09:25.887292   848   848 E mytest2 :  type = 1 mList.sze = 10 com.mojiweather
05-22 14:09:25.887335   848   848 E mytest2 :  type = 1 mList.sze = 10 com.mojiweather
05-22 14:09:25.887385   848   848 E mytest2 :  type = 1 mList.sze = 10 com.jsbd.btphone
05-22 14:09:25.887429   848   848 E mytest2 :  type = 1 mList.sze = 10 com.mojiweather
05-22 14:09:25.887483   848   848 E mytest2 :  type = 1 mList.sze = 10 com.txznet.center
05-22 14:09:25.887518   848   848 E mytest2 :  type = 1 mList.sze = 10 com.txznet.center
05-22 14:09:25.887559   848   848 E mytest2 :  type = 1 mList.sze = 10 com.jsbd.newenergy
05-22 14:09:25.887621   848   848 E mytest2 :  type = 1 mList.sze = 10 com.jsbd.newenergy
05-22 14:09:25.887648   848   848 E mytest2 :  type = 1 mList.sze = 10 com.txznet.center
05-22 14:09:25.887680   848   848 E mytest2 :  type = 1 mList.sze = 10 com.jsbd.newenergy
05-22 14:09:25.887810   848   848 E mytest2 :  type = 2 mList.sze = 10 com.txznet.music
05-22 14:09:25.887854   848   848 I chatty  : uid=10101(com.bicv.e04) com.android.systemui identical 1 line
05-22 14:09:25.887897   848   848 E mytest2 :  type = 2 mList.sze = 10 com.txznet.music
05-22 14:09:25.887974   848   848 E mytest2 :  type = 1 mList.sze = 10 com.jsbd.btphone
05-22 14:09:25.888001   848   848 E mytest2 :  type = 1 mList.sze = 10 com.jsbd.btphone
05-22 14:09:25.888028   848   848 E mytest2 :  type = 1 mList.sze = 10 com.mojiweather
05-22 14:09:25.888068   848   848 E mytest2 :  type = 1 mList.sze = 10 com.mojiweather
05-22 14:09:25.888112   848   848 E mytest2 :  type = 1 mList.sze = 10 com.jsbd.btphone
05-22 14:09:25.888152   848   848 E mytest2 :  type = 1 mList.sze = 10 com.mojiweather
05-22 14:09:25.888206   848   848 E mytest2 :  type = 1 mList.sze = 10 com.txznet.center
05-22 14:09:25.888234   848   848 E mytest2 :  type = 1 mList.sze = 10 com.txznet.center
05-22 14:09:25.888259   848   848 E mytest2 :  type = 1 mList.sze = 10 com.jsbd.newenergy
05-22 14:09:25.888311   848   848 E mytest2 :  type = 1 mList.sze = 10 com.jsbd.newenergy
05-22 14:09:25.888360   848   848 E mytest2 :  type = 1 mList.sze = 10 com.txznet.center
05-22 14:09:25.888413   848   848 E mytest2 :  type = 1 mList.sze = 10 com.jsbd.newenergy
05-22 14:09:25.888441  1774 12137 D com.txznet.music.comm.core.SDKCore$3: [com.txznet.music.comm.core.SDKCore$3::lambda$onConnect$0]ComposePlayer::LocalDiskCaches: current cache statistics, img=20.4MB, media=170.9MB, http=93.3KB, total=191.4MB
05-22 14:09:25.888441  1774 12137 D com.txznet.music.comm.core.SDKCore$3: [SDKCore.java:69]
05-22 14:09:25.889662  1774 12144 D com.txznet.music.comm.core.SDKCore$3: [com.txznet.music.comm.core.SDKCore$3::lambda$onConnect$0]ComposePlayer::LocalDiskCaches: current cache statistics, img=20.4MB, media=170.9MB, http=93.3KB, total=191.4MB
05-22 14:09:25.889662  1774 12144 D com.txznet.music.comm.core.SDKCore$3: [SDKCore.java:69]
05-22 14:09:25.890222  1466  4131 I TXZ_NATIVE_SSP_IPC_SER: [UnisoundEngine_sspProcess_ipc] ssp ipc real ratio = 0.226000, total proc size=49408000 pcm time=3088000.000000 [D:/repository/unisound_engine/txzengine/src/main/cpp/cpp/ssp/ipc/server/UniEngineSspIpcPri.cc:395]
05-22 14:09:25.893691   848   848 I VendorModule: onCustomizeFunctionValueChanged:funId(0x30010500) propId(ID_SOC_PANEL_TEMPERATURE_BYTES) funcValue(0.48) propValue(48)
05-22 14:09:25.893796   848   848 D CarTypeManager: getScreenHeatLevel onCustomizeFunctionValueChanged function=805373184 zone=0 value=0.48
05-22 14:09:25.893829   848   848 D PhoneStatusBarPolicy: screenHeatLevel function=805373184 zone=0 value=0.48
05-22 14:09:25.894240   848   848 I VendorModule: onCustomizeFunctionValueChanged:funId(0x30010500) propId(ID_SOC_PANEL_TEMPERATURE_BYTES) funcValue(0.48) propValue(48)
05-22 14:09:25.894305   848   848 D CarTypeManager: getScreenHeatLevel onCustomizeFunctionValueChanged function=805373184 zone=0 value=0.48
05-22 14:09:25.894333   848   848 D PhoneStatusBarPolicy: screenHeatLevel function=805373184 zone=0 value=0.48
05-22 14:09:25.908522  1774 12137 D com.txznet.music.comm.core.SDKCore$3: [com.txznet.music.comm.core.SDKCore$3::lambda$onConnect$0]ComposePlayer::LocalDiskCaches: begin clean media cache ...
05-22 14:09:25.908522  1774 12137 D com.txznet.music.comm.core.SDKCore$3: [SDKCore.java:69]
05-22 14:09:25.913678   848   848 E mytest2 :  type = 2 mList.sze = 10 com.txznet.music
05-22 14:09:25.913782   848   848 I chatty  : uid=10101(com.bicv.e04) com.android.systemui identical 1 line
05-22 14:09:25.913822   848   848 E mytest2 :  type = 2 mList.sze = 10 com.txznet.music
05-22 14:09:25.914621   848   848 E mytest2 :  type = 1 mList.sze = 10 com.jsbd.btphone
05-22 14:09:25.914686   848   848 E mytest2 :  type = 1 mList.sze = 10 com.jsbd.btphone
05-22 14:09:25.914724   848   848 E mytest2 :  type = 1 mList.sze = 10 com.mojiweather
05-22 14:09:25.914770   848   848 E mytest2 :  type = 1 mList.sze = 10 com.mojiweather
05-22 14:09:25.914840   848   848 E mytest2 :  type = 1 mList.sze = 10 com.jsbd.btphone
05-22 14:09:25.914876   848   848 E mytest2 :  type = 1 mList.sze = 10 com.mojiweather
05-22 14:09:25.916312  1774  1774 D addOnOffsetChanged:: 0.0offset    -296
05-22 14:09:25.916421  1774  1774 D MainActivity: isTitleClosed:true
05-22 14:09:25.916478  1774 12144 D com.txznet.music.comm.core.SDKCore$3: [com.txznet.music.comm.core.SDKCore$3::lambda$onConnect$0]ComposePlayer::LocalDiskCaches: begin clean media cache ...
05-22 14:09:25.916478  1774 12144 D com.txznet.music.comm.core.SDKCore$3: [SDKCore.java:69]
05-22 14:09:25.923897   848   848 E mytest2 :  type = 1 mList.sze = 10 com.txznet.center
05-22 14:09:25.924140   848   848 E mytest2 :  type = 1 mList.sze = 10 com.txznet.center
05-22 14:09:25.924184   848   848 E mytest2 :  type = 1 mList.sze = 10 com.jsbd.newenergy
05-22 14:09:25.924213   327   379 D McuUtils: dumpFrame:41 mcu read=[55,aa,03,06,0b,04,00,00,00,00,eb]
05-22 14:09:25.924233   848   848 E mytest2 :  type = 1 mList.sze = 10 com.jsbd.newenergy
05-22 14:09:25.924303   848   848 E mytest2 :  type = 1 mList.sze = 10 com.txznet.center
05-22 14:09:25.924344   327   379 I McuSerialComm: readRun:297, mainCmdId= 0xb ,subCmd = 0x4, datalen: 3
05-22 14:09:25.924356   848   848 E mytest2 :  type = 1 mList.sze = 10 com.jsbd.newenergy
05-22 14:09:25.924628   848   848 E mytest2 :  type = 2 mList.sze = 10 com.txznet.music
05-22 14:09:25.924672   848   848 I chatty  : uid=10101(com.bicv.e04) com.android.systemui identical 1 line
05-22 14:09:25.924730   848   848 E mytest2 :  type = 2 mList.sze = 10 com.txznet.music
05-22 14:09:25.924815   848   848 E mytest2 :  type = 1 mList.sze = 10 com.jsbd.btphone
05-22 14:09:25.924891   848   848 E mytest2 :  type = 1 mList.sze = 10 com.jsbd.btphone
05-22 14:09:25.924921   848   848 E mytest2 :  type = 1 mList.sze = 10 com.mojiweather
05-22 14:09:25.924985   848   848 E mytest2 :  type = 1 mList.sze = 10 com.mojiweather
05-22 14:09:25.925189   327   376 I McuManager: processMessage, cmdCtrl = 0x3 ,mainCmdId = 0xb ,subCmdId = 0x4 ,datalen: 3
05-22 14:09:25.925266   327   376 D McuUtils: dumpFrame:41 mcu send=[55,aa,00,03,0b,04,00,ee]
05-22 14:09:25.925294   327   376 I CarBodyManager: processMessage, mainCmdId = 0xb ,subCmdId = 0x4,body size = 3,body length = 3
05-22 14:09:25.925312   327   376 I CarBodyManager: processMessage, mcu(0x0B) readId = 0x0b04, mainCmdId = 0xb ,subCmdId = 0x4 , datalen = 3
05-22 14:09:25.925349   327   376 E CarBodyManager: processMessage: no configs for this mcuId(0x0B) = 0x0b04 !!!
05-22 14:09:25.925482  1774  1774 D MainActivity: playerType : 0
05-22 14:09:25.932185  1774  1774 D addOnOffsetChanged:: 0.0offset    -296
05-22 14:09:25.932300  1774  1774 D MainActivity: isTitleClosed:true
05-22 14:09:25.933441   848   848 E mytest2 :  type = 1 mList.sze = 10 com.jsbd.btphone
05-22 14:09:25.933529   848   848 E mytest2 :  type = 1 mList.sze = 10 com.mojiweather
05-22 14:09:25.933721   848   848 E mytest2 :  type = 1 mList.sze = 10 com.txznet.center
05-22 14:09:25.933767   848   848 E mytest2 :  type = 1 mList.sze = 10 com.txznet.center
05-22 14:09:25.933820   848   848 E mytest2 :  type = 1 mList.sze = 10 com.jsbd.newenergy
05-22 14:09:25.933878   848   848 E mytest2 :  type = 1 mList.sze = 10 com.jsbd.newenergy
05-22 14:09:25.933943   848   848 E mytest2 :  type = 1 mList.sze = 10 com.txznet.center
05-22 14:09:25.934008   848   848 E mytest2 :  type = 1 mList.sze = 10 com.jsbd.newenergy
05-22 14:09:25.934282   848   848 E mytest2 :  type = 2 mList.sze = 10 com.txznet.music
05-22 14:09:25.934327   848   848 I chatty  : uid=10101(com.bicv.e04) com.android.systemui identical 1 line
05-22 14:09:25.934356   848   848 E mytest2 :  type = 2 mList.sze = 10 com.txznet.music
05-22 14:09:25.934425   848   848 E mytest2 :  type = 1 mList.sze = 10 com.jsbd.btphone
05-22 14:09:25.935213   848   848 E mytest2 :  type = 1 mList.sze = 10 com.jsbd.btphone
05-22 14:09:25.935249   848   848 E mytest2 :  type = 1 mList.sze = 10 com.mojiweather
05-22 14:09:25.935358   848   848 E mytest2 :  type = 1 mList.sze = 10 com.mojiweather
05-22 14:09:25.935387   848   848 E mytest2 :  type = 1 mList.sze = 10 com.jsbd.btphone
05-22 14:09:25.935433   848   848 E mytest2 :  type = 1 mList.sze = 10 com.mojiweather
05-22 14:09:25.935581   848   848 E mytest2 :  type = 1 mList.sze = 10 com.txznet.center
05-22 14:09:25.935615   848   848 E mytest2 :  type = 1 mList.sze = 10 com.txznet.center
05-22 14:09:25.935679   848   848 E mytest2 :  type = 1 mList.sze = 10 com.jsbd.newenergy
05-22 14:09:25.935702   848   848 E mytest2 :  type = 1 mList.sze = 10 com.jsbd.newenergy
05-22 14:09:25.935732   848   848 E mytest2 :  type = 1 mList.sze = 10 com.txznet.center
05-22 14:09:25.935776   848   848 E mytest2 :  type = 1 mList.sze = 10 com.jsbd.newenergy
05-22 14:09:25.935970   848   848 E mytest2 :  type = 2 mList.sze = 10 com.txznet.music
05-22 14:09:25.936003   848   848 I chatty  : uid=10101(com.bicv.e04) com.android.systemui identical 1 line
05-22 14:09:25.936034   848   848 E mytest2 :  type = 2 mList.sze = 10 com.txznet.music
05-22 14:09:25.936099   848   848 E mytest2 :  type = 1 mList.sze = 10 com.jsbd.btphone
05-22 14:09:25.936142   848   848 E mytest2 :  type = 1 mList.sze = 10 com.jsbd.btphone
05-22 14:09:25.936196   848   848 E mytest2 :  type = 1 mList.sze = 10 com.mojiweather
05-22 14:09:25.936240   848   848 E mytest2 :  type = 1 mList.sze = 10 com.mojiweather
05-22 14:09:25.936285   848   848 E mytest2 :  type = 1 mList.sze = 10 com.jsbd.btphone
05-22 14:09:25.936345   848   848 E mytest2 :  type = 1 mList.sze = 10 com.mojiweather
05-22 14:09:25.936408   848   848 E mytest2 :  type = 1 mList.sze = 10 com.txznet.center
05-22 14:09:25.936448   848   848 E mytest2 :  type = 1 mList.sze = 10 com.txznet.center
05-22 14:09:25.936501   848   848 E mytest2 :  type = 1 mList.sze = 10 com.jsbd.newenergy
05-22 14:09:25.936544   848   848 E mytest2 :  type = 1 mList.sze = 10 com.jsbd.newenergy
05-22 14:09:25.936606   848   848 E mytest2 :  type = 1 mList.sze = 10 com.txznet.center
05-22 14:09:25.936649   848   848 E mytest2 :  type = 1 mList.sze = 10 com.jsbd.newenergy
05-22 14:09:25.955075  1774 12144 D com.txznet.music.comm.core.SDKCore$3: [com.txznet.music.comm.core.SDKCore$3::lambda$onConnect$0]ComposePlayer::LocalDiskCaches: auto clean is finish
05-22 14:09:25.955075  1774 12144 D com.txznet.music.comm.core.SDKCore$3: [SDKCore.java:69]
05-22 14:09:25.964758   327   379 D McuUtils: dumpFrame:41 mcu read=[55,aa,03,06,0b,04,00,00,00,00,eb]
05-22 14:09:25.965089   327   379 I McuSerialComm: readRun:297, mainCmdId= 0xb ,subCmd = 0x4, datalen: 3
05-22 14:09:25.965301   327   376 I McuManager: processMessage, cmdCtrl = 0x3 ,mainCmdId = 0xb ,subCmdId = 0x4 ,datalen: 3
05-22 14:09:25.965367   327   376 D McuUtils: dumpFrame:41 mcu send=[55,aa,00,03,0b,04,00,ee]
05-22 14:09:25.965392   327   376 I CarBodyManager: processMessage, mainCmdId = 0xb ,subCmdId = 0x4,body size = 3,body length = 3
05-22 14:09:25.965444  1774 12144 D com.txznet.music.comm.core.SDKCore$3: [com.txznet.music.comm.core.SDKCore$3::lambda$onConnect$0]ComposePlayer::LocalDiskCaches: current cache statistics, img=20.4MB, media=0.0B, http=93.3KB, total=20.5MB
05-22 14:09:25.965444  1774 12144 D com.txznet.music.comm.core.SDKCore$3: [SDKCore.java:69]
05-22 14:09:25.966002   327   376 I CarBodyManager: processMessage, mcu(0x0B) readId = 0x0b04, mainCmdId = 0xb ,subCmdId = 0x4 , datalen = 3
05-22 14:09:25.966059   327   376 E CarBodyManager: processMessage: no configs for this mcuId(0x0B) = 0x0b04 !!!
05-22 14:09:25.970829  1774 12137 D com.txznet.music.comm.core.SDKCore$3: [com.txznet.music.comm.core.SDKCore$3::lambda$onConnect$0]ComposePlayer::LocalDiskCaches: auto clean is finish
05-22 14:09:25.970829  1774 12137 D com.txznet.music.comm.core.SDKCore$3: [SDKCore.java:69]
05-22 14:09:25.971256   327   379 D McuUtils: dumpFrame:41 mcu read=[55,aa,03,07,0b,35,00,00,00,0a,0f,a0]
05-22 14:09:25.971495   327   379 I McuSerialComm: readRun:297, mainCmdId= 0xb ,subCmd = 0x35, datalen: 4
05-22 14:09:25.971683   327   379 D McuUtils: dumpFrame:41 mcu read=[55,aa,03,07,0b,2c,00,10,01,1a,11,86]
05-22 14:09:25.971778   327   379 I McuSerialComm: readRun:297, mainCmdId= 0xb ,subCmd = 0x2c, datalen: 4
05-22 14:09:25.971837   327   376 I McuManager: processMessage, cmdCtrl = 0x3 ,mainCmdId = 0xb ,subCmdId = 0x35 ,datalen: 4
05-22 14:09:25.971935   327   376 D McuUtils: dumpFrame:41 mcu send=[55,aa,00,03,0b,35,00,bd]
05-22 14:09:25.971989   327   376 I CarBodyManager: processMessage, mainCmdId = 0xb ,subCmdId = 0x35,body size = 4,body length = 4
05-22 14:09:25.973713   327   376 I CarBodyManager: processMessage, mcu(0x0B) readId = 0x0b35, mainCmdId = 0xb ,subCmdId = 0x35 , datalen = 4
05-22 14:09:25.973784   327   376 E CarBodyManager: processMessage: no configs for this mcuId(0x0B) = 0x0b35 !!!
05-22 14:09:25.973814   327   376 I McuManager: processMessage, cmdCtrl = 0x3 ,mainCmdId = 0xb ,subCmdId = 0x2c ,datalen: 4
05-22 14:09:25.973852   327   376 D McuUtils: dumpFrame:41 mcu send=[55,aa,00,03,0b,2c,00,c6]
05-22 14:09:25.973937   327   376 I CarBodyManager: processMessage, mainCmdId = 0xb ,subCmdId = 0x2c,body size = 4,body length = 4
05-22 14:09:25.973975   327   376 I CarBodyManager: processMessage, mcu(0x0B) readId = 0x0b2c, mainCmdId = 0xb ,subCmdId = 0x2c , datalen = 4
05-22 14:09:25.974008   327   376 E CarBodyManager: processMessage: no configs for this mcuId(0x0B) = 0x0b2c !!!
05-22 14:09:25.982251  1774 12137 D com.txznet.music.comm.core.SDKCore$3: [com.txznet.music.comm.core.SDKCore$3::lambda$onConnect$0]ComposePlayer::LocalDiskCaches: current cache statistics, img=20.4MB, media=0.0B, http=93.3KB, total=20.5MB
05-22 14:09:25.982251  1774 12137 D com.txznet.music.comm.core.SDKCore$3: [SDKCore.java:69]
05-22 14:09:26.054101  1774 15000 I KGSDK.JNI.KugouPlayer: HTTPDataSource::read, prot->url_seek: 4222843
05-22 14:09:26.054272  1774 15000 I KGSDK.JNI.KugouPlayer: HTTPDataSource::read, prot->url_seek: 4222843
05-22 14:09:26.054399  1774 14999 I KGSDK.JNI.KugouPlayer: [mp3]:Skipping 0 bytes of junk at 492.
05-22 14:09:26.054399  1774 14999 I KGSDK.JNI.KugouPlayer: 
05-22 14:09:26.056323  1774 14999 I KGSDK.JNI.KugouPlayer: [mp3]:max_analyze_duration 1000 reached at 26122 microseconds st:0
05-22 14:09:26.056323  1774 14999 I KGSDK.JNI.KugouPlayer: 
05-22 14:09:26.056636  1774 15000 I KGSDK.JNI.KugouPlayer: HTTPDataSource::read, prot->url_seek: 4222843
05-22 14:09:26.056759  1774 15000 I chatty  : uid=1000(system) Thread-124 identical 1 line
05-22 14:09:26.056814  1774 15000 I KGSDK.JNI.KugouPlayer: HTTPDataSource::read, prot->url_seek: 4222843
05-22 14:09:26.056913  1774 14999 I KGSDK.JNI.KugouPlayer: FFMPEGExtractor::FFMPEGExtractor nb_streams 1
05-22 14:09:26.056982  1774 14999 I KGSDK.JNI.KugouPlayer: FFMPEGExtractor::FFMPEGExtractor file extention mp3,long MP2/3 (MPEG audio layer 2/3)
05-22 14:09:26.057069  1774 14999 I KGSDK.JNI.KugouPlayer: FFMPEGExtractor::FFMPEGExtractor 0 AVCodecContext  0xe2440d4ab6a0,duration 263888
05-22 14:09:26.057211  1774 14999 I KGSDK.JNI.KugouPlayer: trackIndex:0 codec_type:1 bitrate:128000
05-22 14:09:26.057252  1774 14999 I KGSDK.JNI.KugouPlayer: nb_streams:1 bit_rate:128018 calc bitrate:128000,duration 263889
05-22 14:09:26.057348  1774 14999 I KGSDK.JNI.KugouPlayer: PlayController::_CreateDataSource 15  
05-22 14:09:26.057411  1774 14999 E KGSDK.JNI.KugouPlayer: before create audio output!,-1,2
05-22 14:09:26.057453  1774 14999 I KGSDK.JNI.KugouPlayer: AudioOutput::createAudioOutput audiotype  0,-1,whichaac 
05-22 14:09:26.057499  1774 14999 I KGSDK.JNI.KugouPlayer: playcontroller aacdecoder 0
05-22 14:09:26.057614  1774 14999 I KGSDK.JNI.KugouPlayer: AudioOutput::createAudioOutput trackcount:1,cachetype:2
05-22 14:09:26.057715  1774 14999 I KGSDK.JNI.KugouPlayer: stream bitrate 128000
05-22 14:09:26.057813  1774 14999 I KGSDK.JNI.KugouPlayer: find bit rate [128000]
05-22 14:09:26.057887  1774 14999 I KGSDK.JNI.KugouPlayer: new CacheAudioOutput 1
05-22 14:09:26.057993  1774 14999 I KGSDK.JNI.KugouPlayer: ffmpeg new softdecode 
05-22 14:09:26.058052  1774 14999 I KGSDK.JNI.KugouPlayer: codec id is AV_CODEC_ID_MP3 pkt duration 26.122449
05-22 14:09:26.058165  1774 14999 I KGSDK.JNI.KugouPlayer: sample_rate[44100], channels[2], sample_fmt[s16p],codec_id[mp3]
05-22 14:09:26.058243  1774 14999 I KGSDK.JNI.KugouPlayer: target sample_rate:44100 channels:2
05-22 14:09:26.058277  1774 14999 I KGSDK.JNI.KugouPlayer: cache type is 2
05-22 14:09:26.058313  1774 14999 I KGSDK.JNI.KugouPlayer: mCacheSecondSize 176400
05-22 14:09:26.058361  1774 14999 I KGSDK.JNI.KugouPlayer: cache type is 2 mFirstCacheSize 176400 mCacheSecondSize 176400 mCacheEnoughSize 529200 mCacheSize 529200
05-22 14:09:26.058493  1774 14999 I KGSDK.JNI.KugouPlayer: ldp--- mAudioOutput->setPosForKtvScore
05-22 14:09:26.058537  1774 14999 I KGSDK.JNI.KugouPlayer: setSlowRatio:1,75,3000
05-22 14:09:26.058566  1774 14999 I KGSDK.JNI.KugouPlayer: AudioOutput::setAudioPipe 0x0
05-22 14:09:26.058634  1774 14999 E KGSDK.JNI.KugouPlayer: end create audio output:0xe244cd6ca8e0
05-22 14:09:26.058695  1774 14999 I KGSDK.JNI.KugouPlayer: add Surround mEffect effect to audio output
05-22 14:09:26.058732  1774 14999 I KGSDK.JNI.KugouPlayer: add BassEffect mEffect effect to audio output
05-22 14:09:26.058872  1774 14999 I KGSDK.JNI.KugouPlayer: audio sample_rate 44100 channels 2 preferedSamplingRate 44100 preferedChannels 2
05-22 14:09:26.058934  1774 14999 I KGSDK.JNI.KugouPlayer: initVirtualizer success! sample_rate 44100 channels 2
05-22 14:09:26.058998  1774 14999 I KGSDK.JNI.KugouPlayer: add Virtualizer mEffect effect to audio output
05-22 14:09:26.059121  1774 14999 I KGSDK.JNI.KugouPlayer: _PrepareAsyncEvent 1,0
05-22 14:09:26.059156  1774 14999 I KGSDK.JNI.KugouPlayer: ++++++start prepare++++++ mUseAudioTrack 1,0
05-22 14:09:26.059201  1774 14999 I KGSDK.JNI.KugouPlayer: useLargeBuffer 1
05-22 14:09:26.059258  1774 14999 I KGSDK.JNI.KugouPlayer: player controller not party 0 14
05-22 14:09:26.059935  1774  1774 I KGSDK.PlayController: msg.what = 5, msg.arg1 = 2, msg.arg2 = 2
05-22 14:09:26.060089  1774  1774 I KGSDK.PlayController: currentThread:2 hashCode:180058306
05-22 14:09:26.060132  1774  1774 I KGSDK.PlayController: msg= 5, 2, 2 - 180058306
05-22 14:09:26.060180  1774  1774 I KGSDK.PlayController: msg.what = 5, msg.arg1 = 2, msg.arg2 = 3
05-22 14:09:26.060214  1774  1774 I KGSDK.PlayController: currentThread:2 hashCode:180058306
05-22 14:09:26.060262  1774  1774 I KGSDK.PlayController: msg= 5, 2, 3 - 180058306
05-22 14:09:26.060313  1774  1774 I KGSDK.PlayController: msg.what = 5, msg.arg1 = 0, msg.arg2 = 0
05-22 14:09:26.060345  1774  1774 I KGSDK.PlayController: currentThread:2 hashCode:180058306
05-22 14:09:26.060374  1774  1774 I KGSDK.PlayController: msg= 5, 0, 0 - 180058306
05-22 14:09:26.060556  1774  1774 D com.txznet.music.comm.core.SDKCore$3: [com.txznet.music.comm.core.SDKCore$3::lambda$onConnect$0]ComposePlayer::MediaClient: onPlaybackStateChanged: 
05-22 14:09:26.060556  1774  1774 D com.txznet.music.comm.core.SDKCore$3: [SDKCore.java:69]
05-22 14:09:26.060792  1774  1774 D com.txznet.music.comm.core.SDKCore$3: [com.txznet.music.comm.core.SDKCore$3::lambda$onConnect$0]ComposePlayer::PlayControl: onPlaybackStateChanged state=PlaybackState {state=6, position=0, buffered position=263889, speed=1.0, updated=3115208, actions=1591, error code=0, error message=null, custom actions=[], active item id=-1}
05-22 14:09:26.060792  1774  1774 D com.txznet.music.comm.core.SDKCore$3: [SDKCore.java:69]
05-22 14:09:26.061051  1774  1774 D com.txznet.music.comm.core.SDKCore$3: [com.txznet.music.comm.core.SDKCore$3::lambda$onConnect$0]ComposePlayer::MusicWidget : updateWidget
05-22 14:09:26.061051  1774  1774 D com.txznet.music.comm.core.SDKCore$3: [SDKCore.java:69]
05-22 14:09:26.061106  1774  2099 D com.txznet.music.comm.core.SDKCore$3: [com.txznet.music.comm.core.SDKCore$3::lambda$onConnect$0]ComposePlayer::collectReportData
05-22 14:09:26.061106  1774  2099 D com.txznet.music.comm.core.SDKCore$3: [SDKCore.java:69]
05-22 14:09:26.063780  1774 12138 D com.txznet.music.comm.core.SDKCore$3: [com.txznet.music.comm.core.SDKCore$3::lambda$onConnect$0]ComposePlayer::CoreCmdAdapter: syncPlaybackStateToCore isPlaying=false
05-22 14:09:26.063780  1774 12138 D com.txznet.music.comm.core.SDKCore$3: [SDKCore.java:69]
05-22 14:09:26.064107  1774  1891 I ServiceManager: using oneway flag for command: txz.music.inner.isPlaying, target = com.txznet.txz
05-22 14:09:26.064395  1774  1774 D com.txznet.music.comm.core.SDKCore$3: [com.txznet.music.comm.core.SDKCore$3::lambda$onConnect$0]ComposePlayer::CoreCmdAdapter: syncMetadataToCore audio 青玉恋
05-22 14:09:26.064395  1774  1774 D com.txznet.music.comm.core.SDKCore$3: [SDKCore.java:69]
05-22 14:09:26.064984  1466  7810 D com.txznet.comm.remote.ServiceHandlerBase: [com.txznet.comm.remote.ServiceHandlerBase::preInvoke]music:receive:handler:AIDL:com.txznet.txz,from:com.txznet.music/txz.music.inner.isPlaying[Proguard:2]
05-22 14:09:26.065198  1466  7810 D com.txznet.txz.O00000o.O0000oOo.O0000oo::O000000o: CORE:MUSIC:receiver:command:inner.isPlaying,from:com.txznet.music[Proguard:33]
05-22 14:09:26.065553   327   379 D McuUtils: dumpFrame:41 mcu read=[55,aa,03,06,0b,04,00,00,00,00,eb]
05-22 14:09:26.065661   327   379 I McuSerialComm: readRun:297, mainCmdId= 0xb ,subCmd = 0x4, datalen: 3
05-22 14:09:26.065879   327   376 I McuManager: processMessage, cmdCtrl = 0x3 ,mainCmdId = 0xb ,subCmdId = 0x4 ,datalen: 3
05-22 14:09:26.065993   327   376 D McuUtils: dumpFrame:41 mcu send=[55,aa,00,03,0b,04,00,ee]
05-22 14:09:26.066029   327   376 I CarBodyManager: processMessage, mainCmdId = 0xb ,subCmdId = 0x4,body size = 3,body length = 3
05-22 14:09:26.066026  1466  7810 D com.txznet.txz.module.app.O0000Oo: [com.txznet.txz.module.app.O0000Oo::O0000o]NavThirdApp packageName:com.txznet.music[Proguard:1]
05-22 14:09:26.066048   327   376 I CarBodyManager: processMessage, mcu(0x0B) readId = 0x0b04, mainCmdId = 0xb ,subCmdId = 0x4 , datalen = 3
05-22 14:09:26.066130   327   376 E CarBodyManager: processMessage: no configs for this mcuId(0x0B) = 0x0b04 !!!
05-22 14:09:26.066365  1466  7810 D com.txznet.txz.component.music.txz.MusicTongTing::getMusicVersionCode: MusicTongTing::getMusicVersion 10000[Proguard:6]
05-22 14:09:26.066500  1466  7810 D com.txznet.txz.component.music.txz.MusicTongTing::log: MusicTongTing::update status(V440): PAUSED[Proguard:1]
05-22 14:09:26.066704  1466  7810 D xxxx    : [(MediaPriorityManager.java:1)#notifyPlayerStatusChange] notifyPlayerStatus:PAUSED
05-22 14:09:26.070816  1774  1891 I ServiceManager: using oneway flag for command: txz.music.inner.musicModel, target = com.txznet.txz
05-22 14:09:26.074883  1466  7810 D xxxx    : [(MediaPriorityManager.java:1)#notifyPlayerStatusChange] notifyPlayerStatus:PAUSED
05-22 14:09:26.075461  1466  7810 D com.txznet.txz.component.music.txz.MusicTongTing::onEndMusic: CORE:MUSIC:onEndMusic[Proguard:1]
05-22 14:09:26.075861  1466  7810 I com.txznet.txz: oneway function results will be dropped but finished with status OK and parcel size 8
05-22 14:09:26.076049  1466  1713 I ServiceManager: using oneway flag for command: comm.status.onEndMusic, target = com.txznet.childrencompany
05-22 14:09:26.076482  1466  1500 D com.txznet.comm.remote.ServiceHandlerBase: [com.txznet.comm.remote.ServiceHandlerBase::preInvoke]music:receive:handler:AIDL:com.txznet.txz,from:com.txznet.music/txz.music.inner.musicModel[Proguard:2]
05-22 14:09:26.076774  1466  1500 D com.txznet.txz.O00000o.O0000oOo.O0000oo::O000000o: CORE:MUSIC:receiver:command:inner.musicModel,from:com.txznet.music[Proguard:33]
05-22 14:09:26.076858  1466  1713 I ServiceManager: using oneway flag for command: comm.status.onEndMusic, target = com.txznet.music
05-22 14:09:26.077310  1774  1774 D addOnOffsetChanged:: 0.0offset    -296
05-22 14:09:26.077381  1774  1774 D MainActivity: isTitleClosed:true
05-22 14:09:26.077504  1774  1801 D com.txznet.comm.remote.ServiceHandlerBase: [com.txznet.comm.remote.ServiceHandlerBase::preInvoke]music:receive:handler:AIDL:com.txznet.music,from:com.txznet.txz/comm.status.onEndMusic[ServiceHandlerBase.java:38]
05-22 14:09:26.077520  1466  1500 D com.txznet.txz.module.app.O0000Oo: [com.txznet.txz.module.app.O0000Oo::O0000o]NavThirdApp packageName:com.txznet.music[Proguard:1]
05-22 14:09:26.077662  1774 14999 I KGSDK.JNI.KugouPlayer: before create player 44100 2
05-22 14:09:26.077718  1774 14999 I KGSDK.JNI.KugouPlayer: -------createAudioPlayer in AudioOutput prepare !mbNoPlayer
05-22 14:09:26.077759  1774 14999 I KGSDK.JNI.KugouPlayer: -------createAudioPlayer playerType:0 audioStreamType:-2 playerOptions:5
05-22 14:09:26.077774  9540  9559 D com.txznet.comm.remote.ServiceHandlerBase: [com.txznet.comm.remote.ServiceHandlerBase::preInvoke]music:receive:handler:AIDL:com.txznet.childrencompany,from:com.txznet.txz/comm.status.onEndMusic[ServiceHandlerBase.java:38]
05-22 14:09:26.077784  1466  1500 D com.txznet.txz.component.music.txz.MusicTongTing::getMusicVersionCode: MusicTongTing::getMusicVersion 10000[Proguard:6]
05-22 14:09:26.077845  1774 14999 I KGSDK.JNI.KugouPlayer: -------new NativeAudioTrack
05-22 14:09:26.077934  1774 14999 I KGSDK.JNI.KugouPlayer: ++++++before call new AudioTrack++++++ playerType:0
05-22 14:09:26.077989  1466  1500 I com.txznet.txz: oneway function results will be dropped but finished with status OK and parcel size 8
05-22 14:09:26.078124  9540  9559 I childrencompan: oneway function results will be dropped but finished with status OK and parcel size 8
05-22 14:09:26.078169  1774 14999 I KGSDK.NativeAudioTrack111143775: NativeAudioTrack samplerate:44100, channels:2, playerType: 0, options:5, audioStreamType:-2
05-22 14:09:26.078222  1774 14999 I KGSDK.NativeAudioTrack111143775: NativeAudioTrack create...
05-22 14:09:26.078767  1774  1801 I om.txznet.musi: oneway function results will be dropped but finished with status OK and parcel size 8
05-22 14:09:26.079411  1466  1713 I ServiceManager: using oneway flag for command: comm.status.onEndMusic, target = com.txznet.adapter
05-22 14:09:26.079627  1774 14999 I KGSDK.NativeAudioTrack111143775: initAudioTrack, mPlayerType: 0, mSampleRate: 44100, channelConfig: 2, targetAudioStreamType: -2
05-22 14:09:26.079784  1774 14999 I KGSDK.KGAudioTrackFactory: createByPlayerType type=0
05-22 14:09:26.080236  1774 15002 I KGSDK.JNI.KugouPlayer: cache completion!!! currentCacheSize is 179900
05-22 14:09:26.081512  1466  1713 I ServiceManager: using oneway flag for command: comm.status.onEndMusic, target = com.txznet.txz
05-22 14:09:26.081588  8666  8685 I .txznet.adapte: oneway function results will be dropped but finished with status OK and parcel size 8
05-22 14:09:26.081928  1466  1713 D com.txznet.comm.remote.ServiceHandlerBase: [com.txznet.comm.remote.ServiceHandlerBase::preInvoke]music:receive:handler:AIDL:com.txznet.txz,from:com.txznet.txz/comm.status.onEndMusic[Proguard:2]
05-22 14:09:26.082389  1466  1713 I ServiceManager: using oneway flag for command: comm.status.onEndMusic, target = com.txznet.txzsetting
05-22 14:09:26.082855  2358  5531 D TXZ     : music:receive:handler:AIDL:com.txznet.txzsetting,from:com.txznet.txz/comm.status.onEndMusic
05-22 14:09:26.083222  2358  5531 I znet.txzsettin: oneway function results will be dropped but finished with status OK and parcel size 8
05-22 14:09:26.085221   368  1440 W AudioFlinger: createTrack_l(): mismatch between requested flags (00000008) and output flags (00000006)
05-22 14:09:26.085569   368  1440 D AudioFlinger: Client defaulted notificationFrames to 22050 for frameCount 44100
05-22 14:09:26.088301   368  1440 D AF::TrackHandle: OpPlayAudio: track:155 usage:1 not muted
05-22 14:09:26.091894  1466  1713 I ServiceManager: using oneway flag for command: comm.status.onEndMusic, target = com.geely.system.tts
05-22 14:09:26.092969   327   560 D DefaultVehicleHal_v2_0: get: get = 28700014 ,area MCU,bytes size>0 and timestamp!=0
05-22 14:09:26.093319   457   480 D iCanService-rvc-pdc-avm: acc values[0] is 1
05-22 14:09:26.093596   457   480 D iCanService-rvc-pdc-avm: AVM request:0
05-22 14:09:26.093630   457   480 I chatty  : uid=0(root) /system/bin/rvcService identical 1 line
05-22 14:09:26.093651   457   480 D iCanService-rvc-pdc-avm: AVM request:0
05-22 14:09:26.093667   457   480 D iCanService-rvc-pdc-avm: AVM request:8
05-22 14:09:26.095130  3657  3678 D com.txznet.comm.remote.ServiceHandlerBase: [com.txznet.comm.remote.ServiceHandlerBase::preInvoke]music:receive:handler:AIDL:com.geely.system.tts,from:com.txznet.txz/comm.status.onEndMusic[ServiceHandlerBase.java:2]
05-22 14:09:26.095531  3657  3678 I eely.system.tt: oneway function results will be dropped but finished with status OK and parcel size 8
05-22 14:09:26.095918  1774  1774 D MainActivity: playerType : 0
05-22 14:09:26.096456   848   848 E mytest2 :  type = 2 mList.sze = 10 com.txznet.music
05-22 14:09:26.096518   848   848 I chatty  : uid=10101(com.bicv.e04) com.android.systemui identical 1 line
05-22 14:09:26.096587   848   848 E mytest2 :  type = 2 mList.sze = 10 com.txznet.music
05-22 14:09:26.097328  1774  1774 I KGSDK.PlayController: msg.what = 5, msg.arg1 = 1, msg.arg2 = 0
05-22 14:09:26.097427  1774  1774 I KGSDK.PlayController: currentThread:2 hashCode:180058306
05-22 14:09:26.097452   848   848 E mytest2 :  type = 1 mList.sze = 10 com.jsbd.btphone
05-22 14:09:26.097471  1774  1774 I KGSDK.PlayController: msg= 5, 1, 0 - 180058306
05-22 14:09:26.097510   848   848 E mytest2 :  type = 1 mList.sze = 10 com.jsbd.btphone
05-22 14:09:26.097540   848   848 E mytest2 :  type = 1 mList.sze = 10 com.mojiweather
05-22 14:09:26.097595   848   848 E mytest2 :  type = 1 mList.sze = 10 com.mojiweather
05-22 14:09:26.097616  1774 14999 W AudioTrack: Use of stream types is deprecated for operations other than volume control
05-22 14:09:26.097651   848   848 E mytest2 :  type = 1 mList.sze = 10 com.jsbd.btphone
05-22 14:09:26.097678  1774 14999 W AudioTrack: See the documentation of AudioTrack() for what to use instead with android.media.AudioAttributes to qualify your playback use case
05-22 14:09:26.097710   848   848 E mytest2 :  type = 1 mList.sze = 10 com.mojiweather
