11-27 10:09:19.652301  3765  3765 I SensorModule: onFunctionValueChanged:funId(0x00101700) propId(INFO_ID_YRS_LONGIT_ACCE) funcValue(0x000007b9) propValue(1977)
11-27 10:09:19.652381  3765  3765 I MyCarLog-->10: myCar.CarFuncManager==>-->onSensorValueChanged: 1054464  value-0.023000002
11-27 10:09:19.672265  1034  1460 D BaseConnectManager.java: [ (BaseConnectManager.java:155)#IsServiceConnected ] [isServiceConnected] tryConnect true;isConnected true
11-27 10:09:19.672574  1837  1865 I tbox_jni: TboxBaseInfomation isServiceAvailable ret = 1
11-27 10:09:19.672709  1837  1865 D TboxService.java: [ (TboxService.java:396)#TboxBaseInfomationIsServiceAvailable ] TboxBaseInfomationIsServiceAvailable serviceAvailable:true pid:1034
11-27 10:09:19.726263   903  2832 I CarClusterService: sendHeartToIPK ack =1
11-27 10:09:19.726425   903  2832 I CarClusterService: sendHeartToDMS ack = 1
11-27 10:09:19.730594   359   444 D McuUtils: dumpFrame:88 mcu read=[55,AA,03,06,0B,04,00,00,00,00,EB]
11-27 10:09:19.730679   359   440 D McuUtils: dumpFrame:88 mcu send=[55,AA,00,03,0B,04,00,EE]
11-27 10:09:19.739910   433   433 W cp      : service[413]:Jan  1 00:08:22.960433 [  506.329834]: recv IVIHeart msg !!!
11-27 10:09:19.739973   433   433 W cp      : service[413]:Jan  1 00:08:22.964139 [  506.333539]: dfs recv unkown msg ----> type.googleapis.com/com.android.car.bicvcluster.DMSHeart
11-27 10:09:19.790892   359   444 D McuUtils: dumpFrame:88 mcu read=[55,AA,03,04,0B,80,00,64,0D]
11-27 10:09:19.791002   359   440 D McuUtils: dumpFrame:88 mcu send=[55,AA,00,03,0B,80,00,72]
11-27 10:09:19.816046   433   433 W cp      : MixtureService[416]:Jan  1 00:08:23.036356 [  506.405781]: Mixture: Curr OnMessage ID is : 1Curr OnMessage Statu : 1
11-27 10:09:19.840640   359   444 D McuUtils: dumpFrame:88 mcu read=[55,AA,03,11,13,02,23,00,00,00,02,9E,08,13,09,0A,1B,0B,17,00,00,AC]
11-27 10:09:19.840765   359   440 D McuUtils: dumpFrame:88 mcu send=[55,AA,00,03,13,02,23,C5]
11-27 10:09:19.866664   433   433 W cp      : TcService[417]:Jan  1 00:08:23.085766 [  506.455167]: TcServiceProcess: Curr OnMessage ID is : 46Curr OnMessage Statu : 1
11-27 10:09:19.935610   359   444 D McuUtils: dumpFrame:88 mcu read=[55,AA,03,11,13,02,5E,00,00,00,01,31,08,00,00,07,BB,00,00,00,00,80]
11-27 10:09:19.935732   359   440 D McuUtils: dumpFrame:88 mcu send=[55,AA,00,03,13,02,5E,8A]
11-27 10:09:19.940603   359   444 D McuUtils: dumpFrame:88 mcu read=[55,AA,03,06,0B,04,00,00,00,00,EB]
11-27 10:09:19.940709   359   440 D McuUtils: dumpFrame:88 mcu send=[55,AA,00,03,0B,04,00,EE]
11-27 10:09:19.947544  3765  3765 I SensorModule: onFunctionValueChanged:funId(0x00101700) propId(INFO_ID_YRS_LONGIT_ACCE) funcValue(0x000007bb) propValue(1979)
11-27 10:09:19.947618  3765  3765 I MyCarLog-->10: myCar.CarFuncManager==>-->onSensorValueChanged: 1054464  value-0.021000028
11-27 10:09:20.057287   641   737 I ConnectivityService: ping VGM result connect!
11-27 10:09:20.057397   641   737 I ConnectivityService: mNetDisconnectFlag:false, mNetDisconnectTime:0, currtime:504661
11-27 10:09:20.069276  1123  3153 I CameraCheck_native: CameraCheck lockbuf:
11-27 10:09:20.069368  1123  3153 I CameraCheck_native: CameraCheck fd:56
11-27 10:09:20.072837  1123  3153 I CameraCheck_native: CameraCheck result:4
11-27 10:09:20.072893  1123  3153 I CameraCheck_native: 111111 CameraCheck num:8
11-27 10:09:20.072914  1123  3153 I CameraCheck_native: CameraCheck::currentStatus :8
11-27 10:09:20.072925  1123  3153 I CameraCheck_native: CameraCheck::syncLock :8
11-27 10:09:20.073406   641   737 I ConnectivityService: ping tbox result connect!
11-27 10:09:20.088647   347  5637 D resolv  : res_nquerydomain: (null, 1, 1)
11-27 10:09:20.088793   347  5637 D resolv  : res_nquery: (1, 1)
11-27 10:09:20.088854   347  5637 D resolv  : res_nmkquery: (QUERY, IN, A)
11-27 10:09:20.088921   347  5637 D resolv  : res_nsend
11-27 10:09:20.088978   347  5637 I resolv  : resolv_cache_lookup: lookup
11-27 10:09:20.089064   347  5637 I resolv  : resolv_cache_lookup: FOUND IN CACHE entry=0xb400f506da097b30
11-27 10:09:20.089175   347  5637 D resolv  : GetHostByNameHandler::run: result: Success
11-27 10:09:20.090379  1087  2195 D NetworkMonitor/103: isDataStall: result=false, tcp packets received=10084, latest tcp fail rate=-1
11-27 10:09:20.090636   359   444 D McuUtils: dumpFrame:88 mcu read=[55,AA,03,11,13,02,68,00,00,00,00,CA,08,00,00,00,28,D2,71,00,00,35]
11-27 10:09:20.090727   359   440 D McuUtils: dumpFrame:88 mcu send=[55,AA,00,03,13,02,68,80]
11-27 10:09:20.095599   359   444 D McuUtils: dumpFrame:88 mcu read=[55,AA,03,04,0B,80,00,64,0D]
11-27 10:09:20.095700   359   440 D McuUtils: dumpFrame:88 mcu send=[55,AA,00,03,0B,80,00,72]
11-27 10:09:20.155598   359   444 D McuUtils: dumpFrame:88 mcu read=[55,AA,03,06,0B,04,00,00,00,00,EB]
11-27 10:09:20.155698   359   440 D McuUtils: dumpFrame:88 mcu send=[55,AA,00,03,0B,04,00,EE]
11-27 10:09:20.158422   641   737 I ConnectivityService: NetworkCheck networkType Ethernet, isAvailable:true, mIsAvailable:true, time 85ms, info:PING www.a.shifen.com (157.148.69.74) 56(84) bytes of data.
11-27 10:09:20.158422   641   737 I ConnectivityService: 64 bytes from 157.148.69.74: icmp_seq=1 ttl=52 time=64.8 ms
11-27 10:09:20.158422   641   737 I ConnectivityService: 
11-27 10:09:20.158422   641   737 I ConnectivityService: --- www.a.shifen.com ping statistics ---
11-27 10:09:20.158422   641   737 I ConnectivityService: 1 packets transmitted, 1 received, 0% packet loss, time 0ms
11-27 10:09:20.158422   641   737 I ConnectivityService: rtt min/avg/max/mdev = 64.890/64.890/64.890/0.000 ms
11-27 10:09:20.185601   359   444 D McuUtils: dumpFrame:88 mcu read=[55,AA,03,06,03,03,00,01,30,00,C3]
11-27 10:09:20.185696   359   440 D McuUtils: dumpFrame:88 mcu send=[55,AA,00,03,03,03,00,F7]
11-27 10:09:20.185756   359   440 I PowerManager: processMessage, mcu read id(0303) powerState = 1
11-27 10:09:20.190633   359   444 D McuUtils: dumpFrame:88 mcu read=[55,AA,03,07,0B,35,00,00,00,07,3B,77]
11-27 10:09:20.190710   359   440 D McuUtils: dumpFrame:88 mcu send=[55,AA,00,03,0B,35,00,BD]
11-27 10:09:20.195658   359   444 D McuUtils: dumpFrame:88 mcu read=[55,AA,03,07,0B,2C,00,00,00,D3,1E,D1]
11-27 10:09:20.195814   359   440 D McuUtils: dumpFrame:88 mcu send=[55,AA,00,03,0B,2C,00,C6]
11-27 10:09:20.201354   903   933 D PowerManagerService: handlePropertyEvent powerState = 1
11-27 10:09:20.201593   903   933 D BDKeyService: handlePropertyEvent property_id = ID_MCU_POWER_STATE
11-27 10:09:20.201654   903   933 D BDKeyService: handleKeyEvent ID_MCU_POWER_STATE = 1
11-27 10:09:20.211437   641  1221 D WifiNl80211Manager: Scan result ready event
11-27 10:09:20.211533   641  1221 D WifiNative: Scan result ready event
11-27 10:09:20.215383   641   735 D WificondScannerImpl: Filtering out WIFI_SCAN_RESULTS_AVAILABLE singleScanResults size=3
11-27 10:09:20.217603   641   732 D PasspointManager: ANQP entry not found for: e2:02:83:7b:5d:7c:<mimimi>
11-27 10:09:20.217858   641   732 D PasspointManager: ANQP entry not found for: ee:ec:6f:b4:56:60:<nubia Z40S Pro>
11-27 10:09:20.230602   359   444 D McuUtils: dumpFrame:88 mcu read=[55,AA,03,11,13,02,30,00,00,00,02,35,08,00,00,00,00,01,39,10,00,21]
11-27 10:09:20.231352   359   440 D McuUtils: dumpFrame:88 mcu send=[55,AA,00,03,13,02,30,B8]
11-27 10:09:20.240604   359   444 D McuUtils: dumpFrame:88 mcu read=[55,AA,03,11,13,02,5E,00,00,00,01,31,08,00,00,07,B9,00,00,00,00,82]
11-27 10:09:20.240723   359   440 D McuUtils: dumpFrame:88 mcu send=[55,AA,00,03,13,02,5E,8A]
11-27 10:09:20.242707  3765  3765 I SensorModule: onFunctionValueChanged:funId(0x00101700) propId(INFO_ID_YRS_LONGIT_ACCE) funcValue(0x000007b9) propValue(1977)
11-27 10:09:20.242764  3765  3765 I MyCarLog-->10: myCar.CarFuncManager==>-->onSensorValueChanged: 1054464  value-0.023000002
11-27 10:09:20.286064   359   442 D McuUtils: dumpFrame:88 mcu send=[55,AA,01,04,03,13,00,00,E6]
11-27 10:09:20.297042   433   433 S r52     : ipc:AP Heartbeat---
11-27 10:09:20.300611   359   444 D McuUtils: dumpFrame:88 mcu read=[55,AA,01,04,03,14,00,00,E5]
11-27 10:09:20.300759   359   440 I PowerManager: processMessage, mcu read id(0314) status = 0
11-27 10:09:20.305596   359   444 D McuUtils: dumpFrame:88 mcu read=[55,AA,03,06,03,08,00,00,0D,08,DA]
11-27 10:09:20.305666   359   440 D McuUtils: dumpFrame:88 mcu send=[55,AA,00,03,03,08,00,F2]
11-27 10:09:20.305707   359   440 I PowerManager: processMessage, mcu read id(0308) State = 0
11-27 10:09:20.360634   359   444 D McuUtils: dumpFrame:88 mcu read=[55,AA,03,06,0B,04,00,00,00,00,EB]
11-27 10:09:20.360778   359   440 D McuUtils: dumpFrame:88 mcu send=[55,AA,00,03,0B,04,00,EE]
11-27 10:09:20.390642   359   444 D McuUtils: dumpFrame:88 mcu read=[55,AA,03,11,13,02,68,00,00,00,00,CA,08,00,00,00,28,E2,71,00,00,25]
11-27 10:09:20.390706   359   444 D McuUtils: dumpFrame:88 mcu read=[55,AA,03,04,0B,80,00,64,0D]
11-27 10:09:20.390754   359   440 D McuUtils: dumpFrame:88 mcu send=[55,AA,00,03,13,02,68,80]
11-27 10:09:20.390805   359   440 D McuUtils: dumpFrame:88 mcu send=[55,AA,00,03,0B,80,00,72]
11-27 10:09:20.408136  1837  3163 I tbox_jni: subscribe ack is = 1.
11-27 10:09:20.409754  1837  3163 D tbox_jni: GNSSInfo subscribe ack is = 1
11-27 10:09:20.411979  1837  3163 I tbox_jni: tXCallInformation subscribe ack is = 1.
11-27 10:09:20.413423  1837  3163 I tbox_jni: TBoxSystemFunctionsSubscribeAckCallback 1
11-27 10:09:20.418452  1837  3164 D tbox_jni: tGNSSInformation_NeraDataTransmitionCallback size:0
11-27 10:09:20.430606   359   444 D McuUtils: dumpFrame:88 mcu read=[55,AA,03,11,13,02,30,00,00,00,02,35,08,00,00,00,00,01,39,00,00,31]
11-27 10:09:20.430726   359   440 D McuUtils: dumpFrame:88 mcu send=[55,AA,00,03,13,02,30,B8]
11-27 10:09:20.447636   359   451 I VehicleEmulator_v2_0: doSetValueToCan:257  propid: 297002e6
11-27 10:09:20.447847   359   451 D McuUtils: dumpFrame:88 mcu send=[55,AA,03,09,13,01,00,00,01,03,00,CB,00,14]
11-27 10:09:20.448048   903  2167 D MapInfoReceiver: setProperty INFO_ID_MMI_NAV_RAMP_DISTANCE nextRampDistance:null,rampDistanceLevel:0
11-27 10:09:20.460602   359   444 D McuUtils: dumpFrame:88 mcu read=[55,AA,00,03,13,01,00,E9]
11-27 10:09:20.535637   359   444 D McuUtils: dumpFrame:88 mcu read=[55,AA,03,34,01,0B,00,04,00,04,00,00,00,00,00,00,00,00,00,22,00,21,34,00,00,01,FE,1F,7B,00,00,01,80,00,00,00,01,2B,0C,1D,01,0F,82,0C,01,0F,82,0C,01,2B,0C,1D,00,00,6A,99,3E]
11-27 10:09:20.535769   359   444 D McuUtils: dumpFrame:88 mcu read=[55,AA,03,11,13,02,5E,00,00,00,01,31,08,00,00,07,BB,00,00,00,00,80]
11-27 10:09:20.535783   359   440 D McuUtils: dumpFrame:88 mcu send=[55,AA,00,03,01,0B,00,F1]
11-27 10:09:20.535852   359   440 D McuUtils: dumpFrame:88 mcu send=[55,AA,00,03,13,02,5E,8A]
11-27 10:09:20.547825  3765  3765 I SensorModule: onFunctionValueChanged:funId(0x00101700) propId(INFO_ID_YRS_LONGIT_ACCE) funcValue(0x000007bb) propValue(1979)
11-27 10:09:20.547921  3765  3765 I MyCarLog-->10: myCar.CarFuncManager==>-->onSensorValueChanged: 1054464  value-0.021000028
11-27 10:09:20.570627   359   444 D McuUtils: dumpFrame:88 mcu read=[55,AA,03,06,0B,04,00,00,00,00,EB]
11-27 10:09:20.570784   359   440 D McuUtils: dumpFrame:88 mcu send=[55,AA,00,03,0B,04,00,EE]
11-27 10:09:20.590733   359   444 D McuUtils: dumpFrame:88 mcu read=[55,AA,03,04,03,22,00,01,D6]
11-27 10:09:20.590843   359   440 D McuUtils: dumpFrame:88 mcu send=[55,AA,00,03,03,22,00,D8]
11-27 10:09:20.595584   359   444 D McuUtils: dumpFrame:88 mcu read=[55,AA,03,05,0B,53,00,1F,FF,7F]
11-27 10:09:20.595663   359   440 D McuUtils: dumpFrame:88 mcu send=[55,AA,00,03,0B,53,00,9F]
11-27 10:09:20.600517   433   433 W cp      : VehicleService[412]:Jan  1 00:08:23.823713 [  507.193129]: [CHECK_ONCHANGE_EVENT]: PowerMode
11-27 10:09:20.600600   433   433 W cp      : MixtureService[416]:Jan  1 00:08:23.824559 [  507.193972]: handlemPowerMode ------------------ Power1
11-27 10:09:20.600648   433   433 W cp      : MixtureService[416]:Jan  1 00:08:23.824873 [  507.194156]: ProcesshandlemPowerMode ------------------ Power1
11-27 10:09:20.630603   359   444 D McuUtils: dumpFrame:88 mcu read=[55,AA,03,11,13,02,30,00,00,00,02,35,08,00,00,00,00,01,39,10,00,21]
11-27 10:09:20.630697   359   440 D McuUtils: dumpFrame:88 mcu send=[55,AA,00,03,13,02,30,B8]
11-27 10:09:20.647198  3410  3431 I TXZ_NATIVE_ASR: [_Unisound_AsrEngineFeedData] kws real ratio = 0.081186,proc total pcm=187857ms [2047]
11-27 10:09:20.690612   359   444 D McuUtils: dumpFrame:88 mcu read=[55,AA,03,04,0B,80,00,64,0D]
11-27 10:09:20.690714   359   440 D McuUtils: dumpFrame:88 mcu send=[55,AA,00,03,0B,80,00,72]
11-27 10:09:20.780607   359   444 D McuUtils: dumpFrame:88 mcu read=[55,AA,03,06,0B,04,00,00,00,00,EB]
11-27 10:09:20.780740   359   440 D McuUtils: dumpFrame:88 mcu send=[55,AA,00,03,0B,04,00,EE]
11-27 10:09:20.841359   359   444 D McuUtils: dumpFrame:88 mcu read=[55,AA,03,11,13,02,23,00,00,00,02,9E,08,14,09,0A,1B,0B,17,00,00,AB]
11-27 10:09:20.841505   359   444 D McuUtils: dumpFrame:88 mcu read=[55,AA,03,11,13,02,5E,00,00,00,01,31,08,00,00,07,BA,00,00,00,00,81]
11-27 10:09:20.841533   359   440 D McuUtils: dumpFrame:88 mcu send=[55,AA,00,03,13,02,23,C5]
11-27 10:09:20.841592   359   440 D McuUtils: dumpFrame:88 mcu send=[55,AA,00,03,13,02,5E,8A]
11-27 10:09:20.852895  3765  3765 I SensorModule: onFunctionValueChanged:funId(0x00101700) propId(INFO_ID_YRS_LONGIT_ACCE) funcValue(0x000007ba) propValue(1978)
11-27 10:09:20.852993  3765  3765 I MyCarLog-->10: myCar.CarFuncManager==>-->onSensorValueChanged: 1054464  value-0.021999955
11-27 10:09:20.904888   433   433 D cp      : ARHUDAPP[289]:Jan  1 00:08:24.131199 Debug: QJsonObject({"ID":"calibrationSend","RWFlag":0,"ackFlag":0,"data":[0],"dataID":0,"dataLength":0,"dataType":5,"frameType":0})
11-27 10:09:20.904964   433   433 D cp      : ARHUDAPP[289]:Jan  1 00:08:24.131891 Debug: sendData "{\"ID\":\"calibrationSend\",\"RWFlag\":0,\"ackFlag\":0,\"data\":[0],\"dataID\":0,\"dataLength\":0,\"dataType\":5,\"frameType\":0}"
11-27 10:09:20.904987   433   433 W cp      : HUDService[422]:Jan  1 00:08:24.132144 [  507.501341]: SendCalibration msg: {"ID":"calibrationSend","RWFlag":0,"ackFlag":0,"data":[0],"dataID":0,"dataLength":0,"dataType":5,"frameType":0}
11-27 10:09:20.905003   433   433 W cp      : HUDService[422]:Jan  1 00:08:24.132446 [  507.501875]: DHU: DHU_CAL_RWFlag:0 | DHU_CAL_AckFlag:0 | DHU_CAL_Datalength:0 | DHU_CAL_DataID:0 | DHU_CAL_FrameType:0 | DHU_CAL_DataType:5 | DHU_CAL_Data:0
11-27 10:09:20.986320   359   444 D McuUtils: dumpFrame:88 mcu read=[55,AA,03,04,0B,0E,00,02,E1]
11-27 10:09:20.986459   359   440 D McuUtils: dumpFrame:88 mcu send=[55,AA,00,03,0B,0E,00,E4]
11-27 10:09:20.995666   359   444 D McuUtils: dumpFrame:88 mcu read=[55,AA,03,06,0B,04,00,00,00,00,EB]
11-27 10:09:20.995873   359   444 D McuUtils: dumpFrame:88 mcu read=[55,AA,03,04,0B,80,00,64,0D]
11-27 10:09:20.995906   359   440 D McuUtils: dumpFrame:88 mcu send=[55,AA,00,03,0B,04,00,EE]
11-27 10:09:20.996023   359   440 D McuUtils: dumpFrame:88 mcu send=[55,AA,00,03,0B,80,00,72]
11-27 10:09:21.073045  1123  3153 I CameraCheck_native: CameraCheck lockbuf:
11-27 10:09:21.073130  1123  3153 I CameraCheck_native: CameraCheck fd:56
11-27 10:09:21.075599  1123  3153 I CameraCheck_native: CameraCheck result:4
11-27 10:09:21.075626  1123  3153 I CameraCheck_native: 111111 CameraCheck num:8
11-27 10:09:21.075644  1123  3153 I CameraCheck_native: CameraCheck::currentStatus :8
11-27 10:09:21.075656  1123  3153 I CameraCheck_native: CameraCheck::syncLock :8
11-27 10:09:21.140624   359   444 D McuUtils: dumpFrame:88 mcu read=[55,AA,03,11,13,02,5E,00,00,00,01,31,08,00,00,07,BA,00,00,00,00,81]
11-27 10:09:21.140771   359   440 D McuUtils: dumpFrame:88 mcu send=[55,AA,00,03,13,02,5E,8A]
11-27 10:09:21.191097   359   444 D McuUtils: dumpFrame:88 mcu read=[55,AA,03,07,0B,35,00,00,00,07,3C,76]
11-27 10:09:21.191289   359   440 D McuUtils: dumpFrame:88 mcu send=[55,AA,00,03,0B,35,00,BD]
11-27 10:09:21.195600   359   444 D McuUtils: dumpFrame:88 mcu read=[55,AA,03,07,0B,2C,00,00,00,D3,1F,D0]
11-27 10:09:21.195739   359   440 D McuUtils: dumpFrame:88 mcu send=[55,AA,00,03,0B,2C,00,C6]
11-27 10:09:21.205624   359   444 D McuUtils: dumpFrame:88 mcu read=[55,AA,03,06,0B,04,00,00,00,00,EB]
11-27 10:09:21.205795   359   440 D McuUtils: dumpFrame:88 mcu send=[55,AA,00,03,0B,04,00,EE]
11-27 10:09:21.230667   359   444 D McuUtils: dumpFrame:88 mcu read=[55,AA,03,11,13,02,30,00,00,00,02,35,08,00,00,00,00,01,39,00,00,31]
11-27 10:09:21.230971   359   440 D McuUtils: dumpFrame:88 mcu send=[55,AA,00,03,13,02,30,B8]
11-27 10:09:21.290657   359   444 D McuUtils: dumpFrame:88 mcu read=[55,AA,03,04,0B,80,00,64,0D]
11-27 10:09:21.290894   359   440 D McuUtils: dumpFrame:88 mcu send=[55,AA,00,03,0B,80,00,72]
11-27 10:09:21.410602   359   444 D McuUtils: dumpFrame:88 mcu read=[55,AA,03,06,0B,04,00,00,00,00,EB]
11-27 10:09:21.410690   359   440 D McuUtils: dumpFrame:88 mcu send=[55,AA,00,03,0B,04,00,EE]
11-27 10:09:21.419320  1858  3147 I TXZ::CBigDataChannelManager::send: send cmd[13|1] seq[458] bigdata(id=800db516fc006d80971b5e8dc0d5f46d).[big_data_channel_manager.cpp:181]
11-27 10:09:21.419537  1858  3147 D TXZ::IMessageModule::sendEvent: event[4194304|2] from[*CBigDataChannelManager] data_size=[381][message_module.cpp:97]
11-27 10:09:21.419757  1858  2829 D TXZ::CMessageDispatchManager::dispatchEvent: event[4194304|2] from[*CBigDataChannelManager] dispath event to[*CUploadManager][message_dispatch_manager.cpp:265]
11-27 10:09:21.419812  1858  3147 D TXZ::CBigDataChannelManager::send: add PushMid=0[big_data_channel_manager.cpp:212]
11-27 10:09:21.419950  1858  2829 I TXZ::CUploadManager::addUpload: upload(md5=5e4515d3e3f1c73ee00e97a060d709d8,size=334) data to queue ok.[upload_manager.cpp:378]
11-27 10:09:21.420120  1858  2829 I TXZ::CConnFileSvrMgr::sendData: cmd[3|5] from[*CUploadManager] apphead[gzip=0] data_size[65] timeout[10000] method[2] seq[459]: sending.[connfilesvr_mgr.cpp:190]
11-27 10:09:21.420216  1858  2829 D TXZ::CMessageDispatchManager::setTimer: [*CUploadManager]setTimer[1], timeout[1000], times[0], data[0], expired[487849][message_dispatch_manager.cpp:428]
11-27 10:09:21.420347  1858  2829 D TXZ::TXZConnClient::onClientWrite: onClientWrite[txz_conn_client.cpp:117]
11-27 10:09:21.422828  1837  3163 I tbox_jni: subscribe ack is = 1.
11-27 10:09:21.424568  1837  3163 D tbox_jni: GNSSInfo subscribe ack is = 1
11-27 10:09:21.428716  1837  3163 I tbox_jni: tXCallInformation subscribe ack is = 1.
11-27 10:09:21.429459  1837  3163 I tbox_jni: TBoxSystemFunctionsSubscribeAckCallback 1
11-27 10:09:21.433297  1837  3164 D tbox_jni: tGNSSInformation_NeraDataTransmitionCallback size:395
11-27 10:09:21.433482  1837  3164 D tbox_jni: tGNSSInformation CallVoidMethod
11-27 10:09:21.433609  1837  3164 D TboxGNSSInformationManager.java: [ (TboxGNSSInformationManager.java:128)#OnNeraDataTransmition ] TboxGNSSInformationManager onNeraDataTransmition nmea
11-27 10:09:21.433694  1837  3164 D tbox_jni: tGNSSInformation DetachCurrentThread
11-27 10:09:21.433759  1837  3164 D tbox_jni: tGNSSInformation DetachCurrentThread end
11-27 10:09:21.433830  1837  3632 D TboxGNSSInformationManager.java: [ (TboxGNSSInformationManager.java:95)#HandleMessage ] handlerThread------Thread[GnssProdcerThread,5,main]
11-27 10:09:21.433917  1837  3632 D TboxGNSSInformationManager.java: [ (TboxGNSSInformationManager.java:197)#PutQueue ] ttyTBOXGPS message：$GPGSA,A,3,10,18,23,25,28,32,,,,,,,0.9,0.6,0.7*3F
11-27 10:09:21.433917  1837  3632 D TboxGNSSInformationManager.java: $GPGSV,3,1,09,10,49,322,39,15,24,078,16,18,26,202,45,23,84,077,40*78
11-27 10:09:21.433917  1837  3632 D TboxGNSSInformationManager.java: $GPGSV,3,2,09,25,27,158,33,28,10,227,35,32,27,293,43,12,35,113,*78
11-27 10:09:21.433917  1837  3632 D TboxGNSSInformationManager.java: $GPGSV,3,3,09,24,40,040,*46
11-27 10:09:21.433917  1837  3632 D TboxGNSSInformationManager.java: $GPVTG,,T,,M,0.0,N,0.0,K,A*23
11-27 10:09:21.433917  1837  3632 D TboxGNSSInformationManager.java: $GPRMC,020921.00,A,3018.195686,N,12035.756789,E,0.0,,271123,4.3,W,A*0A
11-27 10:09:21.433917  1837  3632 D TboxGNSSInformationManager.java: $GPGGA,020921.00,3018.195686,N,12035.756789,E,1,12,0.6,16.6,M,8.0,M,,*60
11-27 10:09:21.434102  1837  3631 D TboxGNSSInformationManager.java: [ (TboxGNSSInformationManager.java:222)#SaveGNSSdata ] saveGNSSdata isTboxWriteDataRunning：true line:$GPGSA,A,3,10,18,23,25,28,32,,,,,,,0.9,0.6,0.7*3F
11-27 10:09:21.434102  1837  3631 D TboxGNSSInformationManager.java: $GPGSV,3,1,09,10,49,322,39,15,24,078,16,18,26,202,45,23,84,077,40*78
11-27 10:09:21.434102  1837  3631 D TboxGNSSInformationManager.java: $GPGSV,3,2,09,25,27,158,33,28,10,227,35,32,27,293,43,12,35,113,*78
11-27 10:09:21.434102  1837  3631 D TboxGNSSInformationManager.java: $GPGSV,3,3,09,24,40,040,*46
11-27 10:09:21.434102  1837  3631 D TboxGNSSInformationManager.java: $GPVTG,,T,,M,0.0,N,0.0,K,A*23
11-27 10:09:21.434102  1837  3631 D TboxGNSSInformationManager.java: $GPRMC,020921.00,A,3018.195686,N,12035.756789,E,0.0,,271123,4.3,W,A*0A
11-27 10:09:21.434102  1837  3631 D TboxGNSSInformationManager.java: $GPGGA,020921.00,3018.195686,N,12035.756789,E,1,12,0.6,16.6,M,8.0,M,,*60
11-27 10:09:21.434347   368  1065 D unicore_gps: nmea parse(pos=49,f=00): $GPGSA,A,3,10,18,23,25,28,32,,,,,,,0.9,0.6,0.7*3F 
11-27 10:09:21.434758   368  1065 D unicore_gps: r fix_tmp flags has no acc ,gsa acc backup working
11-27 10:09:21.434824   368  1065 D unicore_gps: nmea parse(pos=68,f=00): $GPGSV,3,1,09,10,49,322,39,15,24,078,16,18,26,202,45,23,84,077,40*78 
11-27 10:09:21.435073   368  1065 D unicore_gps: r fix_tmp flags has no acc ,gsa acc backup working
11-27 10:09:21.435124   368  1065 D unicore_gps: nmea parse(pos=66,f=00): $GPGSV,3,2,09,25,27,158,33,28,10,227,35,32,27,293,43,12,35,113,*78 
11-27 10:09:21.435572   368  1065 D unicore_gps: r fix_tmp flags has no acc ,gsa acc backup working
11-27 10:09:21.435634   368  1065 D unicore_gps: nmea parse(pos=27,f=00): $GPGSV,3,3,09,24,40,040,*46 
11-27 10:09:21.435851   368  1065 D unicore_gps: r fix_tmp flags has no acc ,gsa acc backup working
11-27 10:09:21.435893   368  1065 D unicore_gps: nmea parse(pos=29,f=00): $GPVTG,,T,,M,0.0,N,0.0,K,A*23 
11-27 10:09:21.436109   368  1065 D unicore_gps: r fix_tmp flags has no acc ,gsa acc backup working
11-27 10:09:21.436143   368  1065 D unicore_gps: nmea parse(pos=70,f=00): $GPRMC,020921.00,A,3018.195686,N,12035.756789,E,0.0,,271123,4.3,W,A*0A 
11-27 10:09:21.436261   368  1065 D unicore_gps: nmea parse(pos=72,f=05): $GPGGA,020921.00,3018.195686,N,12035.756789,E,1,12,0.6,16.6,M,8.0,M,,*60 
11-27 10:09:21.436414   368  1065 D unicore_gps: r fix_tmp flags has no acc ,gsa acc backup working
11-27 10:09:21.436478   368  1065 D unicore_gps: short nmea
11-27 10:09:21.440602   359   444 D McuUtils: dumpFrame:88 mcu read=[55,AA,03,11,13,02,5E,00,00,00,01,31,08,00,00,07,BB,00,00,00,00,80]
11-27 10:09:21.440719   359   440 D McuUtils: dumpFrame:88 mcu send=[55,AA,00,03,13,02,5E,8A]
11-27 10:09:21.445258   368  1064 D unicore_gps: __gps_timer_thread:2328__ flags=0x00000017 changed=1 num_svs=9
11-27 10:09:21.445329   368  1064 D unicore_gps: gps fix cb: ts=21.000 flags=0x17, lat=30.303261, lon=120.595946, alt=16.60, spd=0.00, cog=0.00
11-27 10:09:21.446211   641   762 D GnssLocationProvider: WakeLock acquired by sendMessage(REPORT_LOCATION, 1, Location[gps 30.303261,120.595946 hAcc=1 et=+8m26s49ms alt=16.6 vel=0.0 vAcc=??? sAcc=??? bAcc=???])
11-27 10:09:21.446343   368  1064 D unicore_gps: sv_list[] =  (G10,39,U) (G12,0,-) (G15,16,-) (G18,45,U) (G23,40,U) (G24,0,-) (G25,33,U) (G28,35,U)
11-27 10:09:21.446343   368  1064 D unicore_gps: 	 (G32,43,U)
11-27 10:09:21.446490   641   762 D GnssLocationProvider: WakeLock acquired by sendMessage(REPORT_SV_STATUS, 0, com.android.server.location.gnss.GnssLocationProvider$SvStatusInfo@8fdf477)
11-27 10:09:21.448750   359   451 I VehicleEmulator_v2_0: doSetValueToCan:257  propid: 297002e6
11-27 10:09:21.448887   359   451 D McuUtils: dumpFrame:88 mcu send=[55,AA,03,09,13,01,00,00,01,03,00,CB,00,14]
11-27 10:09:21.449004   903  2167 D MapInfoReceiver: setProperty INFO_ID_MMI_NAV_RAMP_DISTANCE nextRampDistance:null,rampDistanceLevel:0
11-27 10:09:21.452352  3765  3765 I SensorModule: onFunctionValueChanged:funId(0x00101700) propId(INFO_ID_YRS_LONGIT_ACCE) funcValue(0x000007bb) propValue(1979)
11-27 10:09:21.452592  3765  3765 I MyCarLog-->10: myCar.CarFuncManager==>-->onSensorValueChanged: 1054464  value-0.021000028
11-27 10:09:21.459328   641   658 D GnssLocationProvider: WakeLock released by handleMessage(REPORT_LOCATION, 1, Location[gps 30.303261,120.595946 hAcc=1 et=+8m26s49ms alt=16.6 vel=0.0 vAcc=??? sAcc=??? bAcc=??? {Bundle[{satellites=6, maxCn0=46, meanCn0=40}]}])
11-27 10:09:21.460055   641   658 D GnssLocationProvider: WakeLock released by handleMessage(REPORT_SV_STATUS, 0, com.android.server.location.gnss.GnssLocationProvider$SvStatusInfo@8fdf477)
11-27 10:09:21.461861  3099  3099 D AutoTest_NavTask: query star = 7  gpsCount = 7  bdCount = 0
11-27 10:09:21.470641   359   444 D McuUtils: dumpFrame:88 mcu read=[55,AA,00,03,13,01,00,E9]
11-27 10:09:21.510603   359   444 D McuUtils: dumpFrame:88 mcu read=[55,AA,03,11,13,02,6A,00,00,00,00,B9,08,00,00,00,00,0A,00,80,00,25]
11-27 10:09:21.510719   359   440 D McuUtils: dumpFrame:88 mcu send=[55,AA,00,03,13,02,6A,7E]
11-27 10:09:21.530606   359   444 D McuUtils: dumpFrame:88 mcu read=[55,AA,03,34,01,0B,00,04,00,04,00,00,00,00,00,00,00,00,00,22,00,21,34,00,00,01,FF,1F,7A,00,00,01,80,00,00,00,01,2B,0C,1E,01,0F,82,0D,01,0F,82,0D,01,2B,0C,1E,00,00,6A,99,3A]
11-27 10:09:21.530724   359   440 D McuUtils: dumpFrame:88 mcu send=[55,AA,00,03,01,0B,00,F1]
11-27 10:09:21.536197  1858  2829 D TXZ::CMessageDispatchManager::dispatchMessage: net cmd[3|5] retcode[0] apphead[gzip=0] appdata[size=60] dispath message to[*CUploadManager] seq[459][message_dispatch_manager.cpp:330]
11-27 10:09:21.536301  1858  2829 D TXZ::IMessageModule::sendEvent: event[4194304|4] from[*CUploadManager] data_size=[38][message_module.cpp:97]
11-27 10:09:21.536459  1858  2829 I TXZ::CConnFileSvrMgr::sendData: cmd[3|6] from[*CUploadManager] apphead[gzip=0] data_size[391] timeout[30000] method[2] seq[460]: sending.[connfilesvr_mgr.cpp:190]
11-27 10:09:21.536657  1858  2829 D TXZ::CMessageDispatchManager::dispatchEvent: event[4194304|4] from[*CUploadManager] dispath event to[*CBigDataChannelManager][message_dispatch_manager.cpp:265]
11-27 10:09:21.536743  1858  2829 D TXZ::TXZConnClient::onClientWrite: onClientWrite[txz_conn_client.cpp:117]
11-27 10:09:21.576664   359   447 D McuUtils: dumpFrame:88 ipk read org=[55,AA,01,08,01,01,00,00,00,00,00,01,F5]
11-27 10:09:21.576849   359   445 I android.hardware.automotive.vehicle@2.0-service: processMessage, ipk cmdCtrl = 0x1 ,mainCmdId = 0x1 ,subCmdId = 0x1 ,datalen: 5
11-27 10:09:21.576888   359   445 I DiagnosticManager: processMessage, ipk readId = 0x0101, mainCmdId = 0x1 ,subCmdId = 0x1 , datalen = 5
11-27 10:09:21.576950   359   445 D VehicleHalServer: onSetProperty(745537557)
11-27 10:09:21.590613   359   444 D McuUtils: dumpFrame:88 mcu read=[55,AA,03,04,03,22,00,01,D6]
11-27 10:09:21.590697   359   440 D McuUtils: dumpFrame:88 mcu send=[55,AA,00,03,03,22,00,D8]
11-27 10:09:21.595574   359   444 D McuUtils: dumpFrame:88 mcu read=[55,AA,03,05,0B,53,00,1F,FF,7F]
11-27 10:09:21.595605   359   444 D McuUtils: dumpFrame:88 mcu read=[55,AA,03,04,0B,80,00,64,0D]
11-27 10:09:21.595620   359   440 D McuUtils: dumpFrame:88 mcu send=[55,AA,00,03,0B,53,00,9F]
11-27 10:09:21.595681   359   440 D McuUtils: dumpFrame:88 mcu send=[55,AA,00,03,0B,80,00,72]
11-27 10:09:21.613647   433   433 W cp      : VehicleService[412]:Jan  1 00:08:24.823024 [  508.192428]: [CHECK_ONCHANGE_EVENT]: PowerMode
11-27 10:09:21.613761   433   433 W cp      : MixtureService[416]:Jan  1 00:08:24.823666 [  508.193099]: handlemPowerMode ------------------ Power1
11-27 10:09:21.613802   433   433 W cp      : MixtureService[416]:Jan  1 00:08:24.823777 [  508.193238]: ProcesshandlemPowerMode ------------------ Power1
11-27 10:09:21.620735   359   444 D McuUtils: dumpFrame:88 mcu read=[55,AA,03,06,0B,04,00,00,00,00,EB]
11-27 10:09:21.620833   359   440 D McuUtils: dumpFrame:88 mcu send=[55,AA,00,03,0B,04,00,EE]
11-27 10:09:21.630590   359   444 D McuUtils: dumpFrame:88 mcu read=[55,AA,03,11,13,02,30,00,00,00,02,35,08,00,00,00,00,01,39,10,00,21]
11-27 10:09:21.630663   359   440 D McuUtils: dumpFrame:88 mcu send=[55,AA,00,03,13,02,30,B8]
11-27 10:09:21.679809  2113  3639 I Shadow  : AccessibilityUtilsKt#getNodeInfo#284-->find empty list
11-27 10:09:21.682392  2113  3639 I Shadow  : AccessibilityUtilsKt#getNodeInfo#284-->find empty list
11-27 10:09:21.686145  2113  3639 E AccessibilityInteractionClient: 5 Disconnected nodes.
11-27 10:09:21.692838  1858  2829 D TXZ::CMessageDispatchManager::dispatchMessage: net cmd[3|6] retcode[0] apphead[gzip=0] appdata[size=77] dispath message to[*CUploadManager] seq[460][message_dispatch_manager.cpp:330]
11-27 10:09:21.692902  1858  2829 D TXZ::CUploadManager::onUploadData: seq=[460], errcode=[0] cost time=156[upload_manager.cpp:646]
11-27 10:09:21.692952  1858  2829 D TXZ::IMessageModule::sendEvent: event[4194304|3] from[*CUploadManager] data_size=[72][message_module.cpp:97]
11-27 10:09:21.692996  1858  2829 D TXZ::CMessageDispatchManager::clearTimer: [*CUploadManager]clearTimer[1][message_dispatch_manager.cpp:446]
11-27 10:09:21.693039  1858  2829 D TXZ::CMessageDispatchManager::dispatchEvent: event[4194304|3] from[*CUploadManager] dispath event to[*CBigDataChannelManager][message_dispatch_manager.cpp:265]
11-27 10:09:21.693106  1858  2829 I TXZ::CConnSvrMgr::sendData: cmd[13|1] from[*CBigDataChannelManager] apphead[gzip=0] data_size[0] timeout[30000] method[1] seq[461]: sending.[connsvr_mgr.cpp:267]
11-27 10:09:21.693175  1858  2829 D TXZ::TXZConnClient::onClientWrite: onClientWrite[txz_conn_client.cpp:117]
11-27 10:09:21.694067  2113  3639 I Shadow  : AccessibilityUtilsKt#getNodeInfo#284-->find empty list
11-27 10:09:21.709610  2113  3639 I chatty  : uid=1000(system) keywords_proces identical 4 lines
11-27 10:09:21.713609  2113  3639 I Shadow  : AccessibilityUtilsKt#getNodeInfo#284-->find empty list
11-27 10:09:21.735820   359   444 D McuUtils: dumpFrame:88 mcu read=[55,AA,03,11,13,02,5E,00,00,00,01,31,08,00,00,07,BB,00,00,00,00,80]
11-27 10:09:21.735910   359   440 D McuUtils: dumpFrame:88 mcu send=[55,AA,00,03,13,02,5E,8A]
11-27 10:09:21.790601   359   444 D McuUtils: dumpFrame:88 mcu read=[55,AA,01,04,03,14,00,00,E5]
11-27 10:09:21.790729   359   440 I PowerManager: processMessage, mcu read id(0314) status = 0
11-27 10:09:21.791369   433   433 S r52     : ipc:CP Heartbeat---
11-27 10:09:21.795596   359   444 D McuUtils: dumpFrame:88 mcu read=[55,AA,03,06,03,08,00,00,0D,08,DA]
11-27 10:09:21.795661   359   440 D McuUtils: dumpFrame:88 mcu send=[55,AA,00,03,03,08,00,F2]
11-27 10:09:21.795701   359   440 I PowerManager: processMessage, mcu read id(0308) State = 0
11-27 10:09:21.800583   359   444 D McuUtils: dumpFrame:88 mcu read=[55,AA,00,03,03,13,00,E7]
11-27 10:09:21.809209   359   448 I TemperatureManager: get_soc_temperature mcu socself temperature 5637
11-27 10:09:21.820760   359   448 I TemperatureManager: get_panel_temperature mcu panel temperature 48
11-27 10:09:21.822804   903   933 D PowerManagerService: handlePropertyEvent cpu temperature = 56.37
11-27 10:09:21.822875   903   933 D PowerManagerService: handlePropertyEvent panel temperature = 48.0
11-27 10:09:21.827028  1858  2829 D TXZ::CMessageDispatchManager::dispatchMessage: net cmd[13|1] retcode[0] apphead[gzip=0] appdata[size=14] dispath message to[*DataCenterManager] seq[461][message_dispatch_manager.cpp:330]
11-27 10:09:21.830606   359   444 D McuUtils: dumpFrame:88 mcu read=[55,AA,03,11,13,02,30,00,00,00,02,35,08,00,00,00,00,01,39,00,00,31]
11-27 10:09:21.830725   359   440 D McuUtils: dumpFrame:88 mcu send=[55,AA,00,03,13,02,30,B8]
11-27 10:09:21.835616   359   444 D McuUtils: dumpFrame:88 mcu read=[55,AA,03,06,0B,04,00,00,00,00,EB]
11-27 10:09:21.835734   359   444 D McuUtils: dumpFrame:88 mcu read=[55,AA,03,11,13,02,23,00,00,00,02,9E,08,15,09,0A,1B,0B,17,00,00,AA]
11-27 10:09:21.835748   359   440 D McuUtils: dumpFrame:88 mcu send=[55,AA,00,03,0B,04,00,EE]
11-27 10:09:21.835814   359   440 D McuUtils: dumpFrame:88 mcu send=[55,AA,00,03,13,02,23,C5]
11-27 10:09:21.890641   359   444 D McuUtils: dumpFrame:88 mcu read=[55,AA,03,04,0B,80,00,64,0D]
11-27 10:09:21.891307   359   440 D McuUtils: dumpFrame:88 mcu send=[55,AA,00,03,0B,80,00,72]
11-27 10:09:22.030627   359   444 D McuUtils: dumpFrame:88 mcu read=[55,AA,03,11,13,02,30,00,00,00,02,35,08,00,00,00,00,01,39,10,00,21]
11-27 10:09:22.030803   359   440 D McuUtils: dumpFrame:88 mcu send=[55,AA,00,03,13,02,30,B8]
11-27 10:09:22.036332   359   444 D McuUtils: dumpFrame:88 mcu read=[55,AA,03,11,13,02,5E,00,00,00,01,31,08,00,00,07,BB,00,00,00,00,80]
11-27 10:09:22.036462   359   440 D McuUtils: dumpFrame:88 mcu send=[55,AA,00,03,13,02,5E,8A]
11-27 10:09:22.041291   359   444 D McuUtils: dumpFrame:88 mcu read=[55,AA,03,06,0B,04,00,00,00,00,EB]
11-27 10:09:22.041384   359   440 D McuUtils: dumpFrame:88 mcu send=[55,AA,00,03,0B,04,00,EE]
11-27 10:09:22.075749  1123  3153 I CameraCheck_native: CameraCheck lockbuf:
11-27 10:09:22.075825  1123  3153 I CameraCheck_native: CameraCheck fd:56
11-27 10:09:22.078721  1123  3153 I CameraCheck_native: CameraCheck result:4
11-27 10:09:22.078854  1123  3153 I CameraCheck_native: 111111 CameraCheck num:8
11-27 10:09:22.078919  1123  3153 I CameraCheck_native: CameraCheck::currentStatus :8
11-27 10:09:22.078960  1123  3153 I CameraCheck_native: CameraCheck::syncLock :8
11-27 10:09:22.176126   641   737 I ConnectivityService: ping VGM result connect!
11-27 10:09:22.176208   641   737 I ConnectivityService: mNetDisconnectFlag:false, mNetDisconnectTime:0, currtime:506780
11-27 10:09:22.190621   359   444 D McuUtils: dumpFrame:88 mcu read=[55,AA,03,04,0B,80,00,64,0D]
11-27 10:09:22.190804   359   440 D McuUtils: dumpFrame:88 mcu send=[55,AA,00,03,0B,80,00,72]
11-27 10:09:22.193027   641   737 I ConnectivityService: ping tbox result connect!
11-27 10:09:22.195604   359   444 D McuUtils: dumpFrame:88 mcu read=[55,AA,03,07,0B,35,00,00,00,07,3D,75]
11-27 10:09:22.195682   359   444 D McuUtils: dumpFrame:88 mcu read=[55,AA,03,07,0B,2C,00,00,00,D3,20,CF]
11-27 10:09:22.195696   359   440 D McuUtils: dumpFrame:88 mcu send=[55,AA,00,03,0B,35,00,BD]
11-27 10:09:22.195747   359   440 D McuUtils: dumpFrame:88 mcu send=[55,AA,00,03,0B,2C,00,C6]
11-27 10:09:22.204728   347  5641 D resolv  : res_nquerydomain: (null, 1, 1)
11-27 10:09:22.204847   347  5641 D resolv  : res_nquery: (1, 1)
11-27 10:09:22.204898   347  5641 D resolv  : res_nmkquery: (QUERY, IN, A)
11-27 10:09:22.205039   347  5641 D resolv  : res_nsend
11-27 10:09:22.205092   347  5641 I resolv  : resolv_cache_lookup: lookup
11-27 10:09:22.205166   347  5641 I resolv  : resolv_cache_lookup: FOUND IN CACHE entry=0xb400f506da097b30
11-27 10:09:22.205244   347  5641 D resolv  : GetHostByNameHandler::run: result: Success
11-27 10:09:22.206379  1087  2195 D NetworkMonitor/103: isDataStall: result=false, tcp packets received=10084, latest tcp fail rate=-1
11-27 10:09:22.230679   359   444 D McuUtils: dumpFrame:88 mcu read=[55,AA,03,11,13,02,30,00,00,00,02,35,08,00,00,00,00,01,39,00,00,31]
11-27 10:09:22.230832   359   440 D McuUtils: dumpFrame:88 mcu send=[55,AA,00,03,13,02,30,B8]
11-27 10:09:22.255617   359   444 D McuUtils: dumpFrame:88 mcu read=[55,AA,03,06,0B,04,00,00,00,00,EB]
11-27 10:09:22.255752   359   440 D McuUtils: dumpFrame:88 mcu send=[55,AA,00,03,0B,04,00,EE]
11-27 10:09:22.278707   641   737 I ConnectivityService: NetworkCheck networkType Ethernet, isAvailable:true, mIsAvailable:true, time 85ms, info:PING www.a.shifen.com (157.148.69.74) 56(84) bytes of data.
11-27 10:09:22.278707   641   737 I ConnectivityService: 64 bytes from 157.148.69.74: icmp_seq=1 ttl=52 time=68.4 ms
11-27 10:09:22.278707   641   737 I ConnectivityService: 
11-27 10:09:22.278707   641   737 I ConnectivityService: --- www.a.shifen.com ping statistics ---
11-27 10:09:22.278707   641   737 I ConnectivityService: 1 packets transmitted, 1 received, 0% packet loss, time 0ms
11-27 10:09:22.278707   641   737 I ConnectivityService: rtt min/avg/max/mdev = 68.436/68.436/68.436/0.000 ms
11-27 10:09:22.335628   359   444 D McuUtils: dumpFrame:88 mcu read=[55,AA,03,11,13,02,5E,00,00,00,01,31,08,00,00,07,B9,00,00,00,00,82]
11-27 10:09:22.335789   359   440 D McuUtils: dumpFrame:88 mcu send=[55,AA,00,03,13,02,5E,8A]
11-27 10:09:22.347020  3765  3765 I SensorModule: onFunctionValueChanged:funId(0x00101700) propId(INFO_ID_YRS_LONGIT_ACCE) funcValue(0x000007b9) propValue(1977)
11-27 10:09:22.347108  3765  3765 I MyCarLog-->10: myCar.CarFuncManager==>-->onSensorValueChanged: 1054464  value-0.023000002
11-27 10:09:22.390594   359   444 D McuUtils: dumpFrame:88 mcu read=[55,AA,03,06,03,03,00,01,30,00,C3]
11-27 10:09:22.390680   359   440 D McuUtils: dumpFrame:88 mcu send=[55,AA,00,03,03,03,00,F7]
11-27 10:09:22.390737   359   440 I PowerManager: processMessage, mcu read id(0303) powerState = 1
11-27 10:09:22.406730   903   933 D PowerManagerService: handlePropertyEvent powerState = 1
11-27 10:09:22.406936   903   933 D BDKeyService: handlePropertyEvent property_id = ID_MCU_POWER_STATE
11-27 10:09:22.406981   903   933 D BDKeyService: handleKeyEvent ID_MCU_POWER_STATE = 1
11-27 10:09:22.418172  1837  3163 I tbox_jni: subscribe ack is = 1.
11-27 10:09:22.420908  1837  3163 D tbox_jni: GNSSInfo subscribe ack is = 1
11-27 10:09:22.423744  1837  3163 I tbox_jni: tXCallInformation subscribe ack is = 1.
11-27 10:09:22.424397  1837  3163 I tbox_jni: TBoxSystemFunctionsSubscribeAckCallback 1
11-27 10:09:22.427282  1837  3164 D tbox_jni: tGNSSInformation_NeraDataTransmitionCallback size:393
11-27 10:09:22.427450  1837  3164 D tbox_jni: tGNSSInformation CallVoidMethod
11-27 10:09:22.427583  1837  3164 D TboxGNSSInformationManager.java: [ (TboxGNSSInformationManager.java:128)#OnNeraDataTransmition ] TboxGNSSInformationManager onNeraDataTransmition nmea
11-27 10:09:22.427678  1837  3164 D tbox_jni: tGNSSInformation DetachCurrentThread
11-27 10:09:22.427740  1837  3164 D tbox_jni: tGNSSInformation DetachCurrentThread end
11-27 10:09:22.427877  1837  3632 D TboxGNSSInformationManager.java: [ (TboxGNSSInformationManager.java:95)#HandleMessage ] handlerThread------Thread[GnssProdcerThread,5,main]
11-27 10:09:22.428027  1837  3632 D TboxGNSSInformationManager.java: [ (TboxGNSSInformationManager.java:197)#PutQueue ] ttyTBOXGPS message：$GPGSA,A,3,10,18,23,25,28,32,,,,,,,0.9,0.6,0.7*3F
11-27 10:09:22.428027  1837  3632 D TboxGNSSInformationManager.java: $GPGSV,3,1,09,10,49,322,39,18,26,202,45,23,84,077,40,25,27,158,33*7C
11-27 10:09:22.428027  1837  3632 D TboxGNSSInformationManager.java: $GPGSV,3,2,09,28,10,227,35,32,27,293,43,12,35,113,,15,24,078,*7B
11-27 10:09:22.428027  1837  3632 D TboxGNSSInformationManager.java: $GPGSV,3,3,09,24,40,040,*46
11-27 10:09:22.428027  1837  3632 D TboxGNSSInformationManager.java: $GPVTG,,T,,M,0.0,N,0.0,K,A*23
11-27 10:09:22.428027  1837  3632 D TboxGNSSInformationManager.java: $GPRMC,020922.00,A,3018.195684,N,12035.756789,E,0.0,,271123,4.3,W,A*0B
11-27 10:09:22.428027  1837  3632 D TboxGNSSInformationManager.java: $GPGGA,020922.00,3018.195684,N,12035.756789,E,1,12,0.6,16.6,M,8.0,M,,*61
11-27 10:09:22.428256  1837  3631 D TboxGNSSInformationManager.java: [ (TboxGNSSInformationManager.java:222)#SaveGNSSdata ] saveGNSSdata isTboxWriteDataRunning：true line:$GPGSA,A,3,10,18,23,25,28,32,,,,,,,0.9,0.6,0.7*3F
11-27 10:09:22.428256  1837  3631 D TboxGNSSInformationManager.java: $GPGSV,3,1,09,10,49,322,39,18,26,202,45,23,84,077,40,25,27,158,33*7C
11-27 10:09:22.428256  1837  3631 D TboxGNSSInformationManager.java: $GPGSV,3,2,09,28,10,227,35,32,27,293,43,12,35,113,,15,24,078,*7B
11-27 10:09:22.428256  1837  3631 D TboxGNSSInformationManager.java: $GPGSV,3,3,09,24,40,040,*46
11-27 10:09:22.428256  1837  3631 D TboxGNSSInformationManager.java: $GPVTG,,T,,M,0.0,N,0.0,K,A*23
11-27 10:09:22.428256  1837  3631 D TboxGNSSInformationManager.java: $GPRMC,020922.00,A,3018.195684,N,12035.756789,E,0.0,,271123,4.3,W,A*0B
11-27 10:09:22.428256  1837  3631 D TboxGNSSInformationManager.java: $GPGGA,020922.00,3018.195684,N,12035.756789,E,1,12,0.6,16.6,M,8.0,M,,*61
11-27 10:09:22.428475   368  1065 D unicore_gps: nmea parse(pos=49,f=00): $GPGSA,A,3,10,18,23,25,28,32,,,,,,,0.9,0.6,0.7*3F 
11-27 10:09:22.428726   368  1065 D unicore_gps: r fix_tmp flags has no acc ,gsa acc backup working
11-27 10:09:22.428771   368  1065 D unicore_gps: nmea parse(pos=68,f=00): $GPGSV,3,1,09,10,49,322,39,18,26,202,45,23,84,077,40,25,27,158,33*7C 
11-27 10:09:22.428903   368  1065 D unicore_gps: r fix_tmp flags has no acc ,gsa acc backup working
11-27 10:09:22.428929   368  1065 D unicore_gps: nmea parse(pos=64,f=00): $GPGSV,3,2,09,28,10,227,35,32,27,293,43,12,35,113,,15,24,078,*7B 
11-27 10:09:22.429010   368  1065 D unicore_gps: r fix_tmp flags has no acc ,gsa acc backup working
11-27 10:09:22.429035   368  1065 D unicore_gps: nmea parse(pos=27,f=00): $GPGSV,3,3,09,24,40,040,*46 
11-27 10:09:22.429105   368  1065 D unicore_gps: r fix_tmp flags has no acc ,gsa acc backup working
11-27 10:09:22.429130   368  1065 D unicore_gps: nmea parse(pos=29,f=00): $GPVTG,,T,,M,0.0,N,0.0,K,A*23 
11-27 10:09:22.429319   368  1065 D unicore_gps: r fix_tmp flags has no acc ,gsa acc backup working
11-27 10:09:22.429341   368  1065 D unicore_gps: nmea parse(pos=70,f=00): $GPRMC,020922.00,A,3018.195684,N,12035.756789,E,0.0,,271123,4.3,W,A*0B 
11-27 10:09:22.429438   368  1065 D unicore_gps: nmea parse(pos=72,f=05): $GPGGA,020922.00,3018.195684,N,12035.756789,E,1,12,0.6,16.6,M,8.0,M,,*61 
11-27 10:09:22.429534   368  1065 D unicore_gps: r fix_tmp flags has no acc ,gsa acc backup working
11-27 10:09:22.429564   368  1065 D unicore_gps: short nmea
11-27 10:09:22.449729   359   451 I VehicleEmulator_v2_0: doSetValueToCan:257  propid: 297002e6
11-27 10:09:22.449893   359   451 D McuUtils: dumpFrame:88 mcu send=[55,AA,03,09,13,01,00,00,01,03,00,CB,00,14]
11-27 10:09:22.450023   903  2167 D MapInfoReceiver: setProperty INFO_ID_MMI_NAV_RAMP_DISTANCE nextRampDistance:null,rampDistanceLevel:0
11-27 10:09:22.454392   368  1064 D unicore_gps: __gps_timer_thread:2328__ flags=0x00000017 changed=1 num_svs=9
11-27 10:09:22.454523   368  1064 D unicore_gps: gps fix cb: ts=22.000 flags=0x17, lat=30.303261, lon=120.595946, alt=16.60, spd=0.00, cog=0.00
11-27 10:09:22.455503   641   960 D GnssLocationProvider: WakeLock acquired by sendMessage(REPORT_LOCATION, 1, Location[gps 30.303261,120.595946 hAcc=1 et=+8m27s58ms alt=16.6 vel=0.0 vAcc=??? sAcc=??? bAcc=???])
11-27 10:09:22.455668   368  1064 D unicore_gps: sv_list[] =  (G10,39,U) (G12,0,-) (G15,0,-) (G18,45,U) (G23,40,U) (G24,0,-) (G25,33,U) (G28,35,U)
11-27 10:09:22.455668   368  1064 D unicore_gps: 	 (G32,43,U)
11-27 10:09:22.455922   641   960 D GnssLocationProvider: WakeLock acquired by sendMessage(REPORT_SV_STATUS, 0, com.android.server.location.gnss.GnssLocationProvider$SvStatusInfo@fa788e4)
11-27 10:09:22.460530   641   658 D GnssLocationProvider: WakeLock released by handleMessage(REPORT_LOCATION, 1, Location[gps 30.303261,120.595946 hAcc=1 et=+8m27s58ms alt=16.6 vel=0.0 vAcc=??? sAcc=??? bAcc=??? {Bundle[{satellites=6, maxCn0=45, meanCn0=39}]}])
11-27 10:09:22.460612   359   444 D McuUtils: dumpFrame:88 mcu read=[55,AA,03,06,0B,04,00,00,00,00,EB]
11-27 10:09:22.460687   359   440 D McuUtils: dumpFrame:88 mcu send=[55,AA,00,03,0B,04,00,EE]
11-27 10:09:22.461340   641   658 D GnssLocationProvider: WakeLock released by handleMessage(REPORT_SV_STATUS, 0, com.android.server.location.gnss.GnssLocationProvider$SvStatusInfo@fa788e4)
11-27 10:09:22.464125   813  2610 D bicv_permission_PermissionManagerService: isPermissionMasterEnable() result = true,perName = android.permission.ACCESS_FINE_LOCATION,calling pid =2521
11-27 10:09:22.464116  3099  3099 D AutoTest_NavTask: query star = 6  gpsCount = 6  bdCount = 0
11-27 10:09:22.464243  2521  2521 D bicv_permission_PermissionManager: checkPermission() called with: pkgName = [com.mojiweather], perName = [android.permission.ACCESS_FINE_LOCATION]
11-27 10:09:22.464380   813  2610 D bicv_permission_PermissionManagerService: checkPermission() called with: pkgName = [com.mojiweather], perName = [android.permission.ACCESS_FINE_LOCATION], calling pid = 2521
11-27 10:09:22.464462   813  2610 D bicv_permission_PermissionManagerService: isPermissionMasterEnable() result = true,perName = android.permission.ACCESS_FINE_LOCATION,calling pid =2521
11-27 10:09:22.464488   813  2610 D bicv_permission_PermissionManagerService: checkPermissionForApps() called with: pkgName = [com.mojiweather], perName = [android.permission.ACCESS_FINE_LOCATION], calling pid = 2521
11-27 10:09:22.464526   813  2610 D bicv_permission_PermissionManagerService: checkPermissionForApps() permissionResult = [0]
11-27 10:09:22.464545   813  2610 D bicv_permission_PermissionManagerService: checkPermission() permissionResult = [0]
11-27 10:09:22.465070   813  2610 D bicv_permission_PermissionManagerService: isPermissionMasterEnable() result = true,perName = android.permission.ACCESS_COARSE_LOCATION,calling pid =2521
11-27 10:09:22.465217  2521  2521 D bicv_permission_PermissionManager: checkPermission() called with: pkgName = [com.mojiweather], perName = [android.permission.ACCESS_COARSE_LOCATION]
11-27 10:09:22.465297   813  2610 D bicv_permission_PermissionManagerService: checkPermission() called with: pkgName = [com.mojiweather], perName = [android.permission.ACCESS_COARSE_LOCATION], calling pid = 2521
11-27 10:09:22.465350   813  2610 D bicv_permission_PermissionManagerService: isPermissionMasterEnable() result = true,perName = android.permission.ACCESS_COARSE_LOCATION,calling pid =2521
11-27 10:09:22.465380   813  2610 D bicv_permission_PermissionManagerService: checkPermissionForApps() called with: pkgName = [com.mojiweather], perName = [android.permission.ACCESS_COARSE_LOCATION], calling pid = 2521
11-27 10:09:22.465432   813  2610 D bicv_permission_PermissionManagerService: checkPermissionForApps() permissionResult = [0]
11-27 10:09:22.465455   813  2610 D bicv_permission_PermissionManagerService: checkPermission() permissionResult = [0]
11-27 10:09:22.470594   359   444 D McuUtils: dumpFrame:88 mcu read=[55,AA,00,03,13,01,00,E9]
11-27 10:09:22.490596   359   444 D McuUtils: dumpFrame:88 mcu read=[55,AA,03,04,0B,80,00,64,0D]
11-27 10:09:22.491066   359   440 D McuUtils: dumpFrame:88 mcu send=[55,AA,00,03,0B,80,00,72]
11-27 10:09:22.535688   359   444 D McuUtils: dumpFrame:88 mcu read=[55,AA,03,34,01,0B,00,04,00,04,00,00,00,00,00,00,00,00,00,22,00,21,37,00,00,01,FF,1F,79,00,00,01,80,00,00,00,01,2B,0C,1F,01,0F,82,23,01,0F,82,23,01,2B,0C,1F,00,00,6A,A7,FC]
11-27 10:09:22.535802   359   440 D McuUtils: dumpFrame:88 mcu send=[55,AA,00,03,01,0B,00,F1]
11-27 10:09:22.550604   359   444 D McuUtils: dumpFrame:88 mcu read=[55,AA,03,11,13,02,6B,00,00,00,00,84,08,00,00,00,00,00,00,00,00,E3]
11-27 10:09:22.550691   359   440 D McuUtils: dumpFrame:88 mcu send=[55,AA,00,03,13,02,6B,7D]
11-27 10:09:22.590599   359   444 D McuUtils: dumpFrame:88 mcu read=[55,AA,03,04,03,22,00,01,D6]
11-27 10:09:22.590699   359   440 D McuUtils: dumpFrame:88 mcu send=[55,AA,00,03,03,22,00,D8]
11-27 10:09:22.595579   359   444 D McuUtils: dumpFrame:88 mcu read=[55,AA,03,05,0B,53,00,1F,FF,7F]
11-27 10:09:22.595640   359   440 D McuUtils: dumpFrame:88 mcu send=[55,AA,00,03,0B,53,00,9F]
11-27 10:09:22.601371   433   433 W cp      : VehicleService[412]:Jan  1 00:08:25.823260 [  509.192676]: [CHECK_ONCHANGE_EVENT]: PowerMode
11-27 10:09:22.601510   433   433 W cp      : MixtureService[416]:Jan  1 00:08:25.823933 [  509.193350]: handlemPowerMode ------------------ Power1
11-27 10:09:22.601559   433   433 W cp      : MixtureService[416]:Jan  1 00:08:25.824088 [  509.193532]: ProcesshandlemPowerMode ------------------ Power1
11-27 10:09:22.630606   359   444 D McuUtils: dumpFrame:88 mcu read=[55,AA,03,11,13,02,30,00,00,00,02,35,08,00,00,00,00,01,39,10,00,21]
11-27 10:09:22.630719   359   440 D McuUtils: dumpFrame:88 mcu send=[55,AA,00,03,13,02,30,B8]
11-27 10:09:22.635595   359   444 D McuUtils: dumpFrame:88 mcu read=[55,AA,03,11,13,02,5E,00,00,00,01,31,08,00,00,07,B9,00,00,00,00,82]
11-27 10:09:22.635686   359   440 D McuUtils: dumpFrame:88 mcu send=[55,AA,00,03,13,02,5E,8A]
11-27 10:09:22.670634   359   444 D McuUtils: dumpFrame:88 mcu read=[55,AA,03,06,0B,04,00,00,00,00,EB]
11-27 10:09:22.670833   359   440 D McuUtils: dumpFrame:88 mcu send=[55,AA,00,03,0B,04,00,EE]
11-27 10:09:22.681118   633   639 E goc     : device_connect_next_device_handle index:0
11-27 10:09:22.681205   633   639 E goc     : device_connect_next_device_handle index 0 hfp_not_connected to connect
11-27 10:09:22.681220   633   639 E goc     : hfp_connect 88A9B7E62BD3
11-27 10:09:22.681248   633   639 E goc     : gap_stop_search error not searching
11-27 10:09:22.681281   633   639 E goc     : send_ind: [IV88A9B7E62BD3]
11-27 10:09:22.681334   633   639 E goc     : aosp send_ind:IV88A9B7E62BD3
11-27 10:09:22.681350   633   639 E goc     : startSdcFeatureSearch hf profile start sdc outgoing:1
11-27 10:09:22.681389   633   639 E goc     : BtUtilRfcConStart
11-27 10:09:22.681446   633   639 E goc     : cmnSdcRfcStartSearch uuid:111F
11-27 10:09:22.681508   633   639 E goc     : acl_af_check_write_auth_enable flags:0x0,connection_flags:0xc
11-27 10:09:22.681527   633   639 E goc     : DM_ACL_SET:0x1
11-27 10:09:22.681713   839   981 E gocsdkcommand: ----->get index empty<--------
11-27 10:09:22.681778   839   981 D gocsdkcommand: index:0
11-27 10:09:22.681812   839   981 D gocBlueHeadseClienttJni: connection_state_cb: state 1 peer_feat 0 chld_feat 0
