----- timezone:Asia/Shanghai
11-27 10:08:57.740588   359   444 D McuUtils: dumpFrame:88 mcu read=[55,AA,03,11,13,02,23,00,00,00,02,9E,08,39,08,0A,1B,0B,17,00,00,87]
11-27 10:08:57.740656   359   440 D McuUtils: dumpFrame:88 mcu send=[55,AA,00,03,13,02,23,C5]
11-27 10:08:57.747456  3765  3765 I SensorModule: onFunctionValueChanged:funId(0x00101100) propId(INFO_ID_SAS_STEERING_WHEEL_ANGLE_SPEED) funcValue(0x00000000) propValue(0)
11-27 10:08:57.747557  3765  3765 I MyCarLog-->10: myCar.CarFuncManager==>-->onSensorEventChanged: 1052928__event_0
11-27 10:08:57.785592   359   444 D McuUtils: dumpFrame:88 mcu read=[55,AA,01,04,03,14,00,00,E5]
11-27 10:08:57.785693   359   440 I PowerManager: processMessage, mcu read id(0314) status = 0
11-27 10:08:57.790650   359   444 D McuUtils: dumpFrame:88 mcu read=[55,AA,03,06,03,08,00,00,0D,08,DA]
11-27 10:08:57.790735   359   440 D McuUtils: dumpFrame:88 mcu send=[55,AA,00,03,03,08,00,F2]
11-27 10:08:57.790778   359   440 I PowerManager: processMessage, mcu read id(0308) State = 0
11-27 10:08:57.793944   433   433 S r52     : ipc:CP Heartbeat---
11-27 10:08:57.795598   359   444 D McuUtils: dumpFrame:88 mcu read=[55,AA,00,03,03,13,00,E7]
11-27 10:08:57.895629   359   444 D McuUtils: dumpFrame:88 mcu read=[55,AA,03,06,0B,04,00,00,00,00,EB]
11-27 10:08:57.895757   359   444 D McuUtils: dumpFrame:88 mcu read=[55,AA,03,04,0B,80,00,64,0D]
11-27 10:08:57.895778   359   440 D McuUtils: dumpFrame:88 mcu send=[55,AA,00,03,0B,04,00,EE]
11-27 10:08:57.895853   359   440 D McuUtils: dumpFrame:88 mcu send=[55,AA,00,03,0B,80,00,72]
11-27 10:08:57.920471   433   433 I cp      : VehicleService[412]:Jan  1 00:08:01.133774 [comm][372] handleReceiveMethodThreadProc is running
11-27 10:08:57.996603  1123  3153 I CameraCheck_native: CameraCheck lockbuf:
11-27 10:08:57.996767  1123  3153 I CameraCheck_native: CameraCheck fd:56
11-27 10:08:57.999309  1123  3153 I CameraCheck_native: CameraCheck result:4
11-27 10:08:57.999402  1123  3153 I CameraCheck_native: 111111 CameraCheck num:8
11-27 10:08:57.999453  1123  3153 I CameraCheck_native: CameraCheck::currentStatus :8
11-27 10:08:57.999487  1123  3153 I CameraCheck_native: CameraCheck::syncLock :8
11-27 10:08:58.022064   433   433 I cp      : QD_HMI[213]:Jan  1 00:08:01.245220 [comm][103] EventMessageThreadProc is running
11-27 10:08:58.025624   359   444 D McuUtils: dumpFrame:88 mcu read=[55,AA,03,11,13,02,5E,00,00,00,01,31,08,00,00,07,B9,00,00,00,00,82]
11-27 10:08:58.025782   359   440 D McuUtils: dumpFrame:88 mcu send=[55,AA,00,03,13,02,5E,8A]
11-27 10:08:58.030605   359   444 D McuUtils: dumpFrame:88 mcu read=[55,AA,03,06,13,07,00,00,01,00,DF]
11-27 10:08:58.030759   359   440 D McuUtils: dumpFrame:88 mcu send=[55,AA,00,03,13,07,00,E3]
11-27 10:08:58.030823   359   440 I CanManager: processMessage, mcu read id(1307) netState = 1
11-27 10:08:58.037578  3765  3765 I SensorModule: onFunctionValueChanged:funId(0x00101700) propId(INFO_ID_YRS_LONGIT_ACCE) funcValue(0x000007b9) propValue(1977)
11-27 10:08:58.037676  3765  3765 I MyCarLog-->10: myCar.CarFuncManager==>-->onSensorValueChanged: 1054464  value-0.023000002
11-27 10:08:58.047703   433   433 I cp      : VehicleService[412]:Jan  1 00:08:01.259113 [comm][243] handleAsyncEventSend is running
11-27 10:08:58.047809   433   433 I cp      : ChimeService[421]:Jan  1 00:08:01.259432 [comm][103] EventMessageThreadProc is running
11-27 10:08:58.073308   433   433 I cp      : QD_HMI[213]:Jan  1 00:08:01.285017 [comm][124] send event ,ServiceId:=28687,InstanceId:=3,EventId:=32771
11-27 10:08:58.100639   359   444 D McuUtils: dumpFrame:88 mcu read=[55,AA,03,06,0B,04,00,00,00,00,EB]
11-27 10:08:58.100778   359   440 D McuUtils: dumpFrame:88 mcu send=[55,AA,00,03,0B,04,00,EE]
11-27 10:08:58.130623   359   444 D McuUtils: dumpFrame:88 mcu read=[55,AA,03,05,0B,26,00,00,F0,DA]
11-27 10:08:58.130776   359   440 D McuUtils: dumpFrame:88 mcu send=[55,AA,00,03,0B,26,00,CC]
11-27 10:08:58.190661   359   444 D McuUtils: dumpFrame:88 mcu read=[55,AA,03,04,0B,80,00,64,0D]
11-27 10:08:58.190914   359   440 D McuUtils: dumpFrame:88 mcu send=[55,AA,00,03,0B,80,00,72]
11-27 10:08:58.195612   359   444 D McuUtils: dumpFrame:88 mcu read=[55,AA,03,07,0B,35,00,00,00,07,25,8D]
11-27 10:08:58.195744   359   444 D McuUtils: dumpFrame:88 mcu read=[55,AA,03,07,0B,2C,00,00,00,D3,08,E7]
11-27 10:08:58.195758   359   440 D McuUtils: dumpFrame:88 mcu send=[55,AA,00,03,0B,35,00,BD]
11-27 10:08:58.195807   359   440 D McuUtils: dumpFrame:88 mcu send=[55,AA,00,03,0B,2C,00,C6]
11-27 10:08:58.200436   433   433 I cp      : VehicleService[412]:Jan  1 00:08:01.428781 [comm][267] receive event ,ServiceId:=29184,InstanceId:=1,EventId:=33155
11-27 10:08:58.200523   433   433 I cp      : VehicleService[412]:Jan  1 00:08:01.431879 [comm][402] handleReceiveMethod ,ServiceId:=29184,InstanceId:=1,MethodId:=364
11-27 10:08:58.231349   359   444 D McuUtils: dumpFrame:88 mcu read=[55,AA,03,11,13,02,30,00,00,00,02,35,08,00,00,00,00,01,39,10,00,21]
11-27 10:08:58.231490   359   440 D McuUtils: dumpFrame:88 mcu send=[55,AA,00,03,13,02,30,B8]
11-27 10:08:58.251284   433   433 I cp      : ChimeService[421]:Jan  1 00:08:01.464011 [comm][124] send event ,ServiceId:=29184,InstanceId:=1,EventId:=33047
11-27 10:08:58.315623   359   444 D McuUtils: dumpFrame:88 mcu read=[55,AA,03,06,0B,04,00,00,00,00,EB]
11-27 10:08:58.315745   359   440 D McuUtils: dumpFrame:88 mcu send=[55,AA,00,03,0B,04,00,EE]
11-27 10:08:58.325656   359   444 D McuUtils: dumpFrame:88 mcu read=[55,AA,03,11,13,02,5E,00,00,00,01,31,08,00,00,07,BA,00,00,00,00,81]
11-27 10:08:58.325898   359   440 D McuUtils: dumpFrame:88 mcu send=[55,AA,00,03,13,02,5E,8A]
11-27 10:08:58.337431  3765  3765 I SensorModule: onFunctionValueChanged:funId(0x00101700) propId(INFO_ID_YRS_LONGIT_ACCE) funcValue(0x000007ba) propValue(1978)
11-27 10:08:58.337552  3765  3765 I MyCarLog-->10: myCar.CarFuncManager==>-->onSensorValueChanged: 1054464  value-0.021999955
11-27 10:08:58.348412  1837  3163 I tbox_jni: subscribe ack is = 1.
11-27 10:08:58.360233  1837  3163 D tbox_jni: GNSSInfo subscribe ack is = 1
11-27 10:08:58.362966  1837  3163 I tbox_jni: tXCallInformation subscribe ack is = 1.
11-27 10:08:58.363666  1837  3163 I tbox_jni: TBoxSystemFunctionsSubscribeAckCallback 1
11-27 10:08:58.386172  1837  3164 D tbox_jni: tGNSSInformation_NeraDataTransmitionCallback size:401
11-27 10:08:58.386371  1837  3164 D tbox_jni: tGNSSInformation CallVoidMethod
11-27 10:08:58.386497  1837  3164 D TboxGNSSInformationManager.java: [ (TboxGNSSInformationManager.java:128)#OnNeraDataTransmition ] TboxGNSSInformationManager onNeraDataTransmition nmea
11-27 10:08:58.386592  1837  3164 D tbox_jni: tGNSSInformation DetachCurrentThread
11-27 10:08:58.386656  1837  3164 D tbox_jni: tGNSSInformation DetachCurrentThread end
11-27 10:08:58.386701  1837  3632 D TboxGNSSInformationManager.java: [ (TboxGNSSInformationManager.java:95)#HandleMessage ] handlerThread------Thread[GnssProdcerThread,5,main]
11-27 10:08:58.386764  1837  3632 D TboxGNSSInformationManager.java: [ (TboxGNSSInformationManager.java:197)#PutQueue ] ttyTBOXGPS message：$GPGSA,A,3,10,15,18,23,24,25,28,32,,,,,0.8,0.5,0.7*3F
11-27 10:08:58.386764  1837  3632 D TboxGNSSInformationManager.java: $GPGSV,3,1,09,10,49,322,41,15,24,078,16,18,26,202,46,23,84,077,40*74
11-27 10:08:58.386764  1837  3632 D TboxGNSSInformationManager.java: $GPGSV,3,2,09,24,40,040,23,25,27,158,33,28,10,227,35,32,27,293,42*78
11-27 10:08:58.386764  1837  3632 D TboxGNSSInformationManager.java: $GPGSV,3,3,09,12,35,113,*46
11-27 10:08:58.386764  1837  3632 D TboxGNSSInformationManager.java: $GPVTG,,T,,M,0.0,N,0.0,K,A*23
11-27 10:08:58.386764  1837  3632 D TboxGNSSInformationManager.java: $GPRMC,020858.00,A,3018.195509,N,12035.756192,E,0.0,,271123,4.3,W,A*0D
11-27 10:08:58.386764  1837  3632 D TboxGNSSInformationManager.java: $GPGGA,020858.00,3018.195509,N,12035.756192,E,1,12,0.5,14.7,M,8.0,M,,*67
11-27 10:08:58.386881  1837  3631 D TboxGNSSInformationManager.java: [ (TboxGNSSInformationManager.java:222)#SaveGNSSdata ] saveGNSSdata isTboxWriteDataRunning：true line:$GPGSA,A,3,10,15,18,23,24,25,28,32,,,,,0.8,0.5,0.7*3F
11-27 10:08:58.386881  1837  3631 D TboxGNSSInformationManager.java: $GPGSV,3,1,09,10,49,322,41,15,24,078,16,18,26,202,46,23,84,077,40*74
11-27 10:08:58.386881  1837  3631 D TboxGNSSInformationManager.java: $GPGSV,3,2,09,24,40,040,23,25,27,158,33,28,10,227,35,32,27,293,42*78
11-27 10:08:58.386881  1837  3631 D TboxGNSSInformationManager.java: $GPGSV,3,3,09,12,35,113,*46
11-27 10:08:58.386881  1837  3631 D TboxGNSSInformationManager.java: $GPVTG,,T,,M,0.0,N,0.0,K,A*23
11-27 10:08:58.386881  1837  3631 D TboxGNSSInformationManager.java: $GPRMC,020858.00,A,3018.195509,N,12035.756192,E,0.0,,271123,4.3,W,A*0D
11-27 10:08:58.386881  1837  3631 D TboxGNSSInformationManager.java: $GPGGA,020858.00,3018.195509,N,12035.756192,E,1,12,0.5,14.7,M,8.0,M,,*67
11-27 10:08:58.387021   368  1065 D unicore_gps: nmea parse(pos=53,f=00): $GPGSA,A,3,10,15,18,23,24,25,28,32,,,,,0.8,0.5,0.7*3F 
11-27 10:08:58.387243   368  1065 D unicore_gps: r fix_tmp flags has no acc ,gsa acc backup working
11-27 10:08:58.387264   368  1065 D unicore_gps: nmea parse(pos=68,f=00): $GPGSV,3,1,09,10,49,322,41,15,24,078,16,18,26,202,46,23,84,077,40*74 
11-27 10:08:58.387346   368  1065 D unicore_gps: r fix_tmp flags has no acc ,gsa acc backup working
11-27 10:08:58.387371   368  1065 D unicore_gps: nmea parse(pos=68,f=00): $GPGSV,3,2,09,24,40,040,23,25,27,158,33,28,10,227,35,32,27,293,42*78 
11-27 10:08:58.387446   368  1065 D unicore_gps: r fix_tmp flags has no acc ,gsa acc backup working
11-27 10:08:58.387460   368  1065 D unicore_gps: nmea parse(pos=27,f=00): $GPGSV,3,3,09,12,35,113,*46 
11-27 10:08:58.387539   368  1065 D unicore_gps: r fix_tmp flags has no acc ,gsa acc backup working
11-27 10:08:58.387591   368  1065 D unicore_gps: nmea parse(pos=29,f=00): $GPVTG,,T,,M,0.0,N,0.0,K,A*23 
11-27 10:08:58.387704   368  1065 D unicore_gps: r fix_tmp flags has no acc ,gsa acc backup working
11-27 10:08:58.387724   368  1065 D unicore_gps: nmea parse(pos=70,f=00): $GPRMC,020858.00,A,3018.195509,N,12035.756192,E,0.0,,271123,4.3,W,A*0D 
11-27 10:08:58.387824   368  1065 D unicore_gps: nmea parse(pos=72,f=05): $GPGGA,020858.00,3018.195509,N,12035.756192,E,1,12,0.5,14.7,M,8.0,M,,*67 
11-27 10:08:58.387913   368  1065 D unicore_gps: r fix_tmp flags has no acc ,gsa acc backup working
11-27 10:08:58.387935   368  1065 D unicore_gps: short nmea
11-27 10:08:58.403445   433   433 D cp      : ARHUDAPP[289]:Jan  1 00:08:01.631779 Debug: Target{ state:false; id:0; type:AdasEnums::TargetType::UNKNOWN; position:QVector3D(0, 42, 446); size:QVector3D(0, 0, 0); level:AdasEnums::TargetLevel::UNKNOWN; timeout:true }
11-27 10:08:58.403434   368  1064 D unicore_gps: __gps_timer_thread:2328__ flags=0x00000017 changed=1 num_svs=9
11-27 10:08:58.403550   368  1064 D unicore_gps: gps fix cb: ts=58.000 flags=0x17, lat=30.303258, lon=120.595937, alt=14.70, spd=0.00, cog=0.00
11-27 10:08:58.403558   433   433 D cp      : ARHUDAPP[289]:Jan  1 00:08:01.632106 Debug: Lane{ state:true; left:Line{ state:false; id:AdasEnums::LaneID::LEFT_CURB; c0:0; c1:0; c2:0; c3:0; lineWidth:0; startZ:0; startX:0; endZ:0; endX:0; timeout:false }; right:Line{ state:false; id:AdasEnums::LaneID::LEFT_CURB; c0:0; c1:0; c2:0; c3:0; lineWidth:0; startZ:0; startX:0; endZ:0; endX:0; timeout:false }; timeout:false }
11-27 10:08:58.404817   641   762 D GnssLocationProvider: WakeLock acquired by sendMessage(REPORT_LOCATION, 1, Location[gps 30.303258,120.595937 hAcc=1 et=+8m3s7ms alt=14.7 vel=0.0 vAcc=??? sAcc=??? bAcc=???])
11-27 10:08:58.405523   368  1064 D unicore_gps: sv_list[] =  (G10,41,U) (G12,0,-) (G15,16,U) (G18,46,U) (G23,40,U) (G24,23,U) (G25,33,U) (G28,35,U)
11-27 10:08:58.405523   368  1064 D unicore_gps: 	 (G32,42,U)
11-27 10:08:58.405783   641   762 D GnssLocationProvider: WakeLock acquired by sendMessage(REPORT_SV_STATUS, 0, com.android.server.location.gnss.GnssLocationProvider$SvStatusInfo@b9d7884)
11-27 10:08:58.421770   641   658 D GnssLocationProvider: WakeLock released by handleMessage(REPORT_LOCATION, 1, Location[gps 30.303258,120.595937 hAcc=1 et=+8m3s7ms alt=14.7 vel=0.0 vAcc=??? sAcc=??? bAcc=??? {Bundle[{satellites=8, maxCn0=46, meanCn0=34}]}])
11-27 10:08:58.423335   641   658 D GnssLocationProvider: WakeLock released by handleMessage(REPORT_SV_STATUS, 0, com.android.server.location.gnss.GnssLocationProvider$SvStatusInfo@b9d7884)
11-27 10:08:58.423919   359  2632 I VehicleEmulator_v2_0: doSetValueToCan:257  propid: 297002e6
11-27 10:08:58.424078   359  2632 D McuUtils: dumpFrame:88 mcu send=[55,AA,03,09,13,01,00,00,01,03,00,CB,00,14]
11-27 10:08:58.424196   903  2167 D MapInfoReceiver: setProperty INFO_ID_MMI_NAV_RAMP_DISTANCE nextRampDistance:null,rampDistanceLevel:0
11-27 10:08:58.425631   813  2582 D bicv_permission_PermissionManagerService: isPermissionMasterEnable() result = true,perName = android.permission.ACCESS_FINE_LOCATION,calling pid =2521
11-27 10:08:58.425777  2521  2521 D bicv_permission_PermissionManager: checkPermission() called with: pkgName = [com.mojiweather], perName = [android.permission.ACCESS_FINE_LOCATION]
11-27 10:08:58.426465   813  2582 D bicv_permission_PermissionManagerService: checkPermission() called with: pkgName = [com.mojiweather], perName = [android.permission.ACCESS_FINE_LOCATION], calling pid = 2521
11-27 10:08:58.426614   813  2582 D bicv_permission_PermissionManagerService: isPermissionMasterEnable() result = true,perName = android.permission.ACCESS_FINE_LOCATION,calling pid =2521
11-27 10:08:58.426642   813  2582 D bicv_permission_PermissionManagerService: checkPermissionForApps() called with: pkgName = [com.mojiweather], perName = [android.permission.ACCESS_FINE_LOCATION], calling pid = 2521
11-27 10:08:58.426707   813  2582 D bicv_permission_PermissionManagerService: checkPermissionForApps() permissionResult = [0]
11-27 10:08:58.426723   813  2582 D bicv_permission_PermissionManagerService: checkPermission() permissionResult = [0]
11-27 10:08:58.427149   813  2582 D bicv_permission_PermissionManagerService: isPermissionMasterEnable() result = true,perName = android.permission.ACCESS_COARSE_LOCATION,calling pid =2521
11-27 10:08:58.427272  2521  2521 D bicv_permission_PermissionManager: checkPermission() called with: pkgName = [com.mojiweather], perName = [android.permission.ACCESS_COARSE_LOCATION]
11-27 10:08:58.427357   813  2582 D bicv_permission_PermissionManagerService: checkPermission() called with: pkgName = [com.mojiweather], perName = [android.permission.ACCESS_COARSE_LOCATION], calling pid = 2521
11-27 10:08:58.427428   813  2582 D bicv_permission_PermissionManagerService: isPermissionMasterEnable() result = true,perName = android.permission.ACCESS_COARSE_LOCATION,calling pid =2521
11-27 10:08:58.427451   813  2582 D bicv_permission_PermissionManagerService: checkPermissionForApps() called with: pkgName = [com.mojiweather], perName = [android.permission.ACCESS_COARSE_LOCATION], calling pid = 2521
11-27 10:08:58.427514   813  2582 D bicv_permission_PermissionManagerService: checkPermissionForApps() permissionResult = [0]
11-27 10:08:58.427529   813  2582 D bicv_permission_PermissionManagerService: checkPermission() permissionResult = [0]
11-27 10:08:58.428928  3099  3099 D AutoTest_NavTask: query star = 8  gpsCount = 8  bdCount = 0
11-27 10:08:58.435617   359   444 D McuUtils: dumpFrame:88 mcu read=[55,AA,00,03,13,01,00,E9]
11-27 10:08:58.490620   359   444 D McuUtils: dumpFrame:88 mcu read=[55,AA,03,04,0B,80,00,64,0D]
11-27 10:08:58.490787   359   440 D McuUtils: dumpFrame:88 mcu send=[55,AA,00,03,0B,80,00,72]
11-27 10:08:58.520621   359   444 D McuUtils: dumpFrame:88 mcu read=[55,AA,03,06,0B,04,00,00,00,00,EB]
11-27 10:08:58.520777   359   440 D McuUtils: dumpFrame:88 mcu send=[55,AA,00,03,0B,04,00,EE]
11-27 10:08:58.535641   359   444 D McuUtils: dumpFrame:88 mcu read=[55,AA,03,34,01,0B,00,04,00,04,00,00,00,00,00,00,00,00,00,22,00,21,42,00,00,01,FF,1F,82,00,00,01,80,00,00,00,01,2A,0C,07,01,0F,81,2B,01,0F,81,2B,01,2A,0C,07,00,00,69,FE,B6]
11-27 10:08:58.535861   359   440 D McuUtils: dumpFrame:88 mcu send=[55,AA,00,03,01,0B,00,F1]
11-27 10:08:58.590603   359   444 D McuUtils: dumpFrame:88 mcu read=[55,AA,03,04,03,22,00,01,D6]
11-27 10:08:58.590942   359   440 D McuUtils: dumpFrame:88 mcu send=[55,AA,00,03,03,22,00,D8]
11-27 10:08:58.595577   359   444 D McuUtils: dumpFrame:88 mcu read=[55,AA,03,05,0B,53,00,1F,FF,7F]
11-27 10:08:58.595641   359   440 D McuUtils: dumpFrame:88 mcu send=[55,AA,00,03,0B,53,00,9F]
11-27 10:08:58.605446   433   433 W cp      : VehicleService[412]:Jan  1 00:08:01.823174 [  485.192580]: [CHECK_ONCHANGE_EVENT]: PowerMode
11-27 10:08:58.605498   433   433 W cp      : MixtureService[416]:Jan  1 00:08:01.823849 [  485.193268]: handlemPowerMode ------------------ Power1
11-27 10:08:58.605509   433   433 W cp      : MixtureService[416]:Jan  1 00:08:01.824004 [  485.193445]: ProcesshandlemPowerMode ------------------ Power1
11-27 10:08:58.630643   359   444 D McuUtils: dumpFrame:88 mcu read=[55,AA,03,11,13,02,5E,00,00,00,01,31,08,00,00,07,BA,00,00,00,00,81]
11-27 10:08:58.630790   359   444 D McuUtils: dumpFrame:88 mcu read=[55,AA,03,11,13,02,30,00,00,00,02,35,08,00,00,00,00,01,39,00,00,31]
11-27 10:08:58.631002   359   440 D McuUtils: dumpFrame:88 mcu send=[55,AA,00,03,13,02,5E,8A]
11-27 10:08:58.631097   359   440 D McuUtils: dumpFrame:88 mcu send=[55,AA,00,03,13,02,30,B8]
11-27 10:08:58.730647   359   444 D McuUtils: dumpFrame:88 mcu read=[55,AA,03,06,0B,04,00,00,00,00,EB]
11-27 10:08:58.730849   359   440 D McuUtils: dumpFrame:88 mcu send=[55,AA,00,03,0B,04,00,EE]
11-27 10:08:58.740587   359   444 D McuUtils: dumpFrame:88 mcu read=[55,AA,03,11,13,02,23,00,00,00,02,9E,08,3A,08,0A,1B,0B,17,00,00,86]
11-27 10:08:58.740668   359   440 D McuUtils: dumpFrame:88 mcu send=[55,AA,00,03,13,02,23,C5]
11-27 10:08:58.785591   359   444 D McuUtils: dumpFrame:88 mcu read=[55,AA,03,06,03,03,00,01,30,00,C3]
11-27 10:08:58.785680   359   440 D McuUtils: dumpFrame:88 mcu send=[55,AA,00,03,03,03,00,F7]
11-27 10:08:58.785739   359   440 I PowerManager: processMessage, mcu read id(0303) powerState = 1
11-27 10:08:58.790652   359   444 D McuUtils: dumpFrame:88 mcu read=[55,AA,03,04,0B,80,00,64,0D]
11-27 10:08:58.790839   359   440 D McuUtils: dumpFrame:88 mcu send=[55,AA,00,03,0B,80,00,72]
11-27 10:08:58.801684   903   933 D PowerManagerService: handlePropertyEvent powerState = 1
11-27 10:08:58.801893   903   933 D BDKeyService: handlePropertyEvent property_id = ID_MCU_POWER_STATE
11-27 10:08:58.801952   903   933 D BDKeyService: handleKeyEvent ID_MCU_POWER_STATE = 1
11-27 10:08:58.807951   433   433 W cp      : HUDService[422]:Jan  1 00:08:02.016077 [  485.385475]: HUDService: Curr OnMessage ID is : 6Curr OnMessage Statu : 1
11-27 10:08:58.808066   433   433 D cp      : ARHUDAPP[289]:Jan  1 00:08:02.031310 Debug: QTime("00:08:02.030") m_heartBeatCounter 1600
11-27 10:08:58.808124   433   433 E cp      : HUDService[422]:Jan  1 00:08:02.032573 [comm][299] MethodRequestThreadProc is running
11-27 10:08:58.808168   433   433 E cp      : HUDService[422]:Jan  1 00:08:02.035024 [comm][194] MethodResponseThreadProc is running
11-27 10:08:58.833622   433   433 W cp      : TelltaleService[419]:Jan  1 00:08:02.054077 [  485.423475]: TelltaleServer: Curr OnMessage ID is : 4Curr OnMessage Statu : 1
11-27 10:08:58.836831   641   737 I ConnectivityService: ping VGM result connect!
11-27 10:08:58.836892   641   737 I ConnectivityService: mNetDisconnectFlag:false, mNetDisconnectTime:0, currtime:483440
11-27 10:08:58.852678   641   737 I ConnectivityService: ping tbox result connect!
11-27 10:08:58.859045   433   433 W cp      : ConfigService[414]:Jan  1 00:08:02.066394 [  485.435780]: Config: Curr OnMessage ID is : 2Curr OnMessage Statu : 1
11-27 10:08:58.866857   347  5592 D resolv  : res_nquerydomain: (null, 1, 1)
11-27 10:08:58.866970   347  5592 D resolv  : res_nquery: (1, 1)
11-27 10:08:58.867014   347  5592 D resolv  : res_nmkquery: (QUERY, IN, A)
11-27 10:08:58.867060   347  5592 D resolv  : res_nsend
11-27 10:08:58.867099   347  5592 I resolv  : resolv_cache_lookup: lookup
11-27 10:08:58.867154   347  5592 I resolv  : resolv_cache_lookup: FOUND IN CACHE entry=0xb400f506da097b30
11-27 10:08:58.867220   347  5592 D resolv  : GetHostByNameHandler::run: result: Success
11-27 10:08:58.868282  1087  2195 D NetworkMonitor/103: isDataStall: result=false, tcp packets received=10040, latest tcp fail rate=-1
11-27 10:08:58.885025   433   433 W cp      : WarnService[418]:Jan  1 00:08:02.097017 [  485.466391]: WarningServer: Curr OnMessage ID is : 1Curr OnMessage Statu : 1
11-27 10:08:58.885084   433   433 W cp      : GaugeService[415]:Jan  1 00:08:02.100694 [  485.469601]: GaugeService: Curr OnMessage ID is : 8Curr OnMessage Statu : 1
11-27 10:08:58.885101   433   433 W cp      : IVIService[420]:Jan  1 00:08:02.100761 [  485.470176]: IVIService: Curr OnMessage ID is : 0Curr OnMessage Statu : 1
11-27 10:08:58.885114   433   433 W cp      : service[413]:Jan  1 00:08:02.104968 [  485.474377]: DFSServer: Curr OnMessage ID is : 4Curr OnMessage Statu : 1
11-27 10:08:58.910553   433   433 D cp      : ARHUDAPP[289]:Jan  1 00:08:02.132257 Debug: QJsonObject({"ID":"calibrationSend","RWFlag":0,"ackFlag":0,"data":[0],"dataID":0,"dataLength":0,"dataType":5,"frameType":0})
11-27 10:08:58.910612   433   433 W cp      : HUDService[422]:Jan  1 00:08:02.132896 [  485.502317]: SendCalibration msg: {"ID":"calibrationSend","RWFlag":0,"ackFlag":0,"data":[0],"dataID":0,"dataLength":0,"dataType":5,"frameType":0}
11-27 10:08:58.910628   433   433 D cp      : ARHUDAPP[289]:Jan  1 00:08:02.132864 Debug: sendData "{\"ID\":\"calibrationSend\",\"RWFlag\":0,\"ackFlag\":0,\"data\":[0],\"dataID\":0,\"dataLength\":0,\"dataType\":5,\"frameType\":0}"
11-27 10:08:58.910641   433   433 W cp      : HUDService[422]:Jan  1 00:08:02.133056 [  485.502503]: DHU: DHU_CAL_RWFlag:0 | DHU_CAL_AckFlag:0 | DHU_CAL_Datalength:0 | DHU_CAL_DataID:0 | DHU_CAL_FrameType:0 | DHU_CAL_DataType:5 | DHU_CAL_Data:0
11-27 10:08:58.910652   433   433 E cp      : HUDService[422]:Jan  1 00:08:02.133699 [comm][319] MethodRequest ,ServiceId:=29184,InstanceId:=1,MethodId:=364
11-27 10:08:58.910664   433   433 E cp      : HUDService[422]:Jan  1 00:08:02.135285 [comm][216] MethodResponse ,ServiceId:=29184,InstanceId:=1,MethodId:=364
11-27 10:08:58.925596   359   444 D McuUtils: dumpFrame:88 mcu read=[55,AA,03,11,13,02,5E,00,00,00,01,31,08,00,00,07,BA,00,00,00,00,81]
11-27 10:08:58.925680   359   440 D McuUtils: dumpFrame:88 mcu send=[55,AA,00,03,13,02,5E,8A]
11-27 10:08:58.944523   641   737 I ConnectivityService: NetworkCheck networkType Ethernet, isAvailable:true, mIsAvailable:true, time 92ms, info:PING www.a.shifen.com (157.148.69.74) 56(84) bytes of data.
11-27 10:08:58.944523   641   737 I ConnectivityService: 64 bytes from 157.148.69.74: icmp_seq=1 ttl=52 time=72.3 ms
11-27 10:08:58.944523   641   737 I ConnectivityService: 
11-27 10:08:58.944523   641   737 I ConnectivityService: --- www.a.shifen.com ping statistics ---
11-27 10:08:58.944523   641   737 I ConnectivityService: 1 packets transmitted, 1 received, 0% packet loss, time 0ms
11-27 10:08:58.944523   641   737 I ConnectivityService: rtt min/avg/max/mdev = 72.336/72.336/72.336/0.000 ms
11-27 10:08:58.945598   359   444 D McuUtils: dumpFrame:88 mcu read=[55,AA,03,06,0B,04,00,00,00,00,EB]
11-27 10:08:58.945726   359   440 D McuUtils: dumpFrame:88 mcu send=[55,AA,00,03,0B,04,00,EE]
11-27 10:08:58.961096   433   433 I cp      : GaugeService[415]:Jan  1 00:08:02.184291 [comm][243] handleAsyncEventSend is running
11-27 10:08:58.999677  1123  3153 I CameraCheck_native: CameraCheck lockbuf:
11-27 10:08:58.999830  1123  3153 I CameraCheck_native: CameraCheck fd:56
11-27 10:08:59.002350  1123  3153 I CameraCheck_native: CameraCheck result:4
11-27 10:08:59.002409  1123  3153 I CameraCheck_native: 111111 CameraCheck num:8
11-27 10:08:59.002452  1123  3153 I CameraCheck_native: CameraCheck::currentStatus :8
11-27 10:08:59.002484  1123  3153 I CameraCheck_native: CameraCheck::syncLock :8
11-27 10:08:59.030595   359   444 D McuUtils: dumpFrame:88 mcu read=[55,AA,03,11,13,02,30,00,00,00,02,35,08,00,00,00,00,01,39,10,00,21]
11-27 10:08:59.030682   359   440 D McuUtils: dumpFrame:88 mcu send=[55,AA,00,03,13,02,30,B8]
11-27 10:08:59.037058   433   433 I cp      : TcService[417]:Jan  1 00:08:02.244920 [comm][243] handleAsyncEventSend is running
11-27 10:08:59.037146   433   433 I cp      : WarnService[418]:Jan  1 00:08:02.263995 [comm][103] EventMessageThreadProc is running
11-27 10:08:59.037177   433   433 I cp      : TelltaleService[419]:Jan  1 00:08:02.264078 [comm][103] EventMessageThreadProc is running
11-27 10:08:59.037205   433   433 I cp      : TcService[417]:Jan  1 00:08:02.264865 [comm][103] EventMessageThreadProc is running
11-27 10:08:59.037234   433   433 I cp      : TcService[417]:Jan  1 00:08:02.265339 [comm][267] receive event ,ServiceId:=28941,InstanceId:=5,EventId:=32786
11-27 10:08:59.062735   433   433 I m4      : heartbeat running time = 47
11-27 10:08:59.090602   359   444 D McuUtils: dumpFrame:88 mcu read=[55,AA,03,04,0B,80,00,64,0D]
11-27 10:08:59.090687   359   440 D McuUtils: dumpFrame:88 mcu send=[55,AA,00,03,0B,80,00,72]
11-27 10:08:59.151403   359   444 D McuUtils: dumpFrame:88 mcu read=[55,AA,03,06,0B,04,00,00,00,00,EB]
11-27 10:08:59.151486   359   440 D McuUtils: dumpFrame:88 mcu send=[55,AA,00,03,0B,04,00,EE]
11-27 10:08:59.190598   359   444 D McuUtils: dumpFrame:88 mcu read=[55,AA,03,07,0B,35,00,00,00,07,26,8C]
11-27 10:08:59.190702   359   440 D McuUtils: dumpFrame:88 mcu send=[55,AA,00,03,0B,35,00,BD]
11-27 10:08:59.195568   359   444 D McuUtils: dumpFrame:88 mcu read=[55,AA,03,07,0B,2C,00,00,00,D3,09,E6]
11-27 10:08:59.196375   359   440 D McuUtils: dumpFrame:88 mcu send=[55,AA,00,03,0B,2C,00,C6]
11-27 10:08:59.200339   359   448 I TemperatureManager: get_soc_temperature mcu socself temperature 5567
11-27 10:08:59.207746   903   933 D PowerManagerService: handlePropertyEvent cpu temperature = 55.67
11-27 10:08:59.211564   359   448 I TemperatureManager: get_panel_temperature mcu panel temperature 48
11-27 10:08:59.214626   433   433 I cp      : TcService[417]:Jan  1 00:08:02.424056 [comm][124] send event ,ServiceId:=29184,InstanceId:=1,EventId:=33155
11-27 10:08:59.222415   903   933 D PowerManagerService: handlePropertyEvent panel temperature = 48.0
11-27 10:08:59.225599   359   444 D McuUtils: dumpFrame:88 mcu read=[55,AA,03,11,13,02,5E,00,00,00,01,31,08,00,00,07,BA,00,00,00,00,81]
11-27 10:08:59.225684   359   440 D McuUtils: dumpFrame:88 mcu send=[55,AA,00,03,13,02,5E,8A]
11-27 10:08:59.265073   433   433 I cp      : GaugeService[415]:Jan  1 00:08:02.487711 [comm][267] receive event ,ServiceId:=28687,InstanceId:=3,EventId:=32771
11-27 10:08:59.284543   359   442 D McuUtils: dumpFrame:88 mcu send=[55,AA,01,04,03,13,00,00,E6]
11-27 10:08:59.290400   433   433 S r52     : ipc:AP Heartbeat---
11-27 10:08:59.295591   359   444 D McuUtils: dumpFrame:88 mcu read=[55,AA,01,04,03,14,00,00,E5]
11-27 10:08:59.295690   359   440 I PowerManager: processMessage, mcu read id(0314) status = 0
11-27 10:08:59.300605   359   444 D McuUtils: dumpFrame:88 mcu read=[55,AA,03,06,03,08,00,00,0D,08,DA]
11-27 10:08:59.300724   359   440 D McuUtils: dumpFrame:88 mcu send=[55,AA,00,03,03,08,00,F2]
11-27 10:08:59.300772   359   440 I PowerManager: processMessage, mcu read id(0308) State = 0
11-27 10:08:59.333325  1837  3163 I tbox_jni: subscribe ack is = 1.
11-27 10:08:59.333512  1837  3163 D tbox_jni: GNSSInfo subscribe ack is = 1
11-27 10:08:59.333648  1837  3163 I tbox_jni: tXCallInformation subscribe ack is = 1.
11-27 10:08:59.333710  1837  3163 I tbox_jni: TBoxSystemFunctionsSubscribeAckCallback 1
11-27 10:08:59.360610   359   444 D McuUtils: dumpFrame:88 mcu read=[55,AA,03,06,0B,04,00,00,00,00,EB]
11-27 10:08:59.360716   359   440 D McuUtils: dumpFrame:88 mcu send=[55,AA,00,03,0B,04,00,EE]
11-27 10:08:59.377038  1837  3164 D tbox_jni: tGNSSInformation_NeraDataTransmitionCallback size:399
11-27 10:08:59.377250  1837  3164 D tbox_jni: tGNSSInformation CallVoidMethod
11-27 10:08:59.377406  1837  3164 D TboxGNSSInformationManager.java: [ (TboxGNSSInformationManager.java:128)#OnNeraDataTransmition ] TboxGNSSInformationManager onNeraDataTransmition nmea
11-27 10:08:59.377507  1837  3164 D tbox_jni: tGNSSInformation DetachCurrentThread
11-27 10:08:59.377576  1837  3164 D tbox_jni: tGNSSInformation DetachCurrentThread end
11-27 10:08:59.377612  1837  3632 D TboxGNSSInformationManager.java: [ (TboxGNSSInformationManager.java:95)#HandleMessage ] handlerThread------Thread[GnssProdcerThread,5,main]
11-27 10:08:59.377674  1837  3632 D TboxGNSSInformationManager.java: [ (TboxGNSSInformationManager.java:197)#PutQueue ] ttyTBOXGPS message：$GPGSA,A,3,10,15,18,23,24,25,28,32,,,,,0.9,0.6,0.7*3D
11-27 10:08:59.377674  1837  3632 D TboxGNSSInformationManager.java: $GPGSV,3,1,09,10,49,322,41,15,24,078,18,18,26,202,46,23,84,077,40*7A
11-27 10:08:59.377674  1837  3632 D TboxGNSSInformationManager.java: $GPGSV,3,2,09,25,27,158,34,28,10,227,35,32,27,293,43,12,35,113,*7F
11-27 10:08:59.377674  1837  3632 D TboxGNSSInformationManager.java: $GPGSV,3,3,09,24,40,040,*46
11-27 10:08:59.377674  1837  3632 D TboxGNSSInformationManager.java: $GPVTG,,T,,M,0.0,N,0.0,K,A*23
11-27 10:08:59.377674  1837  3632 D TboxGNSSInformationManager.java: $GPRMC,020859.00,A,3018.195506,N,12035.756192,E,0.0,,271123,4.3,W,A*03
11-27 10:08:59.377674  1837  3632 D TboxGNSSInformationManager.java: $GPGGA,020859.00,3018.195506,N,12035.756192,E,1,12,0.6,14.7,M,8.0,M,,*6A
11-27 10:08:59.377771  1837  3631 D TboxGNSSInformationManager.java: [ (TboxGNSSInformationManager.java:222)#SaveGNSSdata ] saveGNSSdata isTboxWriteDataRunning：true line:$GPGSA,A,3,10,15,18,23,24,25,28,32,,,,,0.9,0.6,0.7*3D
11-27 10:08:59.377771  1837  3631 D TboxGNSSInformationManager.java: $GPGSV,3,1,09,10,49,322,41,15,24,078,18,18,26,202,46,23,84,077,40*7A
11-27 10:08:59.377771  1837  3631 D TboxGNSSInformationManager.java: $GPGSV,3,2,09,25,27,158,34,28,10,227,35,32,27,293,43,12,35,113,*7F
11-27 10:08:59.377771  1837  3631 D TboxGNSSInformationManager.java: $GPGSV,3,3,09,24,40,040,*46
11-27 10:08:59.377771  1837  3631 D TboxGNSSInformationManager.java: $GPVTG,,T,,M,0.0,N,0.0,K,A*23
11-27 10:08:59.377771  1837  3631 D TboxGNSSInformationManager.java: $GPRMC,020859.00,A,3018.195506,N,12035.756192,E,0.0,,271123,4.3,W,A*03
11-27 10:08:59.377771  1837  3631 D TboxGNSSInformationManager.java: $GPGGA,020859.00,3018.195506,N,12035.756192,E,1,12,0.6,14.7,M,8.0,M,,*6A
11-27 10:08:59.377910   368  1065 D unicore_gps: nmea parse(pos=53,f=00): $GPGSA,A,3,10,15,18,23,24,25,28,32,,,,,0.9,0.6,0.7*3D 
11-27 10:08:59.378126   368  1065 D unicore_gps: r fix_tmp flags has no acc ,gsa acc backup working
11-27 10:08:59.378143   368  1065 D unicore_gps: nmea parse(pos=68,f=00): $GPGSV,3,1,09,10,49,322,41,15,24,078,18,18,26,202,46,23,84,077,40*7A 
11-27 10:08:59.378275   368  1065 D unicore_gps: r fix_tmp flags has no acc ,gsa acc backup working
11-27 10:08:59.378296   368  1065 D unicore_gps: nmea parse(pos=66,f=00): $GPGSV,3,2,09,25,27,158,34,28,10,227,35,32,27,293,43,12,35,113,*7F 
11-27 10:08:59.378393   368  1065 D unicore_gps: r fix_tmp flags has no acc ,gsa acc backup working
11-27 10:08:59.378413   368  1065 D unicore_gps: nmea parse(pos=27,f=00): $GPGSV,3,3,09,24,40,040,*46 
11-27 10:08:59.378499   368  1065 D unicore_gps: r fix_tmp flags has no acc ,gsa acc backup working
11-27 10:08:59.378516   368  1065 D unicore_gps: nmea parse(pos=29,f=00): $GPVTG,,T,,M,0.0,N,0.0,K,A*23 
11-27 10:08:59.378595   368  1065 D unicore_gps: r fix_tmp flags has no acc ,gsa acc backup working
11-27 10:08:59.378621   368  1065 D unicore_gps: nmea parse(pos=70,f=00): $GPRMC,020859.00,A,3018.195506,N,12035.756192,E,0.0,,271123,4.3,W,A*03 
11-27 10:08:59.378734   368  1065 D unicore_gps: nmea parse(pos=72,f=05): $GPGGA,020859.00,3018.195506,N,12035.756192,E,1,12,0.6,14.7,M,8.0,M,,*6A 
11-27 10:08:59.378825   368  1065 D unicore_gps: r fix_tmp flags has no acc ,gsa acc backup working
11-27 10:08:59.378844   368  1065 D unicore_gps: short nmea
11-27 10:08:59.390660   359   444 D McuUtils: dumpFrame:88 mcu read=[55,AA,03,04,0B,80,00,64,0D]
11-27 10:08:59.391097   359   440 D McuUtils: dumpFrame:88 mcu send=[55,AA,00,03,0B,80,00,72]
11-27 10:08:59.407426   368  1064 D unicore_gps: __gps_timer_thread:2328__ flags=0x00000017 changed=1 num_svs=9
11-27 10:08:59.407500   368  1064 D unicore_gps: gps fix cb: ts=59.000 flags=0x17, lat=30.303258, lon=120.595937, alt=14.70, spd=0.00, cog=0.00
11-27 10:08:59.409840   641   960 D GnssLocationProvider: WakeLock acquired by sendMessage(REPORT_LOCATION, 1, Location[gps 30.303258,120.595937 hAcc=1 et=+8m4s11ms alt=14.7 vel=0.0 vAcc=??? sAcc=??? bAcc=???])
11-27 10:08:59.410038   368  1064 D unicore_gps: sv_list[] =  (G10,41,U) (G12,0,-) (G15,18,U) (G18,46,U) (G23,40,U) (G24,0,U) (G25,34,U) (G28,35,U)
11-27 10:08:59.410038   368  1064 D unicore_gps: 	 (G32,43,U)
11-27 10:08:59.410179   641   960 D GnssLocationProvider: WakeLock acquired by sendMessage(REPORT_SV_STATUS, 0, com.android.server.location.gnss.GnssLocationProvider$SvStatusInfo@6dcb86d)
11-27 10:08:59.415168   641   658 D GnssLocationProvider: WakeLock released by handleMessage(REPORT_LOCATION, 1, Location[gps 30.303258,120.595937 hAcc=1 et=+8m4s11ms alt=14.7 vel=0.0 vAcc=??? sAcc=??? bAcc=??? {Bundle[{satellites=8, maxCn0=46, meanCn0=34}]}])
11-27 10:08:59.416180   641   658 D GnssLocationProvider: WakeLock released by handleMessage(REPORT_SV_STATUS, 0, com.android.server.location.gnss.GnssLocationProvider$SvStatusInfo@6dcb86d)
11-27 10:08:59.416718   433   433 I cp      : QD_HMI[213]:Jan  1 00:08:02.633661 [QD_HMI]getHMIBacklightSwitch begin,value is 1[DEBUG]
11-27 10:08:59.416762   433   433 E cp      : QD_HMI[213]:Jan  1 00:08:02.634247 [comm][299] MethodRequestThreadProc is running
11-27 10:08:59.416778   433   433 W cp      : MixtureService[416]:Jan  1 00:08:02.635266 [  486.004707]: HMIControlBacklightSwitch 1
11-27 10:08:59.416792   433   433 I cp      : QD_HMI[213]:Jan  1 00:08:02.633863 [QD_HMI]getHMIBacklightSwitch end,value is 1[DEBUG]
11-27 10:08:59.416804   433   433 I cp      : QD_HMI[213]:Jan  1 00:08:02.633889 [QD_HMI]loop send backlight ,value is 1[DEBUG]
11-27 10:08:59.416821   433   433 W cp      : MixtureService[416]:Jan  1 00:08:02.636398 [  486.005834]: ProcessHMIControlBacklightSwitch --------------1
11-27 10:08:59.416834   433   433 W cp      : MixtureService[416]:Jan  1 00:08:02.636442 [  486.005910]: HMI BacklightOn PowerBLSwitch 1
11-27 10:08:59.416847   433   433 W cp      : MixtureService[416]:Jan  1 00:08:02.636469 [  486.005940]: HMI BacklightOn VolatgeState_judge 0
11-27 10:08:59.416859   433   433 W cp      : MixtureService[416]:Jan  1 00:08:02.636721 [  486.006183]:  BacklightOn
11-27 10:08:59.416872   433   433 E cp      : QD_HMI[213]:Jan  1 00:08:02.637275 [comm][194] MethodResponseThreadProc is running
11-27 10:08:59.416885   433   433 I cp      : MixtureService[416]:Jan  1 00:08:02.637749 [comm][243] handleAsyncEventSend is running
11-27 10:08:59.416900   433   433 I cp      : TelltaleService[419]:Jan  1 00:08:02.638372 [comm][124] send event ,ServiceId:=28689,InstanceId:=7,EventId:=32784
11-27 10:08:59.416913   433   433 I cp      : kernel:Jan  1 00:08:02.638609[  486.006579] si_log time_diff:5012 ms times: 67 log_sum_lenght:1855 B/s
11-27 10:08:59.416932   433   433 I cp      : WarnService[418]:Jan  1 00:08:02.639360 [comm][124] send event ,ServiceId:=28689,InstanceId:=7,EventId:=32784
11-27 10:08:59.418344  3099  3099 D AutoTest_NavTask: query star = 7  gpsCount = 7  bdCount = 0
11-27 10:08:59.425264   359  2632 I VehicleEmulator_v2_0: doSetValueToCan:257  propid: 297002e6
11-27 10:08:59.425370   359  2632 D McuUtils: dumpFrame:88 mcu send=[55,AA,03,09,13,01,00,00,01,03,00,CB,00,14]
11-27 10:08:59.425513   903  2167 D MapInfoReceiver: setProperty INFO_ID_MMI_NAV_RAMP_DISTANCE nextRampDistance:null,rampDistanceLevel:0
11-27 10:08:59.425614   359   444 D McuUtils: dumpFrame:88 mcu read=[55,AA,00,03,04,02,00,F7]
11-27 10:08:59.430594   359   444 D McuUtils: dumpFrame:88 mcu read=[55,AA,03,11,13,02,30,00,00,00,02,35,08,00,00,00,00,01,39,00,00,31]
11-27 10:08:59.430688   359   440 D McuUtils: dumpFrame:88 mcu send=[55,AA,00,03,13,02,30,B8]
11-27 10:08:59.445588   359   444 D McuUtils: dumpFrame:88 mcu read=[55,AA,00,03,13,01,00,E9]
11-27 10:08:59.525661   359   444 D McuUtils: dumpFrame:88 mcu read=[55,AA,03,11,13,02,5E,00,00,00,01,31,08,00,00,07,BA,00,00,00,00,81]
11-27 10:08:59.525902   359   440 D McuUtils: dumpFrame:88 mcu send=[55,AA,00,03,13,02,5E,8A]
11-27 10:08:59.535625   359   444 D McuUtils: dumpFrame:88 mcu read=[55,AA,03,34,01,0B,00,04,00,04,00,00,00,00,00,00,00,00,00,22,00,21,50,00,00,01,FF,1F,73,00,00,01,80,00,00,00,01,2A,0C,08,01,0F,81,33,01,0F,81,33,01,2A,0C,08,00,00,69,FE,A5]
11-27 10:08:59.535784   359   440 D McuUtils: dumpFrame:88 mcu send=[55,AA,00,03,01,0B,00,F1]
11-27 10:08:59.570624   359   444 D McuUtils: dumpFrame:88 mcu read=[55,AA,03,06,0B,04,00,00,00,00,EB]
11-27 10:08:59.570756   359   440 D McuUtils: dumpFrame:88 mcu send=[55,AA,00,03,0B,04,00,EE]
11-27 10:08:59.590637   359   444 D McuUtils: dumpFrame:88 mcu read=[55,AA,03,04,03,22,00,01,D6]
11-27 10:08:59.590778   359   440 D McuUtils: dumpFrame:88 mcu send=[55,AA,00,03,03,22,00,D8]
11-27 10:08:59.594182   433   433 W cp      : VehicleService[412]:Jan  1 00:08:02.823523 [  486.192934]: [CHECK_ONCHANGE_EVENT]: PowerMode
11-27 10:08:59.594320   433   433 W cp      : MixtureService[416]:Jan  1 00:08:02.824599 [  486.194010]: handlemPowerMode ------------------ Power1
11-27 10:08:59.594380   433   433 W cp      : MixtureService[416]:Jan  1 00:08:02.825211 [  486.194473]: ProcesshandlemPowerMode ------------------ Power1
11-27 10:08:59.594449   433   433 I cp      : MixtureService[416]:Jan  1 00:08:02.825676 [comm][267] receive event ,ServiceId:=28689,InstanceId:=7,EventId:=32769
11-27 10:08:59.594514   433   433 I cp      : MixtureService[416]:Jan  1 00:08:02.825916 [comm][103] EventMessageThreadProc is running
11-27 10:08:59.595613   359   444 D McuUtils: dumpFrame:88 mcu read=[55,AA,03,05,0B,53,00,1F,FF,7F]
11-27 10:08:59.595701   359   444 D McuUtils: dumpFrame:88 mcu read=[55,AA,03,11,13,02,55,00,00,00,01,6B,08,5F,00,00,00,00,00,00,00,B2]
11-27 10:08:59.595724   359   440 D McuUtils: dumpFrame:88 mcu send=[55,AA,00,03,0B,53,00,9F]
11-27 10:08:59.595803   359   440 D McuUtils: dumpFrame:88 mcu send=[55,AA,00,03,13,02,55,93]
11-27 10:08:59.620029   433   433 I cp      : GaugeService[415]:Jan  1 00:08:02.827588 [comm][103] EventMessageThreadProc is running
11-27 10:08:59.652408  1034  1460 D BaseConnectManager.java: [ (BaseConnectManager.java:155)#IsServiceConnected ] [isServiceConnected] tryConnect true;isConnected true
11-27 10:08:59.652805  1837  1865 I tbox_jni: TboxBaseInfomation isServiceAvailable ret = 1
11-27 10:08:59.653003  1837  1865 D TboxService.java: [ (TboxService.java:396)#TboxBaseInfomationIsServiceAvailable ] TboxBaseInfomationIsServiceAvailable serviceAvailable:true pid:1034
11-27 10:08:59.690603   359   444 D McuUtils: dumpFrame:88 mcu read=[55,AA,03,04,0B,80,00,64,0D]
11-27 10:08:59.690697   359   440 D McuUtils: dumpFrame:88 mcu send=[55,AA,00,03,0B,80,00,72]
11-27 10:08:59.726421   903  2832 I CarClusterService: sendHeartToIPK ack =1
11-27 10:08:59.726773   903  2832 I CarClusterService: sendHeartToDMS ack = 1
11-27 10:08:59.740594   359   444 D McuUtils: dumpFrame:88 mcu read=[55,AA,03,11,13,02,23,00,00,00,02,9E,08,3B,08,0A,1B,0B,17,00,00,85]
11-27 10:08:59.740687   359   440 D McuUtils: dumpFrame:88 mcu send=[55,AA,00,03,13,02,23,C5]
11-27 10:08:59.746946   433   433 W cp      : service[413]:Jan  1 00:08:02.961061 [  486.330460]: recv IVIHeart msg !!!
11-27 10:08:59.747030   433   433 I cp      : service[413]:Jan  1 00:08:02.961845 [comm][243] handleAsyncEventSend is running
11-27 10:08:59.747067   433   433 W cp      : service[413]:Jan  1 00:08:02.966621 [  486.335971]: dfs recv unkown msg ----> type.googleapis.com/com.android.car.bicvcluster.DMSHeart
11-27 10:08:59.780649   359   444 D McuUtils: dumpFrame:88 mcu read=[55,AA,03,06,0B,04,00,00,00,00,EB]
11-27 10:08:59.780810   359   440 D McuUtils: dumpFrame:88 mcu send=[55,AA,00,03,0B,04,00,EE]
11-27 10:08:59.823456   433   433 W cp      : TcService[417]:Jan  1 00:08:03.052102 [  486.421501]: TcServiceProcess: Curr OnMessage ID is : 46Curr OnMessage Statu : 1
11-27 10:08:59.825613   359   444 D McuUtils: dumpFrame:88 mcu read=[55,AA,03,11,13,02,5E,00,00,00,01,31,08,00,00,07,B9,00,00,00,00,82]
11-27 10:08:59.825737   359   440 D McuUtils: dumpFrame:88 mcu send=[55,AA,00,03,13,02,5E,8A]
11-27 10:08:59.837920  3765  3765 I SensorModule: onFunctionValueChanged:funId(0x00101700) propId(INFO_ID_YRS_LONGIT_ACCE) funcValue(0x000007b9) propValue(1977)
11-27 10:08:59.838097  3765  3765 I MyCarLog-->10: myCar.CarFuncManager==>-->onSensorValueChanged: 1054464  value-0.023000002
11-27 10:08:59.874165   433   433 W cp      : MixtureService[416]:Jan  1 00:08:03.105712 [  486.475116]: Mixture: Curr OnMessage ID is : 1Curr OnMessage Statu : 1
11-27 10:08:59.995628   359   444 D McuUtils: dumpFrame:88 mcu read=[55,AA,03,06,0B,04,00,00,00,00,EB]
11-27 10:08:59.995759   359   444 D McuUtils: dumpFrame:88 mcu read=[55,AA,03,04,0B,80,00,64,0D]
11-27 10:08:59.995784   359   440 D McuUtils: dumpFrame:88 mcu send=[55,AA,00,03,0B,04,00,EE]
11-27 10:08:59.995856   359   440 D McuUtils: dumpFrame:88 mcu send=[55,AA,00,03,0B,80,00,72]
11-27 10:09:00.002641  1123  3153 I CameraCheck_native: CameraCheck lockbuf:
11-27 10:09:00.002799  1123  3153 I CameraCheck_native: CameraCheck fd:56
11-27 10:09:00.003684   903   903 D AutoTimeService: [AutoTimeService]now at time: Mon Nov 27 10:09:00 GMT+08:00 2023
11-27 10:09:00.004750   359  2632 I VehicleEmulator_v2_0: doSetValueToMcu:148  propid: 28700008
11-27 10:09:00.004816   359  2632 D McuUtils: dumpFrame:88 mcu send=[55,AA,03,0B,02,02,00,07,E7,0B,1B,0A,09,00,00,CA]
11-27 10:09:00.005960  1034  1034 W Clock   : getActionTime()=10:09,mContentDescriptionFormat.format(mCalendar.getTime())=10:09
11-27 10:09:00.006617  1123  3153 I CameraCheck_native: CameraCheck result:4
11-27 10:09:00.006736  1123  3153 I CameraCheck_native: 111111 CameraCheck num:8
11-27 10:09:00.006801  1123  3153 I CameraCheck_native: CameraCheck::currentStatus :8
11-27 10:09:00.006843  1123  3153 I CameraCheck_native: CameraCheck::syncLock :8
11-27 10:09:00.012910  2113  2113 I AccessibilityCache: onAccessibilityEvent(EventType: TYPE_WINDOW_CONTENT_CHANGED; EventTime: 484609; PackageName: com.android.systemui; MovementGranularity: 0; Action: 0; ContentChangeTypes: [CONTENT_CHANGE_TYPE_TEXT]; WindowChangeTypes: [] [ ClassName: android.widget.TextView; Text: []; ContentDescription: 10:08; ItemCount: -1; CurrentItemIndex: -1; Enabled: true; Password: false; Checked: false; FullScreen: false; Scrollable: false; BeforeText: null; FromIndex: -1; ToIndex: -1; ScrollX: 0; ScrollY: 0; MaxScrollX: 0; MaxScrollY: 0; ScrollDeltaX: -1; ScrollDeltaY: -1; AddedCount: -1; RemovedCount: -1; ParcelableData: null ]
11-27 10:09:00.012910  2113  2113 I AccessibilityCache: ; SourceWindowId: 0x1; SourceNodeId: 0xffffffff0000001a)
11-27 10:09:00.013033  2113  2113 I AccessibilityCache: Refreshing cached node.
11-27 10:09:00.015613   359   444 D McuUtils: dumpFrame:88 mcu read=[55,AA,03,0B,02,03,00,07,E7,0B,1B,0A,09,00,00,C9]
11-27 10:09:00.015720   359   440 D McuUtils: dumpFrame:88 mcu send=[55,AA,00,03,02,03,00,F8]
11-27 10:09:00.015839   359   440 D TimeManager: receiver mcu timeStamp=1701050940
11-27 10:09:00.008000   359   359 I consumer_th: type=1400 audit(0.0:1830): avc: denied { write } for name="property_service" dev="tmpfs" ino=224 scontext=u:r:hal_vehicle_default:s0 tcontext=u:object_r:property_socket:s0 tclass=sock_file permissive=1
11-27 10:09:00.020632   359   444 D McuUtils: dumpFrame:88 mcu read=[55,AA,00,03,02,02,00,F9]
11-27 10:09:00.030617   359   444 D McuUtils: dumpFrame:88 mcu read=[55,AA,03,11,13,02,30,00,00,00,02,35,08,00,00,00,00,01,39,10,00,21]
11-27 10:09:00.030738   359   440 D McuUtils: dumpFrame:88 mcu send=[55,AA,00,03,13,02,30,B8]
11-27 10:09:00.051884   433   433 I cp      : QD_HMI[213]:Jan  1 00:08:03.259309 [QD_HMI]render begin ,value is 0[DEBUG]
11-27 10:09:00.052031   433   433 I cp      : QD_HMI[213]:Jan  1 00:08:03.271017 [QD_HMI]render end ,value is 0[DEBUG]
11-27 10:09:00.113799  2113  2113 I AccessibilityCache: onAccessibilityEvent(EventType: TYPE_WINDOW_CONTENT_CHANGED; EventTime: 484709; PackageName: com.android.systemui; MovementGranularity: 0; Action: 0; ContentChangeTypes: [CONTENT_CHANGE_TYPE_SUBTREE, CONTENT_CHANGE_TYPE_CONTENT_DESCRIPTION]; WindowChangeTypes: [] [ ClassName: android.widget.LinearLayout; Text: []; ContentDescription: null; ItemCount: -1; CurrentItemIndex: -1; Enabled: true; Password: false; Checked: false; FullScreen: false; Scrollable: false; BeforeText: null; FromIndex: -1; ToIndex: -1; ScrollX: 0; ScrollY: 0; MaxScrollX: 0; MaxScrollY: 0; ScrollDeltaX: -1; ScrollDeltaY: -1; AddedCount: -1; RemovedCount: -1; ParcelableData: null ]
11-27 10:09:00.113799  2113  2113 I AccessibilityCache: ; SourceWindowId: 0x1; SourceNodeId: 0xffffffff00000001)
11-27 10:09:00.113934  2113  2113 I AccessibilityCache: Clearing cached subtree.
11-27 10:09:00.115616   359   444 D McuUtils: dumpFrame:88 mcu read=[55,AA,03,06,0B,08,00,00,01,00,E6]
11-27 10:09:00.115758   359   440 D McuUtils: dumpFrame:88 mcu send=[55,AA,00,03,0B,08,00,EA]
11-27 10:09:00.125619   359   444 D McuUtils: dumpFrame:88 mcu read=[55,AA,03,11,13,02,5E,00,00,00,01,31,08,00,00,07,BA,00,00,00,00,81]
11-27 10:09:00.125771   359   440 D McuUtils: dumpFrame:88 mcu send=[55,AA,00,03,13,02,5E,8A]
11-27 10:09:00.137550  3765  3765 I SensorModule: onFunctionValueChanged:funId(0x00101700) propId(INFO_ID_YRS_LONGIT_ACCE) funcValue(0x000007ba) propValue(1978)
11-27 10:09:00.137725  3765  3765 I MyCarLog-->10: myCar.CarFuncManager==>-->onSensorValueChanged: 1054464  value-0.021999955
11-27 10:09:00.195633   359   444 D McuUtils: dumpFrame:88 mcu read=[55,AA,03,07,0B,35,00,00,00,07,27,8B]
11-27 10:09:00.195799   359   444 D McuUtils: dumpFrame:88 mcu read=[55,AA,03,07,0B,2C,00,00,00,D3,0A,E5]
11-27 10:09:00.195818   359   440 D McuUtils: dumpFrame:88 mcu send=[55,AA,00,03,0B,35,00,BD]
11-27 10:09:00.195885   359   440 D McuUtils: dumpFrame:88 mcu send=[55,AA,00,03,0B,2C,00,C6]
11-27 10:09:00.200594   359   444 D McuUtils: dumpFrame:88 mcu read=[55,AA,03,06,0B,04,00,00,00,00,EB]
11-27 10:09:00.200690   359   440 D McuUtils: dumpFrame:88 mcu send=[55,AA,00,03,0B,04,00,EE]
11-27 10:09:00.230706   359   444 D McuUtils: dumpFrame:88 mcu read=[55,AA,03,11,13,02,30,00,00,00,02,35,08,00,00,00,00,01,39,00,00,31]
11-27 10:09:00.230826   359   440 D McuUtils: dumpFrame:88 mcu send=[55,AA,00,03,13,02,30,B8]
11-27 10:09:00.295602   359   444 D McuUtils: dumpFrame:88 mcu read=[55,AA,03,04,0B,80,00,64,0D]
11-27 10:09:00.295695   359   440 D McuUtils: dumpFrame:88 mcu send=[55,AA,00,03,0B,80,00,72]
11-27 10:09:00.300274   347  1458 I netd    : trafficSwapActiveStatsMap() <20.95ms>
11-27 10:09:00.303267   347  1458 I netd    : tetherGetStats() <1.57ms>
11-27 10:09:00.305617   433   433 W cp      : HUDService[422]:Jan  1 00:08:03.532040 [  486.901452]: got arapp heart beat ----> zero: 50 | one: 50
11-27 10:09:00.308340   347  1458 I netd    : bandwidthSetGlobalAlert(2097152) <0.12ms>
11-27 10:09:00.351595  1837  3163 I tbox_jni: subscribe ack is = 1.
11-27 10:09:00.353521  1837  3163 D tbox_jni: GNSSInfo subscribe ack is = 1
11-27 10:09:00.361780  1837  3163 I tbox_jni: tXCallInformation subscribe ack is = 1.
11-27 10:09:00.364321  1837  3163 I tbox_jni: TBoxSystemFunctionsSubscribeAckCallback 1
11-27 10:09:00.380241  1837  3164 D tbox_jni: tGNSSInformation_NeraDataTransmitionCallback size:397
11-27 10:09:00.380630  1837  3164 D tbox_jni: tGNSSInformation CallVoidMethod
11-27 10:09:00.380907  1837  3164 D TboxGNSSInformationManager.java: [ (TboxGNSSInformationManager.java:128)#OnNeraDataTransmition ] TboxGNSSInformationManager onNeraDataTransmition nmea
11-27 10:09:00.381099  1837  3164 D tbox_jni: tGNSSInformation DetachCurrentThread
11-27 10:09:00.381185  1837  3632 D TboxGNSSInformationManager.java: [ (TboxGNSSInformationManager.java:95)#HandleMessage ] handlerThread------Thread[GnssProdcerThread,5,main]
11-27 10:09:00.381237  1837  3164 D tbox_jni: tGNSSInformation DetachCurrentThread end
11-27 10:09:00.381304  1837  3632 D TboxGNSSInformationManager.java: [ (TboxGNSSInformationManager.java:197)#PutQueue ] ttyTBOXGPS message：$GPGSA,A,3,10,18,23,24,25,28,32,,,,,,0.9,0.6,0.7*39
11-27 10:09:00.381304  1837  3632 D TboxGNSSInformationManager.java: $GPGSV,3,1,09,10,49,322,41,15,24,078,19,18,26,202,46,23,84,077,40*7B
11-27 10:09:00.381304  1837  3632 D TboxGNSSInformationManager.java: $GPGSV,3,2,09,25,27,158,33,28,10,227,35,32,27,293,43,12,35,113,*78
11-27 10:09:00.381304  1837  3632 D TboxGNSSInformationManager.java: $GPGSV,3,3,09,24,40,040,*46
11-27 10:09:00.381304  1837  3632 D TboxGNSSInformationManager.java: $GPVTG,,T,,M,0.0,N,0.0,K,A*23
11-27 10:09:00.381304  1837  3632 D TboxGNSSInformationManager.java: $GPRMC,020900.00,A,3018.195505,N,12035.756192,E,0.0,,271123,4.3,W,A*0D
11-27 10:09:00.381304  1837  3632 D TboxGNSSInformationManager.java: $GPGGA,020900.00,3018.195505,N,12035.756192,E,1,12,0.6,14.7,M,8.0,M,,*64
11-27 10:09:00.381436  1837  3631 D TboxGNSSInformationManager.java: [ (TboxGNSSInformationManager.java:222)#SaveGNSSdata ] saveGNSSdata isTboxWriteDataRunning：true line:$GPGSA,A,3,10,18,23,24,25,28,32,,,,,,0.9,0.6,0.7*39
11-27 10:09:00.381436  1837  3631 D TboxGNSSInformationManager.java: $GPGSV,3,1,09,10,49,322,41,15,24,078,19,18,26,202,46,23,84,077,40*7B
