11-27 10:09:17.190798   359   440 D McuUtils: dumpFrame:88 mcu send=[55,AA,00,03,0B,35,00,BD]
11-27 10:09:17.194376  3268  3320 I TXZ_NATIVE_ASR: [_Unisound_AsrEngineFeedData] kws real ratio = 0.089442,proc total pcm=184396ms [2047]
11-27 10:09:17.195621   359   444 D McuUtils: dumpFrame:88 mcu read=[55,AA,03,07,0B,2C,00,00,00,D3,1B,D4]
11-27 10:09:17.195796   359   440 D McuUtils: dumpFrame:88 mcu send=[55,AA,00,03,0B,2C,00,C6]
11-27 10:09:17.210621   359   444 D McuUtils: dumpFrame:88 mcu read=[55,AA,03,06,0B,04,00,00,00,00,EB]
11-27 10:09:17.210787   359   440 D McuUtils: dumpFrame:88 mcu send=[55,AA,00,03,0B,04,00,EE]
11-27 10:09:17.226656  3363  3372 I TXZ_NATIVE_ASR: [_Unisound_AsrEngineFeedData] kws real ratio = 0.083125,proc total pcm=184439ms [2047]
11-27 10:09:17.230654   359   444 D McuUtils: dumpFrame:88 mcu read=[55,AA,03,11,13,02,30,00,00,00,02,35,08,00,00,00,00,01,39,10,00,21]
11-27 10:09:17.230858   359   440 D McuUtils: dumpFrame:88 mcu send=[55,AA,00,03,13,02,30,B8]
11-27 10:09:17.240610   359   444 D McuUtils: dumpFrame:88 mcu read=[55,AA,03,11,13,02,5E,00,00,00,01,31,08,00,00,07,BB,00,00,00,00,80]
11-27 10:09:17.240750   359   440 D McuUtils: dumpFrame:88 mcu send=[55,AA,00,03,13,02,5E,8A]
11-27 10:09:17.285958   359   442 D McuUtils: dumpFrame:88 mcu send=[55,AA,01,04,03,13,00,00,E6]
11-27 10:09:17.295630   359   444 D McuUtils: dumpFrame:88 mcu read=[55,AA,01,04,03,14,00,00,E5]
11-27 10:09:17.295826   359   440 I PowerManager: processMessage, mcu read id(0314) status = 0
11-27 10:09:17.300630   359   444 D McuUtils: dumpFrame:88 mcu read=[55,AA,03,06,03,08,00,00,0D,08,DA]
11-27 10:09:17.300791   359   440 D McuUtils: dumpFrame:88 mcu send=[55,AA,00,03,03,08,00,F2]
11-27 10:09:17.300852   359   440 I PowerManager: processMessage, mcu read id(0308) State = 0
11-27 10:09:17.302607   433   433 W cp      : MixtureService[416]:Jan  1 00:08:20.534037 [  503.903468]: ProcesshandleVoltageState0
11-27 10:09:17.302851   433   433 S r52     : ipc:AP Heartbeat---
11-27 10:09:17.315637   359   444 D McuUtils: dumpFrame:88 mcu read=[55,AA,03,11,13,02,66,00,00,00,01,02,08,00,00,00,00,00,00,00,00,69]
11-27 10:09:17.315791   359   440 D McuUtils: dumpFrame:88 mcu send=[55,AA,00,03,13,02,66,82]
11-27 10:09:17.320611   359   444 D McuUtils: dumpFrame:88 mcu read=[55,AA,00,03,04,02,00,F7]
11-27 10:09:17.390588   359   444 D McuUtils: dumpFrame:88 mcu read=[55,AA,03,04,0B,80,00,64,0D]
11-27 10:09:17.390668   359   440 D McuUtils: dumpFrame:88 mcu send=[55,AA,00,03,0B,80,00,72]
11-27 10:09:17.394117  1837  3163 I tbox_jni: subscribe ack is = 1.
11-27 10:09:17.395908  1837  3163 D tbox_jni: GNSSInfo subscribe ack is = 1
11-27 10:09:17.397628  1837  3163 I tbox_jni: tXCallInformation subscribe ack is = 1.
11-27 10:09:17.400278  1837  3163 I tbox_jni: TBoxSystemFunctionsSubscribeAckCallback 1
11-27 10:09:17.416423  1837  3164 D tbox_jni: tGNSSInformation_NeraDataTransmitionCallback size:395
11-27 10:09:17.416653  1837  3164 D tbox_jni: tGNSSInformation CallVoidMethod
11-27 10:09:17.416833  1837  3164 D TboxGNSSInformationManager.java: [ (TboxGNSSInformationManager.java:128)#OnNeraDataTransmition ] TboxGNSSInformationManager onNeraDataTransmition nmea
11-27 10:09:17.416961  1837  3164 D tbox_jni: tGNSSInformation DetachCurrentThread
11-27 10:09:17.417229  1837  3632 D TboxGNSSInformationManager.java: [ (TboxGNSSInformationManager.java:95)#HandleMessage ] handlerThread------Thread[GnssProdcerThread,5,main]
11-27 10:09:17.417341  1837  3164 D tbox_jni: tGNSSInformation DetachCurrentThread end
11-27 10:09:17.417447  1837  3632 D TboxGNSSInformationManager.java: [ (TboxGNSSInformationManager.java:197)#PutQueue ] ttyTBOXGPS message：$GPGSA,A,3,10,18,23,25,28,32,,,,,,,0.9,0.6,0.7*3F
11-27 10:09:17.417447  1837  3632 D TboxGNSSInformationManager.java: $GPGSV,3,1,09,10,49,322,40,15,24,078,16,18,26,202,46,23,84,077,40*75
11-27 10:09:17.417447  1837  3632 D TboxGNSSInformationManager.java: $GPGSV,3,2,09,25,27,158,33,28,10,227,36,32,27,293,43,12,35,113,*7B
11-27 10:09:17.417447  1837  3632 D TboxGNSSInformationManager.java: $GPGSV,3,3,09,24,40,040,*46
11-27 10:09:17.417447  1837  3632 D TboxGNSSInformationManager.java: $GPVTG,,T,,M,0.0,N,0.0,K,A*23
11-27 10:09:17.417447  1837  3632 D TboxGNSSInformationManager.java: $GPRMC,020917.00,A,3018.195713,N,12035.756785,E,0.0,,271123,4.3,W,A*0E
11-27 10:09:17.417447  1837  3632 D TboxGNSSInformationManager.java: $GPGGA,020917.00,3018.195713,N,12035.756785,E,1,12,0.6,16.5,M,8.0,M,,*67
11-27 10:09:17.417640  1837  3631 D TboxGNSSInformationManager.java: [ (TboxGNSSInformationManager.java:222)#SaveGNSSdata ] saveGNSSdata isTboxWriteDataRunning：true line:$GPGSA,A,3,10,18,23,25,28,32,,,,,,,0.9,0.6,0.7*3F
11-27 10:09:17.417640  1837  3631 D TboxGNSSInformationManager.java: $GPGSV,3,1,09,10,49,322,40,15,24,078,16,18,26,202,46,23,84,077,40*75
11-27 10:09:17.417640  1837  3631 D TboxGNSSInformationManager.java: $GPGSV,3,2,09,25,27,158,33,28,10,227,36,32,27,293,43,12,35,113,*7B
11-27 10:09:17.417640  1837  3631 D TboxGNSSInformationManager.java: $GPGSV,3,3,09,24,40,040,*46
11-27 10:09:17.417640  1837  3631 D TboxGNSSInformationManager.java: $GPVTG,,T,,M,0.0,N,0.0,K,A*23
11-27 10:09:17.417640  1837  3631 D TboxGNSSInformationManager.java: $GPRMC,020917.00,A,3018.195713,N,12035.756785,E,0.0,,271123,4.3,W,A*0E
11-27 10:09:17.417640  1837  3631 D TboxGNSSInformationManager.java: $GPGGA,020917.00,3018.195713,N,12035.756785,E,1,12,0.6,16.5,M,8.0,M,,*67
11-27 10:09:17.417828   368  1065 D unicore_gps: nmea parse(pos=49,f=00): $GPGSA,A,3,10,18,23,25,28,32,,,,,,,0.9,0.6,0.7*3F 
11-27 10:09:17.418385   368  1065 D unicore_gps: r fix_tmp flags has no acc ,gsa acc backup working
11-27 10:09:17.418424   368  1065 D unicore_gps: nmea parse(pos=68,f=00): $GPGSV,3,1,09,10,49,322,40,15,24,078,16,18,26,202,46,23,84,077,40*75 
11-27 10:09:17.418552   368  1065 D unicore_gps: r fix_tmp flags has no acc ,gsa acc backup working
11-27 10:09:17.418584   368  1065 D unicore_gps: nmea parse(pos=66,f=00): $GPGSV,3,2,09,25,27,158,33,28,10,227,36,32,27,293,43,12,35,113,*7B 
11-27 10:09:17.418687   368  1065 D unicore_gps: r fix_tmp flags has no acc ,gsa acc backup working
11-27 10:09:17.418720   368  1065 D unicore_gps: nmea parse(pos=27,f=00): $GPGSV,3,3,09,24,40,040,*46 
11-27 10:09:17.418808   368  1065 D unicore_gps: r fix_tmp flags has no acc ,gsa acc backup working
11-27 10:09:17.418826   368  1065 D unicore_gps: nmea parse(pos=29,f=00): $GPVTG,,T,,M,0.0,N,0.0,K,A*23 
11-27 10:09:17.418947   368  1065 D unicore_gps: r fix_tmp flags has no acc ,gsa acc backup working
11-27 10:09:17.418975   368  1065 D unicore_gps: nmea parse(pos=70,f=00): $GPRMC,020917.00,A,3018.195713,N,12035.756785,E,0.0,,271123,4.3,W,A*0E 
11-27 10:09:17.419088   368  1065 D unicore_gps: nmea parse(pos=72,f=05): $GPGGA,020917.00,3018.195713,N,12035.756785,E,1,12,0.6,16.5,M,8.0,M,,*67 
11-27 10:09:17.419193   368  1065 D unicore_gps: r fix_tmp flags has no acc ,gsa acc backup working
11-27 10:09:17.419212   368  1065 D unicore_gps: short nmea
11-27 10:09:17.420594   359   444 D McuUtils: dumpFrame:88 mcu read=[55,AA,03,06,0B,04,00,00,00,00,EB]
11-27 10:09:17.420666   359   440 D McuUtils: dumpFrame:88 mcu send=[55,AA,00,03,0B,04,00,EE]
11-27 10:09:17.428043   368  1064 D unicore_gps: __gps_timer_thread:2328__ flags=0x00000017 changed=1 num_svs=9
11-27 10:09:17.428155   368  1064 D unicore_gps: gps fix cb: ts=17.000 flags=0x17, lat=30.303262, lon=120.595946, alt=16.50, spd=0.00, cog=0.00
11-27 10:09:17.428864   641   960 D GnssLocationProvider: WakeLock acquired by sendMessage(REPORT_LOCATION, 1, Location[gps 30.303262,120.595946 hAcc=1 et=+8m22s32ms alt=16.5 vel=0.0 vAcc=??? sAcc=??? bAcc=???])
11-27 10:09:17.428971   368  1064 D unicore_gps: sv_list[] =  (G10,40,U) (G12,0,-) (G15,16,-) (G18,46,U) (G23,40,U) (G24,0,-) (G25,33,U) (G28,36,U)
11-27 10:09:17.428971   368  1064 D unicore_gps: 	 (G32,43,U)
11-27 10:09:17.429087   641   960 D GnssLocationProvider: WakeLock acquired by sendMessage(REPORT_SV_STATUS, 0, com.android.server.location.gnss.GnssLocationProvider$SvStatusInfo@12049aa)
11-27 10:09:17.434622   641   658 D GnssLocationProvider: WakeLock released by handleMessage(REPORT_LOCATION, 1, Location[gps 30.303262,120.595946 hAcc=1 et=+8m22s32ms alt=16.5 vel=0.0 vAcc=??? sAcc=??? bAcc=??? {Bundle[{satellites=7, maxCn0=45, meanCn0=33}]}])
11-27 10:09:17.435694   641   658 D GnssLocationProvider: WakeLock released by handleMessage(REPORT_SV_STATUS, 0, com.android.server.location.gnss.GnssLocationProvider$SvStatusInfo@12049aa)
11-27 10:09:17.439395  3099  3099 D AutoTest_NavTask: query star = 7  gpsCount = 7  bdCount = 0
11-27 10:09:17.444715   359   451 I VehicleEmulator_v2_0: doSetValueToCan:257  propid: 297002e6
11-27 10:09:17.444819   359   451 D McuUtils: dumpFrame:88 mcu send=[55,AA,03,09,13,01,00,00,01,03,00,CB,00,14]
11-27 10:09:17.444987   903  2167 D MapInfoReceiver: setProperty INFO_ID_MMI_NAV_RAMP_DISTANCE nextRampDistance:null,rampDistanceLevel:0
11-27 10:09:17.460593   359   444 D McuUtils: dumpFrame:88 mcu read=[55,AA,00,03,13,01,00,E9]
11-27 10:09:17.535667   359   444 D McuUtils: dumpFrame:88 mcu read=[55,AA,03,34,01,0B,00,04,00,04,00,00,00,00,00,00,00,00,00,22,00,21,37,00,00,01,FF,1F,70,00,00,01,80,00,00,00,01,2B,0C,1A,01,0F,81,ED,01,0F,81,ED,01,2B,0C,1A,00,00,6A,73,B1]
11-27 10:09:17.535902   359   440 D McuUtils: dumpFrame:88 mcu send=[55,AA,00,03,01,0B,00,F1]
11-27 10:09:17.540604   359   444 D McuUtils: dumpFrame:88 mcu read=[55,AA,03,11,13,02,5E,00,00,00,01,31,08,00,00,07,BA,00,00,00,00,81]
11-27 10:09:17.540731   359   440 D McuUtils: dumpFrame:88 mcu send=[55,AA,00,03,13,02,5E,8A]
11-27 10:09:17.547598  3765  3765 I SensorModule: onFunctionValueChanged:funId(0x00101700) propId(INFO_ID_YRS_LONGIT_ACCE) funcValue(0x000007ba) propValue(1978)
11-27 10:09:17.547719  3765  3765 I MyCarLog-->10: myCar.CarFuncManager==>-->onSensorValueChanged: 1054464  value-0.021999955
11-27 10:09:17.590622   359   444 D McuUtils: dumpFrame:88 mcu read=[55,AA,03,04,03,22,00,01,D6]
11-27 10:09:17.590785   359   440 D McuUtils: dumpFrame:88 mcu send=[55,AA,00,03,03,22,00,D8]
11-27 10:09:17.595584   359   444 D McuUtils: dumpFrame:88 mcu read=[55,AA,03,05,0B,53,00,1F,FF,7F]
11-27 10:09:17.595660   359   440 D McuUtils: dumpFrame:88 mcu send=[55,AA,00,03,0B,53,00,9F]
11-27 10:09:17.607067   433   433 W cp      : VehicleService[412]:Jan  1 00:08:20.823977 [  504.193378]: [CHECK_ONCHANGE_EVENT]: PowerMode
11-27 10:09:17.607200   433   433 W cp      : MixtureService[416]:Jan  1 00:08:20.824630 [  504.194031]: handlemPowerMode ------------------ Power1
11-27 10:09:17.607250   433   433 W cp      : MixtureService[416]:Jan  1 00:08:20.824848 [  504.194286]: ProcesshandlemPowerMode ------------------ Power1
11-27 10:09:17.630620   359   444 D McuUtils: dumpFrame:88 mcu read=[55,AA,03,06,0B,04,00,00,00,00,EB]
11-27 10:09:17.630819   359   440 D McuUtils: dumpFrame:88 mcu send=[55,AA,00,03,0B,04,00,EE]
11-27 10:09:17.691354   359   444 D McuUtils: dumpFrame:88 mcu read=[55,AA,03,04,0B,80,00,64,0D]
11-27 10:09:17.691512   359   440 D McuUtils: dumpFrame:88 mcu send=[55,AA,00,03,0B,80,00,72]
11-27 10:09:17.840645   359   444 D McuUtils: dumpFrame:88 mcu read=[55,AA,03,11,13,02,23,00,00,00,02,9E,08,11,09,0A,1B,0B,17,00,00,AE]
11-27 10:09:17.840802   359   444 D McuUtils: dumpFrame:88 mcu read=[55,AA,03,11,13,02,5E,00,00,00,01,31,08,00,00,07,BB,00,00,00,00,80]
11-27 10:09:17.840826   359   440 D McuUtils: dumpFrame:88 mcu send=[55,AA,00,03,13,02,23,C5]
11-27 10:09:17.840911   359   440 D McuUtils: dumpFrame:88 mcu send=[55,AA,00,03,13,02,5E,8A]
11-27 10:09:17.845611   359   444 D McuUtils: dumpFrame:88 mcu read=[55,AA,03,06,0B,04,00,00,00,00,EB]
11-27 10:09:17.845729   359   440 D McuUtils: dumpFrame:88 mcu send=[55,AA,00,03,0B,04,00,EE]
11-27 10:09:17.851986  3765  3765 I SensorModule: onFunctionValueChanged:funId(0x00101700) propId(INFO_ID_YRS_LONGIT_ACCE) funcValue(0x000007bb) propValue(1979)
11-27 10:09:17.852089  3765  3765 I MyCarLog-->10: myCar.CarFuncManager==>-->onSensorValueChanged: 1054464  value-0.021000028
11-27 10:09:17.935738   641   737 I ConnectivityService: ping VGM result connect!
11-27 10:09:17.935857   641   737 I ConnectivityService: mNetDisconnectFlag:false, mNetDisconnectTime:0, currtime:502539
11-27 10:09:17.953513   641   737 I ConnectivityService: ping tbox result connect!
11-27 10:09:17.966862   347  5632 D resolv  : res_nquerydomain: (null, 1, 1)
11-27 10:09:17.966983   347  5632 D resolv  : res_nquery: (1, 1)
11-27 10:09:17.967034   347  5632 D resolv  : res_nmkquery: (QUERY, IN, A)
11-27 10:09:17.967089   347  5632 D resolv  : res_nsend
11-27 10:09:17.967137   347  5632 I resolv  : resolv_cache_lookup: lookup
11-27 10:09:17.967590   347  5632 I resolv  : resolv_cache_lookup: FOUND IN CACHE entry=0xb400f506da097b30
11-27 10:09:17.967684   347  5632 D resolv  : GetHostByNameHandler::run: result: Success
11-27 10:09:17.968992  1087  2195 D NetworkMonitor/103: isDataStall: result=false, tcp packets received=10084, latest tcp fail rate=-1
11-27 10:09:17.995624   359   444 D McuUtils: dumpFrame:88 mcu read=[55,AA,03,04,0B,80,00,64,0D]
11-27 10:09:17.995832   359   440 D McuUtils: dumpFrame:88 mcu send=[55,AA,00,03,0B,80,00,72]
11-27 10:09:18.030626   359   444 D McuUtils: dumpFrame:88 mcu read=[55,AA,03,11,13,02,30,00,00,00,02,35,08,00,00,00,00,01,39,00,00,31]
11-27 10:09:18.030797   359   440 D McuUtils: dumpFrame:88 mcu send=[55,AA,00,03,13,02,30,B8]
11-27 10:09:18.037450   641   737 I ConnectivityService: NetworkCheck networkType Ethernet, isAvailable:true, mIsAvailable:true, time 84ms, info:PING www.a.shifen.com (157.148.69.74) 56(84) bytes of data.
11-27 10:09:18.037450   641   737 I ConnectivityService: 64 bytes from 157.148.69.74: icmp_seq=1 ttl=52 time=66.2 ms
11-27 10:09:18.037450   641   737 I ConnectivityService: 
11-27 10:09:18.037450   641   737 I ConnectivityService: --- www.a.shifen.com ping statistics ---
11-27 10:09:18.037450   641   737 I ConnectivityService: 1 packets transmitted, 1 received, 0% packet loss, time 0ms
11-27 10:09:18.037450   641   737 I ConnectivityService: rtt min/avg/max/mdev = 66.209/66.209/66.209/0.000 ms
11-27 10:09:18.050622   359   444 D McuUtils: dumpFrame:88 mcu read=[55,AA,03,06,0B,04,00,00,00,00,EB]
11-27 10:09:18.050787   359   440 D McuUtils: dumpFrame:88 mcu send=[55,AA,00,03,0B,04,00,EE]
11-27 10:09:18.062300  1123  3153 I CameraCheck_native: CameraCheck lockbuf:
11-27 10:09:18.062400  1123  3153 I CameraCheck_native: CameraCheck fd:56
11-27 10:09:18.066115  1123  3153 I CameraCheck_native: CameraCheck result:4
11-27 10:09:18.066164  1123  3153 I CameraCheck_native: 111111 CameraCheck num:8
11-27 10:09:18.066215  1123  3153 I CameraCheck_native: CameraCheck::currentStatus :8
11-27 10:09:18.066230  1123  3153 I CameraCheck_native: CameraCheck::syncLock :8
11-27 10:09:18.066627   359   447 D McuUtils: dumpFrame:88 ipk read org=[55,AA,01,08,01,01,00,00,00,00,00,01,F5]
11-27 10:09:18.066728   359   445 I android.hardware.automotive.vehicle@2.0-service: processMessage, ipk cmdCtrl = 0x1 ,mainCmdId = 0x1 ,subCmdId = 0x1 ,datalen: 5
11-27 10:09:18.066756   359   445 I DiagnosticManager: processMessage, ipk readId = 0x0101, mainCmdId = 0x1 ,subCmdId = 0x1 , datalen = 5
11-27 10:09:18.066800   359   445 D VehicleHalServer: onSetProperty(745537557)
11-27 10:09:18.095662   359   444 D McuUtils: dumpFrame:88 mcu read=[55,AA,03,06,03,03,00,01,30,00,C3]
11-27 10:09:18.095834   359   440 D McuUtils: dumpFrame:88 mcu send=[55,AA,00,03,03,03,00,F7]
11-27 10:09:18.095888   359   440 I PowerManager: processMessage, mcu read id(0303) powerState = 1
11-27 10:09:18.111572   903   933 D PowerManagerService: handlePropertyEvent powerState = 1
11-27 10:09:18.111811   903   933 D BDKeyService: handlePropertyEvent property_id = ID_MCU_POWER_STATE
11-27 10:09:18.111865   903   933 D BDKeyService: handleKeyEvent ID_MCU_POWER_STATE = 1
11-27 10:09:18.140680   359   444 D McuUtils: dumpFrame:88 mcu read=[55,AA,03,11,13,02,5E,00,00,00,01,31,08,00,00,07,BA,00,00,00,00,81]
11-27 10:09:18.140818   359   440 D McuUtils: dumpFrame:88 mcu send=[55,AA,00,03,13,02,5E,8A]
11-27 10:09:18.152173  3765  3765 I SensorModule: onFunctionValueChanged:funId(0x00101700) propId(INFO_ID_YRS_LONGIT_ACCE) funcValue(0x000007ba) propValue(1978)
11-27 10:09:18.152303  3765  3765 I MyCarLog-->10: myCar.CarFuncManager==>-->onSensorValueChanged: 1054464  value-0.021999955
11-27 10:09:18.190661   359   444 D McuUtils: dumpFrame:88 mcu read=[55,AA,03,07,0B,35,00,00,00,07,39,79]
11-27 10:09:18.190874   359   440 D McuUtils: dumpFrame:88 mcu send=[55,AA,00,03,0B,35,00,BD]
11-27 10:09:18.195612   359   444 D McuUtils: dumpFrame:88 mcu read=[55,AA,03,07,0B,2C,00,00,00,D3,1C,D3]
11-27 10:09:18.195752   359   440 D McuUtils: dumpFrame:88 mcu send=[55,AA,00,03,0B,2C,00,C6]
11-27 10:09:18.210627   359   444 D McuUtils: dumpFrame:88 mcu read=[55,AA,03,05,0B,26,00,00,F0,DA]
11-27 10:09:18.210799   359   440 D McuUtils: dumpFrame:88 mcu send=[55,AA,00,03,0B,26,00,CC]
11-27 10:09:18.260615   359   444 D McuUtils: dumpFrame:88 mcu read=[55,AA,03,06,0B,04,00,00,00,00,EB]
11-27 10:09:18.260755   359   440 D McuUtils: dumpFrame:88 mcu send=[55,AA,00,03,0B,04,00,EE]
11-27 10:09:18.290621   359   444 D McuUtils: dumpFrame:88 mcu read=[55,AA,03,04,0B,80,00,64,0D]
11-27 10:09:18.290755   359   440 D McuUtils: dumpFrame:88 mcu send=[55,AA,00,03,0B,80,00,72]
11-27 10:09:18.340000  2674  2674 I LOGGER  : type=1400 audit(0.0:1845): avc: denied { getattr } for path="/storage/emulated/0/nsomeiplog/nsomeiplog.231127020758.log" dev="fuse" ino=26468 scontext=u:r:init:s0 tcontext=u:object_r:fuse:s0 tclass=file permissive=1
11-27 10:09:18.365615   359   444 D McuUtils: dumpFrame:88 mcu read=[55,AA,03,11,13,02,67,00,00,00,00,E0,08,00,0E,00,E0,00,00,00,00,9D]
11-27 10:09:18.365759   359   440 D McuUtils: dumpFrame:88 mcu send=[55,AA,00,03,13,02,67,81]
11-27 10:09:18.390877  1837  3163 I tbox_jni: subscribe ack is = 1.
11-27 10:09:18.392512  1837  3163 D tbox_jni: GNSSInfo subscribe ack is = 1
11-27 10:09:18.393206  1837  3163 I tbox_jni: tXCallInformation subscribe ack is = 1.
11-27 10:09:18.395885  1837  3163 I tbox_jni: TBoxSystemFunctionsSubscribeAckCallback 1
11-27 10:09:18.414539  1837  3164 D tbox_jni: tGNSSInformation_NeraDataTransmitionCallback size:395
11-27 10:09:18.414787  1837  3164 D tbox_jni: tGNSSInformation CallVoidMethod
11-27 10:09:18.414909  1837  3164 D TboxGNSSInformationManager.java: [ (TboxGNSSInformationManager.java:128)#OnNeraDataTransmition ] TboxGNSSInformationManager onNeraDataTransmition nmea
11-27 10:09:18.414984  1837  3164 D tbox_jni: tGNSSInformation DetachCurrentThread
11-27 10:09:18.415033  1837  3164 D tbox_jni: tGNSSInformation DetachCurrentThread end
11-27 10:09:18.415192  1837  3632 D TboxGNSSInformationManager.java: [ (TboxGNSSInformationManager.java:95)#HandleMessage ] handlerThread------Thread[GnssProdcerThread,5,main]
11-27 10:09:18.415355  1837  3632 D TboxGNSSInformationManager.java: [ (TboxGNSSInformationManager.java:197)#PutQueue ] ttyTBOXGPS message：$GPGSA,A,3,10,18,23,25,28,32,,,,,,,0.9,0.6,0.7*3F
11-27 10:09:18.415355  1837  3632 D TboxGNSSInformationManager.java: $GPGSV,3,1,09,10,49,322,40,15,24,078,16,18,26,202,46,23,84,077,41*74
11-27 10:09:18.415355  1837  3632 D TboxGNSSInformationManager.java: $GPGSV,3,2,09,25,27,158,33,28,10,227,36,32,27,293,44,12,35,113,*7C
11-27 10:09:18.415355  1837  3632 D TboxGNSSInformationManager.java: $GPGSV,3,3,09,24,40,040,*46
11-27 10:09:18.415355  1837  3632 D TboxGNSSInformationManager.java: $GPVTG,,T,,M,0.0,N,0.0,K,A*23
11-27 10:09:18.415355  1837  3632 D TboxGNSSInformationManager.java: $GPRMC,020918.00,A,3018.195701,N,12035.756788,E,0.0,,271123,4.3,W,A*0F
11-27 10:09:18.415355  1837  3632 D TboxGNSSInformationManager.java: $GPGGA,020918.00,3018.195701,N,12035.756788,E,1,12,0.6,16.5,M,8.0,M,,*66
11-27 10:09:18.415526  1837  3631 D TboxGNSSInformationManager.java: [ (TboxGNSSInformationManager.java:222)#SaveGNSSdata ] saveGNSSdata isTboxWriteDataRunning：true line:$GPGSA,A,3,10,18,23,25,28,32,,,,,,,0.9,0.6,0.7*3F
11-27 10:09:18.415526  1837  3631 D TboxGNSSInformationManager.java: $GPGSV,3,1,09,10,49,322,40,15,24,078,16,18,26,202,46,23,84,077,41*74
11-27 10:09:18.415526  1837  3631 D TboxGNSSInformationManager.java: $GPGSV,3,2,09,25,27,158,33,28,10,227,36,32,27,293,44,12,35,113,*7C
11-27 10:09:18.415526  1837  3631 D TboxGNSSInformationManager.java: $GPGSV,3,3,09,24,40,040,*46
11-27 10:09:18.415526  1837  3631 D TboxGNSSInformationManager.java: $GPVTG,,T,,M,0.0,N,0.0,K,A*23
11-27 10:09:18.415526  1837  3631 D TboxGNSSInformationManager.java: $GPRMC,020918.00,A,3018.195701,N,12035.756788,E,0.0,,271123,4.3,W,A*0F
11-27 10:09:18.415526  1837  3631 D TboxGNSSInformationManager.java: $GPGGA,020918.00,3018.195701,N,12035.756788,E,1,12,0.6,16.5,M,8.0,M,,*66
11-27 10:09:18.415721   368  1065 D unicore_gps: nmea parse(pos=49,f=00): $GPGSA,A,3,10,18,23,25,28,32,,,,,,,0.9,0.6,0.7*3F 
11-27 10:09:18.416290   368  1065 D unicore_gps: r fix_tmp flags has no acc ,gsa acc backup working
11-27 10:09:18.416366   368  1065 D unicore_gps: nmea parse(pos=68,f=00): $GPGSV,3,1,09,10,49,322,40,15,24,078,16,18,26,202,46,23,84,077,41*74 
11-27 10:09:18.416562   433   433 D cp      : ARHUDAPP[289]:Jan  1 00:08:21.631513 Debug: Target{ state:false; id:0; type:AdasEnums::TargetType::UNKNOWN; position:QVector3D(0, 42, 446); size:QVector3D(0, 0, 0); level:AdasEnums::TargetLevel::UNKNOWN; timeout:true }
11-27 10:09:18.416598   368  1065 D unicore_gps: r fix_tmp flags has no acc ,gsa acc backup working
11-27 10:09:18.416624   368  1065 D unicore_gps: nmea parse(pos=66,f=00): $GPGSV,3,2,09,25,27,158,33,28,10,227,36,32,27,293,44,12,35,113,*7C 
11-27 10:09:18.416660   433   433 D cp      : ARHUDAPP[289]:Jan  1 00:08:21.631866 Debug: Lane{ state:true; left:Line{ state:false; id:AdasEnums::LaneID::LEFT_CURB; c0:0; c1:0; c2:0; c3:0; lineWidth:0; startZ:0; startX:0; endZ:0; endX:0; timeout:false }; right:Line{ state:false; id:AdasEnums::LaneID::LEFT_CURB; c0:0; c1:0; c2:0; c3:0; lineWidth:0; startZ:0; startX:0; endZ:0; endX:0; timeout:false }; timeout:false }
11-27 10:09:18.416840   368  1065 D unicore_gps: r fix_tmp flags has no acc ,gsa acc backup working
11-27 10:09:18.416861   368  1065 D unicore_gps: nmea parse(pos=27,f=00): $GPGSV,3,3,09,24,40,040,*46 
11-27 10:09:18.416939   368  1065 D unicore_gps: r fix_tmp flags has no acc ,gsa acc backup working
11-27 10:09:18.416953   368  1065 D unicore_gps: nmea parse(pos=29,f=00): $GPVTG,,T,,M,0.0,N,0.0,K,A*23 
11-27 10:09:18.417044   368  1065 D unicore_gps: r fix_tmp flags has no acc ,gsa acc backup working
11-27 10:09:18.417072   368  1065 D unicore_gps: nmea parse(pos=70,f=00): $GPRMC,020918.00,A,3018.195701,N,12035.756788,E,0.0,,271123,4.3,W,A*0F 
11-27 10:09:18.417161   368  1065 D unicore_gps: nmea parse(pos=72,f=05): $GPGGA,020918.00,3018.195701,N,12035.756788,E,1,12,0.6,16.5,M,8.0,M,,*66 
11-27 10:09:18.417248   368  1065 D unicore_gps: r fix_tmp flags has no acc ,gsa acc backup working
11-27 10:09:18.417262   368  1065 D unicore_gps: short nmea
11-27 10:09:18.430706   368  1064 D unicore_gps: __gps_timer_thread:2328__ flags=0x00000017 changed=1 num_svs=9
11-27 10:09:18.430837   368  1064 D unicore_gps: gps fix cb: ts=18.000 flags=0x17, lat=30.303262, lon=120.595946, alt=16.50, spd=0.00, cog=0.00
11-27 10:09:18.431849   641   761 D GnssLocationProvider: WakeLock acquired by sendMessage(REPORT_LOCATION, 1, Location[gps 30.303262,120.595946 hAcc=1 et=+8m23s35ms alt=16.5 vel=0.0 vAcc=??? sAcc=??? bAcc=???])
11-27 10:09:18.432009   368  1064 D unicore_gps: sv_list[] =  (G10,40,U) (G12,0,-) (G15,16,-) (G18,46,U) (G23,41,U) (G24,0,-) (G25,33,U) (G28,36,U)
11-27 10:09:18.432009   368  1064 D unicore_gps: 	 (G32,44,U)
11-27 10:09:18.432149   641   761 D GnssLocationProvider: WakeLock acquired by sendMessage(REPORT_SV_STATUS, 0, com.android.server.location.gnss.GnssLocationProvider$SvStatusInfo@4ad599b)
11-27 10:09:18.440166   641   658 D GnssLocationProvider: WakeLock released by handleMessage(REPORT_LOCATION, 1, Location[gps 30.303262,120.595946 hAcc=1 et=+8m23s35ms alt=16.5 vel=0.0 vAcc=??? sAcc=??? bAcc=??? {Bundle[{satellites=6, maxCn0=46, meanCn0=39}]}])
11-27 10:09:18.440827   359   444 D McuUtils: dumpFrame:88 mcu read=[55,AA,03,11,13,02,5E,00,00,00,01,31,08,00,00,07,B9,00,00,00,00,82]
11-27 10:09:18.440971   359   440 D McuUtils: dumpFrame:88 mcu send=[55,AA,00,03,13,02,5E,8A]
11-27 10:09:18.441390   641   658 D GnssLocationProvider: WakeLock released by handleMessage(REPORT_SV_STATUS, 0, com.android.server.location.gnss.GnssLocationProvider$SvStatusInfo@4ad599b)
11-27 10:09:18.445879   359   451 I VehicleEmulator_v2_0: doSetValueToCan:257  propid: 297002e6
11-27 10:09:18.445976   359   451 D McuUtils: dumpFrame:88 mcu send=[55,AA,03,09,13,01,00,00,01,03,00,CB,00,14]
11-27 10:09:18.446070   903  2167 D MapInfoReceiver: setProperty INFO_ID_MMI_NAV_RAMP_DISTANCE nextRampDistance:null,rampDistanceLevel:0
11-27 10:09:18.450801  3099  3099 D AutoTest_NavTask: query star = 7  gpsCount = 7  bdCount = 0
11-27 10:09:18.452461  3765  3765 I SensorModule: onFunctionValueChanged:funId(0x00101700) propId(INFO_ID_YRS_LONGIT_ACCE) funcValue(0x000007b9) propValue(1977)
11-27 10:09:18.452530  3765  3765 I MyCarLog-->10: myCar.CarFuncManager==>-->onSensorValueChanged: 1054464  value-0.023000002
11-27 10:09:18.465107   368  2044 D unicore_gps: gps_agnss need to download
11-27 10:09:18.465629   359   444 D McuUtils: dumpFrame:88 mcu read=[55,AA,00,03,13,01,00,E9]
11-27 10:09:18.470636   359   444 D McuUtils: dumpFrame:88 mcu read=[55,AA,03,06,0B,04,00,00,00,00,EB]
11-27 10:09:18.470860   359   440 D McuUtils: dumpFrame:88 mcu send=[55,AA,00,03,0B,04,00,EE]
11-27 10:09:18.535677   359   444 D McuUtils: dumpFrame:88 mcu read=[55,AA,03,34,01,0B,00,04,00,04,00,00,00,00,00,00,00,00,00,22,00,21,43,00,00,02,00,1F,6D,00,00,01,80,00,00,00,01,2B,0C,1B,01,0F,81,EE,01,0F,81,EE,01,2B,0C,1B,00,00,6A,81,94]
11-27 10:09:18.535873   359   440 D McuUtils: dumpFrame:88 mcu send=[55,AA,00,03,01,0B,00,F1]
11-27 10:09:18.590629   359   444 D McuUtils: dumpFrame:88 mcu read=[55,AA,03,04,03,22,00,01,D6]
11-27 10:09:18.590809   359   440 D McuUtils: dumpFrame:88 mcu send=[55,AA,00,03,03,22,00,D8]
11-27 10:09:18.592217   641   732 E WifiScoringParams: Invalid frequency(-1), using 5G as default rssi array
11-27 10:09:18.593910   641   714 E Context : PendingInTntentRecord INTENT_SENDER_BROADCAST key.packageName=android
11-27 10:09:18.595606   359   444 D McuUtils: dumpFrame:88 mcu read=[55,AA,03,05,0B,53,00,1F,FF,7F]
11-27 10:09:18.595713   359   440 D McuUtils: dumpFrame:88 mcu send=[55,AA,00,03,0B,53,00,9F]
11-27 10:09:18.599323   641   714 E Context : PendingInTntentRecord INTENT_SENDER_BROADCAST key.packageName=android
11-27 10:09:18.599609   433   433 W cp      : VehicleService[412]:Jan  1 00:08:21.823525 [  505.192931]: [CHECK_ONCHANGE_EVENT]: PowerMode
11-27 10:09:18.599685   433   433 W cp      : MixtureService[416]:Jan  1 00:08:21.824186 [  505.193601]: handlemPowerMode ------------------ Power1
11-27 10:09:18.599725   433   433 W cp      : MixtureService[416]:Jan  1 00:08:21.824361 [  505.193804]: ProcesshandlemPowerMode ------------------ Power1
11-27 10:09:18.599976  2485  2485 D txz_center-AppWidgetReceiver: onUpdate: 
11-27 10:09:18.600618   359   444 D McuUtils: dumpFrame:88 mcu read=[55,AA,03,04,0B,80,00,64,0D]
11-27 10:09:18.600687   359   440 D McuUtils: dumpFrame:88 mcu send=[55,AA,00,03,0B,80,00,72]
11-27 10:09:18.600820  2485  2485 D txz_center-AppWidgetReceiver: widget:https://livan-pro-resource.oss-cn-hangzhou.aliyuncs.com/defaultPhoto.jpg
11-27 10:09:18.620474  2113  2113 I AccessibilityCache: onAccessibilityEvent(EventType: TYPE_WINDOW_CONTENT_CHANGED; EventTime: 503210; PackageName: com.txznet.center; MovementGranularity: 0; Action: 0; ContentChangeTypes: [CONTENT_CHANGE_TYPE_TEXT]; WindowChangeTypes: [] [ ClassName: android.widget.TextView; Text: []; ContentDescription: null; ItemCount: -1; CurrentItemIndex: -1; Enabled: true; Password: false; Checked: false; FullScreen: false; Scrollable: false; BeforeText: null; FromIndex: -1; ToIndex: -1; ScrollX: 0; ScrollY: 0; MaxScrollX: 0; MaxScrollY: 0; ScrollDeltaX: -1; ScrollDeltaY: -1; AddedCount: -1; RemovedCount: -1; ParcelableData: null ]
11-27 10:09:18.620474  2113  2113 I AccessibilityCache: ; SourceWindowId: 0x4; SourceNodeId: 0xffffffff00000243)
11-27 10:09:18.620629  2113  2113 I AccessibilityCache: Refreshing cached node.
11-27 10:09:18.630601   359   444 D McuUtils: dumpFrame:88 mcu read=[55,AA,03,11,13,02,30,00,00,00,02,35,08,00,00,00,00,01,39,10,00,21]
11-27 10:09:18.630682   359   440 D McuUtils: dumpFrame:88 mcu send=[55,AA,00,03,13,02,30,B8]
11-27 10:09:18.680597   359   444 D McuUtils: dumpFrame:88 mcu read=[55,AA,03,06,0B,04,00,00,00,00,EB]
11-27 10:09:18.680720   359   440 D McuUtils: dumpFrame:88 mcu send=[55,AA,00,03,0B,04,00,EE]
11-27 10:09:18.714343  2113  2113 I AccessibilityCache: onAccessibilityEvent(EventType: TYPE_WINDOW_CONTENT_CHANGED; EventTime: 503311; PackageName: com.bicv.e04; MovementGranularity: 0; Action: 0; ContentChangeTypes: [CONTENT_CHANGE_TYPE_SUBTREE, CONTENT_CHANGE_TYPE_TEXT]; WindowChangeTypes: [] [ ClassName: androidx.recyclerview.widget.RecyclerView; Text: []; ContentDescription: null; ItemCount: 9; CurrentItemIndex: -1; Enabled: true; Password: false; Checked: false; FullScreen: false; Scrollable: false; BeforeText: null; FromIndex: 0; ToIndex: 8; ScrollX: 0; ScrollY: 0; MaxScrollX: 0; MaxScrollY: 0; ScrollDeltaX: -1; ScrollDeltaY: -1; AddedCount: -1; RemovedCount: -1; ParcelableData: null ]
11-27 10:09:18.714343  2113  2113 I AccessibilityCache: ; SourceWindowId: 0x4; SourceNodeId: 0xffffffff00000023)
11-27 10:09:18.714467  2113  2113 I AccessibilityCache: Clearing cached subtree.
11-27 10:09:18.740596   359   444 D McuUtils: dumpFrame:88 mcu read=[55,AA,03,11,13,02,5E,00,00,00,01,31,08,00,00,07,B9,00,00,00,00,82]
11-27 10:09:18.740699   359   440 D McuUtils: dumpFrame:88 mcu send=[55,AA,00,03,13,02,5E,8A]
11-27 10:09:18.758891   359   451 I VehicleEmulator_v2_0: doSetValueToMcuTransparent  propid: 28700065
11-27 10:09:18.758974   359   451 D McuUtils: dumpFrame:88 mcu send=[55,AA,03,13,01,0A,00,38,30,FF,FF,FF,FF,FF,FF,FF,FF,00,FF,00,FF,00,00,84]
11-27 10:09:18.759096   359   451 I VehicleEmulator_v2_0: doSetValueToMcuTransparent  propid: 28700065
11-27 10:09:18.759142   359   451 D McuUtils: dumpFrame:88 mcu send=[55,AA,03,0B,1F,17,00,00,FF,00,FF,FF,00,FF,FF,C4]
11-27 10:09:18.759240   359   451 I VehicleEmulator_v2_0: doSetValueToMcuTransparent  propid: 28700065
11-27 10:09:18.759295   359   451 D McuUtils: dumpFrame:88 mcu send=[55,AA,03,11,1F,13,00,00,00,00,00,FF,FF,FF,FF,00,FF,FF,FF,FF,FF,C6]
11-27 10:09:18.776573   433   433 S r52     : ipc:CP Heartbeat---
11-27 10:09:18.780606   359   444 D McuUtils: dumpFrame:88 mcu read=[55,AA,00,03,01,0A,00,F2]
11-27 10:09:18.785579   359   444 D McuUtils: dumpFrame:88 mcu read=[55,AA,00,03,1F,17,00,C7]
11-27 10:09:18.785635   359   444 D McuUtils: dumpFrame:88 mcu read=[55,AA,00,03,1F,13,00,CB]
11-27 10:09:18.790849   359   444 D McuUtils: dumpFrame:88 mcu read=[55,AA,01,04,03,14,00,00,E5]
11-27 10:09:18.790987   359   440 I PowerManager: processMessage, mcu read id(0314) status = 0
11-27 10:09:18.795592   359   444 D McuUtils: dumpFrame:88 mcu read=[55,AA,03,06,03,08,00,00,0D,08,DA]
11-27 10:09:18.795671   359   440 D McuUtils: dumpFrame:88 mcu send=[55,AA,00,03,03,08,00,F2]
11-27 10:09:18.795723   359   440 I PowerManager: processMessage, mcu read id(0308) State = 0
11-27 10:09:18.800646   359   444 D McuUtils: dumpFrame:88 mcu read=[55,AA,00,03,03,13,00,E7]
11-27 10:09:18.801905   433   433 W cp      : IVIService[420]:Jan  1 00:08:22.032688 [  505.402089]: IVIService: Curr OnMessage ID is : 0Curr OnMessage Statu : 1
11-27 10:09:18.802001   433   433 W cp      : WarnService[418]:Jan  1 00:08:22.032895 [  505.402307]: WarningServer: Curr OnMessage ID is : 1Curr OnMessage Statu : 1
11-27 10:09:18.827521   433   433 W cp      : GaugeService[415]:Jan  1 00:08:22.039251 [  505.408677]: GaugeService: Curr OnMessage ID is : 8Curr OnMessage Statu : 1
11-27 10:09:18.827633   433   433 W cp      : service[413]:Jan  1 00:08:22.039518 [  505.408956]: DFSServer: Curr OnMessage ID is : 4Curr OnMessage Statu : 1
11-27 10:09:18.827676   433   433 W cp      : HUDService[422]:Jan  1 00:08:22.050381 [  505.419777]: HUDService: Curr OnMessage ID is : 6Curr OnMessage Statu : 1
11-27 10:09:18.830660   359   444 D McuUtils: dumpFrame:88 mcu read=[55,AA,03,11,13,02,30,00,00,00,02,35,08,00,00,00,00,01,39,00,00,31]
11-27 10:09:18.830773   359   440 D McuUtils: dumpFrame:88 mcu send=[55,AA,00,03,13,02,30,B8]
11-27 10:09:18.835595   359   444 D McuUtils: dumpFrame:88 mcu read=[55,AA,03,11,13,02,23,00,00,00,02,9E,08,12,09,0A,1B,0B,17,00,00,AD]
11-27 10:09:18.835694   359   440 D McuUtils: dumpFrame:88 mcu send=[55,AA,00,03,13,02,23,C5]
11-27 10:09:18.878260   433   433 W cp      : TelltaleService[419]:Jan  1 00:08:22.085960 [  505.455357]: TelltaleServer: Curr OnMessage ID is : 4Curr OnMessage Statu : 1
11-27 10:09:18.878323   433   433 W cp      : ConfigService[414]:Jan  1 00:08:22.097994 [  505.467133]: Config: Curr OnMessage ID is : 2Curr OnMessage Statu : 1
11-27 10:09:18.880621   359   444 D McuUtils: dumpFrame:88 mcu read=[55,AA,03,07,03,0A,00,01,02,00,00,E9]
11-27 10:09:18.880763   359   440 D McuUtils: dumpFrame:88 mcu send=[55,AA,00,03,03,0A,00,F0]
11-27 10:09:18.880831   359   440 I PowerManager: processMessage, mcu read id(030A) accState = 1
11-27 10:09:18.891373   485   564 I VehicleSignal: [printVehiclePropValue 398] prop: 678428692, name: ID_MCU_POWER_ACC_STATE, value: 0x01
11-27 10:09:18.891602   485   485 D MAIN    : [main 206] accState: 1, gear: 10, avmState, -1
11-27 10:09:18.892310   903   933 D ECarXCarConfigService: mAccStatus --:1
11-27 10:09:18.892398   903   933 D VehicleService: accState = : 1
11-27 10:09:18.893375  2031  2031 D SensorModule: onValueChanged: propId=ID_MCU_POWER_ACC_STATE  value=1
11-27 10:09:18.895617   359   444 D McuUtils: dumpFrame:88 mcu read=[55,AA,03,06,0B,04,00,00,00,00,EB]
11-27 10:09:18.895715   359   444 D McuUtils: dumpFrame:88 mcu read=[55,AA,03,04,0B,80,00,64,0D]
11-27 10:09:18.895738   359   440 D McuUtils: dumpFrame:88 mcu send=[55,AA,00,03,0B,04,00,EE]
11-27 10:09:18.895818   359   440 D McuUtils: dumpFrame:88 mcu send=[55,AA,00,03,0B,80,00,72]
11-27 10:09:18.903720   433   433 D cp      : ARHUDAPP[289]:Jan  1 00:08:22.132650 Debug: QJsonObject({"ID":"calibrationSend","RWFlag":0,"ackFlag":0,"data":[0],"dataID":0,"dataLength":0,"dataType":5,"frameType":0})
11-27 10:09:18.903770   433   433 D cp      : ARHUDAPP[289]:Jan  1 00:08:22.133048 Debug: sendData "{\"ID\":\"calibrationSend\",\"RWFlag\":0,\"ackFlag\":0,\"data\":[0],\"dataID\":0,\"dataLength\":0,\"dataType\":5,\"frameType\":0}"
11-27 10:09:18.903788   433   433 W cp      : HUDService[422]:Jan  1 00:08:22.133354 [  505.502790]: SendCalibration msg: {"ID":"calibrationSend","RWFlag":0,"ackFlag":0,"data":[0],"dataID":0,"dataLength":0,"dataType":5,"frameType":0}
11-27 10:09:18.903803   433   433 W cp      : HUDService[422]:Jan  1 00:08:22.133707 [  505.503166]: DHU: DHU_CAL_RWFlag:0 | DHU_CAL_AckFlag:0 | DHU_CAL_Datalength:0 | DHU_CAL_DataID:0 | DHU_CAL_FrameType:0 | DHU_CAL_DataType:5 | DHU_CAL_Data:0
11-27 10:09:19.030655   359   444 D McuUtils: dumpFrame:88 mcu read=[55,AA,03,11,13,02,30,00,00,00,02,35,08,00,00,00,00,01,39,10,00,21]
11-27 10:09:19.030795   359   440 D McuUtils: dumpFrame:88 mcu send=[55,AA,00,03,13,02,30,B8]
11-27 10:09:19.040606   359   444 D McuUtils: dumpFrame:88 mcu read=[55,AA,03,11,13,02,5E,00,00,00,01,31,08,00,00,07,BA,00,00,00,00,81]
11-27 10:09:19.040730   359   440 D McuUtils: dumpFrame:88 mcu send=[55,AA,00,03,13,02,5E,8A]
11-27 10:09:19.041917  3765  3765 I SensorModule: onFunctionValueChanged:funId(0x00101700) propId(INFO_ID_YRS_LONGIT_ACCE) funcValue(0x000007ba) propValue(1978)
11-27 10:09:19.041982  3765  3765 I MyCarLog-->10: myCar.CarFuncManager==>-->onSensorValueChanged: 1054464  value-0.021999955
11-27 10:09:19.066316  1123  3153 I CameraCheck_native: CameraCheck lockbuf:
11-27 10:09:19.066399  1123  3153 I CameraCheck_native: CameraCheck fd:56
11-27 10:09:19.069121  1123  3153 I CameraCheck_native: CameraCheck result:4
11-27 10:09:19.069152  1123  3153 I CameraCheck_native: 111111 CameraCheck num:8
11-27 10:09:19.069168  1123  3153 I CameraCheck_native: CameraCheck::currentStatus :8
11-27 10:09:19.069176  1123  3153 I CameraCheck_native: CameraCheck::syncLock :8
11-27 10:09:19.081871   433   433 I m4      : heartbeat running time = 49
11-27 10:09:19.101350   359   444 D McuUtils: dumpFrame:88 mcu read=[55,AA,03,06,0B,04,00,00,00,00,EB]
11-27 10:09:19.101518   359   440 D McuUtils: dumpFrame:88 mcu send=[55,AA,00,03,0B,04,00,EE]
11-27 10:09:19.190625   359   444 D McuUtils: dumpFrame:88 mcu read=[55,AA,03,04,0B,80,00,64,0D]
11-27 10:09:19.191516   359   440 D McuUtils: dumpFrame:88 mcu send=[55,AA,00,03,0B,80,00,72]
11-27 10:09:19.195608   359   444 D McuUtils: dumpFrame:88 mcu read=[55,AA,03,07,0B,35,00,00,00,07,3A,78]
11-27 10:09:19.195705   359   444 D McuUtils: dumpFrame:88 mcu read=[55,AA,03,07,0B,2C,00,00,00,D3,1D,D2]
11-27 10:09:19.195725   359   440 D McuUtils: dumpFrame:88 mcu send=[55,AA,00,03,0B,35,00,BD]
11-27 10:09:19.195773   359   440 D McuUtils: dumpFrame:88 mcu send=[55,AA,00,03,0B,2C,00,C6]
11-27 10:09:19.200616   359   444 D McuUtils: dumpFrame:88 mcu read=[55,AA,03,11,13,02,67,00,00,00,00,E0,08,00,0E,01,E0,00,00,00,00,9C]
11-27 10:09:19.200751   359   440 D McuUtils: dumpFrame:88 mcu send=[55,AA,00,03,13,02,67,81]
11-27 10:09:19.208306  3765  3765 I SensorModule: onFunctionValueChanged:funId(0x00101100) propId(INFO_ID_SAS_STEERING_WHEEL_ANGLE_SPEED) funcValue(0x00000004) propValue(1)
11-27 10:09:19.208379  3765  3765 I MyCarLog-->10: myCar.CarFuncManager==>-->onSensorEventChanged: 1052928__event_4
11-27 10:09:19.291577   359   448 I TemperatureManager: get_soc_temperature mcu socself temperature 5637
11-27 10:09:19.295630   359   444 D McuUtils: dumpFrame:88 mcu read=[55,AA,03,11,13,02,67,00,00,00,00,E0,08,00,0E,00,E0,00,00,00,00,9D]
11-27 10:09:19.295750   359   440 D McuUtils: dumpFrame:88 mcu send=[55,AA,00,03,13,02,67,81]
11-27 10:09:19.303629   903   933 D PowerManagerService: handlePropertyEvent cpu temperature = 56.37
11-27 10:09:19.304445  3765  3765 I SensorModule: onFunctionValueChanged:funId(0x00101100) propId(INFO_ID_SAS_STEERING_WHEEL_ANGLE_SPEED) funcValue(0x00000000) propValue(0)
11-27 10:09:19.304570  3765  3765 I MyCarLog-->10: myCar.CarFuncManager==>-->onSensorEventChanged: 1052928__event_0
11-27 10:09:19.308785   359   448 I TemperatureManager: get_panel_temperature mcu panel temperature 48
11-27 10:09:19.310628   359   444 D McuUtils: dumpFrame:88 mcu read=[55,AA,03,06,0B,04,00,00,00,00,EB]
11-27 10:09:19.310754   359   440 D McuUtils: dumpFrame:88 mcu send=[55,AA,00,03,0B,04,00,EE]
11-27 10:09:19.319304   903   933 D PowerManagerService: handlePropertyEvent panel temperature = 48.0
11-27 10:09:19.340628   359   444 D McuUtils: dumpFrame:88 mcu read=[55,AA,03,11,13,02,5E,00,00,00,01,31,08,00,00,07,B8,00,00,00,00,83]
11-27 10:09:19.340786   359   440 D McuUtils: dumpFrame:88 mcu send=[55,AA,00,03,13,02,5E,8A]
11-27 10:09:19.352090  3765  3765 I SensorModule: onFunctionValueChanged:funId(0x00101700) propId(INFO_ID_YRS_LONGIT_ACCE) funcValue(0x000007b8) propValue(1976)
11-27 10:09:19.352165  3765  3765 I MyCarLog-->10: myCar.CarFuncManager==>-->onSensorValueChanged: 1054464  value-0.024000049
11-27 10:09:19.398463  1837  3163 I tbox_jni: subscribe ack is = 1.
11-27 10:09:19.400623   359   444 D McuUtils: dumpFrame:88 mcu read=[55,AA,03,11,13,02,68,00,00,00,00,CA,08,00,00,00,28,E2,71,00,00,25]
11-27 10:09:19.400745   359   440 D McuUtils: dumpFrame:88 mcu send=[55,AA,00,03,13,02,68,80]
11-27 10:09:19.408699  1837  3163 D tbox_jni: GNSSInfo subscribe ack is = 1
11-27 10:09:19.411173  1837  3163 I tbox_jni: tXCallInformation subscribe ack is = 1.
11-27 10:09:19.412984  1837  3163 I tbox_jni: TBoxSystemFunctionsSubscribeAckCallback 1
11-27 10:09:19.417786  1837  3164 D tbox_jni: tGNSSInformation_NeraDataTransmitionCallback size:216
11-27 10:09:19.418118  1837  3164 D tbox_jni: tGNSSInformation CallVoidMethod
11-27 10:09:19.418373  1837  3164 D TboxGNSSInformationManager.java: [ (TboxGNSSInformationManager.java:128)#OnNeraDataTransmition ] TboxGNSSInformationManager onNeraDataTransmition nmea
11-27 10:09:19.418521  1837  3164 D tbox_jni: tGNSSInformation DetachCurrentThread
11-27 10:09:19.418642  1837  3164 D tbox_jni: tGNSSInformation DetachCurrentThread end
11-27 10:09:19.418688  1837  3632 D TboxGNSSInformationManager.java: [ (TboxGNSSInformationManager.java:95)#HandleMessage ] handlerThread------Thread[GnssProdcerThread,5,main]
11-27 10:09:19.418827  1837  3632 D TboxGNSSInformationManager.java: [ (TboxGNSSInformationManager.java:197)#PutQueue ] ttyTBOXGPS message：$GPGSA,A,1,,,,,,,,,,,,,0.9,0.6,0.7*38
11-27 10:09:19.418827  1837  3632 D TboxGNSSInformationManager.java: $GPVTG,,T,,M,0.0,N,0.0,K,A*23
11-27 10:09:19.418827  1837  3632 D TboxGNSSInformationManager.java: $GPRMC,020919.00,A,3018.195695,N,12035.756789,E,0.0,,271123,4.3,W,A*03
11-27 10:09:19.418827  1837  3632 D TboxGNSSInformationManager.java: $GPGGA,020919.00,3018.195695,N,12035.756789,E,1,00,0.6,16.5,M,8.0,M,,*69
11-27 10:09:19.418958  1837  3631 D TboxGNSSInformationManager.java: [ (TboxGNSSInformationManager.java:222)#SaveGNSSdata ] saveGNSSdata isTboxWriteDataRunning：true line:$GPGSA,A,1,,,,,,,,,,,,,0.9,0.6,0.7*38
11-27 10:09:19.418958  1837  3631 D TboxGNSSInformationManager.java: $GPVTG,,T,,M,0.0,N,0.0,K,A*23
11-27 10:09:19.418958  1837  3631 D TboxGNSSInformationManager.java: $GPRMC,020919.00,A,3018.195695,N,12035.756789,E,0.0,,271123,4.3,W,A*03
11-27 10:09:19.418958  1837  3631 D TboxGNSSInformationManager.java: $GPGGA,020919.00,3018.195695,N,12035.756789,E,1,00,0.6,16.5,M,8.0,M,,*69
11-27 10:09:19.419110   368  1065 D unicore_gps: nmea parse(pos=37,f=00): $GPGSA,A,1,,,,,,,,,,,,,0.9,0.6,0.7*38 
11-27 10:09:19.419385   368  1065 D unicore_gps: r fix_tmp flags has no acc ,gsa acc backup working
11-27 10:09:19.419418   368  1065 D unicore_gps: nmea parse(pos=29,f=00): $GPVTG,,T,,M,0.0,N,0.0,K,A*23 
11-27 10:09:19.419555   368  1065 D unicore_gps: r fix_tmp flags has no acc ,gsa acc backup working
11-27 10:09:19.419592   368  1065 D unicore_gps: nmea parse(pos=70,f=00): $GPRMC,020919.00,A,3018.195695,N,12035.756789,E,0.0,,271123,4.3,W,A*03 
11-27 10:09:19.419711   368  1065 D unicore_gps: nmea parse(pos=72,f=05): $GPGGA,020919.00,3018.195695,N,12035.756789,E,1,00,0.6,16.5,M,8.0,M,,*69 
11-27 10:09:19.419868   368  1065 D unicore_gps: r fix_tmp flags has no acc ,gsa acc backup working
11-27 10:09:19.419914   368  1065 D unicore_gps: short nmea
11-27 10:09:19.430599   359   444 D McuUtils: dumpFrame:88 mcu read=[55,AA,03,11,13,02,30,00,00,00,02,35,08,00,00,00,00,01,39,00,00,31]
11-27 10:09:19.430690   359   440 D McuUtils: dumpFrame:88 mcu send=[55,AA,00,03,13,02,30,B8]
11-27 10:09:19.433776   368  1064 D unicore_gps: __gps_timer_thread:2328__ flags=0x00000017 changed=0 num_svs=9
11-27 10:09:19.433864   368  1064 D unicore_gps: gps fix cb: ts=19.000 flags=0x17, lat=30.303262, lon=120.595946, alt=16.50, spd=0.00, cog=0.00
11-27 10:09:19.435526   641   761 D GnssLocationProvider: WakeLock acquired by sendMessage(REPORT_LOCATION, 1, Location[gps 30.303262,120.595946 hAcc=1 et=+8m24s38ms alt=16.5 vel=0.0 vAcc=??? sAcc=??? bAcc=???])
11-27 10:09:19.436415   433   433 I cp      : QD_HMI[213]:Jan  1 00:08:22.659544 [QD_HMI]getHMIBacklightSwitch begin,value is 1[DEBUG]
11-27 10:09:19.436504   433   433 I cp      : QD_HMI[213]:Jan  1 00:08:22.660144 [QD_HMI]getHMIBacklightSwitch end,value is 1[DEBUG]
11-27 10:09:19.436543   433   433 I cp      : QD_HMI[213]:Jan  1 00:08:22.660469 [QD_HMI]loop send backlight ,value is 1[DEBUG]
11-27 10:09:19.436580   433   433 I cp      : kernel:Jan  1 00:08:22.662266[  506.030171] si_log time_diff:5012 ms times: 51 log_sum_lenght:1456 B/s
11-27 10:09:19.436617   433   433 W cp      : MixtureService[416]:Jan  1 00:08:22.662377 [  506.031762]: HMIControlBacklightSwitch 1
11-27 10:09:19.436654   433   433 W cp      : MixtureService[416]:Jan  1 00:08:22.662496 [  506.031948]: ProcessHMIControlBacklightSwitch --------------1
11-27 10:09:19.436691   433   433 W cp      : MixtureService[416]:Jan  1 00:08:22.662586 [  506.031998]: HMI BacklightOn PowerBLSwitch 1
11-27 10:09:19.436729   433   433 W cp      : MixtureService[416]:Jan  1 00:08:22.662611 [  506.032084]: HMI BacklightOn VolatgeState_judge 0
11-27 10:09:19.436765   433   433 W cp      : MixtureService[416]:Jan  1 00:08:22.663779 [  506.033213]:  BacklightOn
11-27 10:09:19.441241   641   658 D GnssLocationProvider: WakeLock released by handleMessage(REPORT_LOCATION, 1, Location[gps 30.303262,120.595946 hAcc=1 et=+8m24s38ms alt=16.5 vel=0.0 vAcc=??? sAcc=??? bAcc=??? {Bundle[{satellites=6, maxCn0=46, meanCn0=40}]}])
11-27 10:09:19.443492   813  2582 D bicv_permission_PermissionManagerService: isPermissionMasterEnable() result = true,perName = android.permission.ACCESS_FINE_LOCATION,calling pid =2521
11-27 10:09:19.443586  2521  2521 D bicv_permission_PermissionManager: checkPermission() called with: pkgName = [com.mojiweather], perName = [android.permission.ACCESS_FINE_LOCATION]
11-27 10:09:19.443660   813  2582 D bicv_permission_PermissionManagerService: checkPermission() called with: pkgName = [com.mojiweather], perName = [android.permission.ACCESS_FINE_LOCATION], calling pid = 2521
11-27 10:09:19.443719   813  2582 D bicv_permission_PermissionManagerService: isPermissionMasterEnable() result = true,perName = android.permission.ACCESS_FINE_LOCATION,calling pid =2521
11-27 10:09:19.443742   813  2582 D bicv_permission_PermissionManagerService: checkPermissionForApps() called with: pkgName = [com.mojiweather], perName = [android.permission.ACCESS_FINE_LOCATION], calling pid = 2521
11-27 10:09:19.443786   813  2582 D bicv_permission_PermissionManagerService: checkPermissionForApps() permissionResult = [0]
11-27 10:09:19.443813   813  2582 D bicv_permission_PermissionManagerService: checkPermission() permissionResult = [0]
11-27 10:09:19.444145   813  2582 D bicv_permission_PermissionManagerService: isPermissionMasterEnable() result = true,perName = android.permission.ACCESS_COARSE_LOCATION,calling pid =2521
11-27 10:09:19.444228  2521  2521 D bicv_permission_PermissionManager: checkPermission() called with: pkgName = [com.mojiweather], perName = [android.permission.ACCESS_COARSE_LOCATION]
11-27 10:09:19.444299   813  2582 D bicv_permission_PermissionManagerService: checkPermission() called with: pkgName = [com.mojiweather], perName = [android.permission.ACCESS_COARSE_LOCATION], calling pid = 2521
11-27 10:09:19.444356   813  2582 D bicv_permission_PermissionManagerService: isPermissionMasterEnable() result = true,perName = android.permission.ACCESS_COARSE_LOCATION,calling pid =2521
11-27 10:09:19.444389   813  2582 D bicv_permission_PermissionManagerService: checkPermissionForApps() called with: pkgName = [com.mojiweather], perName = [android.permission.ACCESS_COARSE_LOCATION], calling pid = 2521
11-27 10:09:19.444436   813  2582 D bicv_permission_PermissionManagerService: checkPermissionForApps() permissionResult = [0]
11-27 10:09:19.444456   813  2582 D bicv_permission_PermissionManagerService: checkPermission() permissionResult = [0]
11-27 10:09:19.446639   359   451 I VehicleEmulator_v2_0: doSetValueToCan:257  propid: 297002e6
11-27 10:09:19.446785   359   451 D McuUtils: dumpFrame:88 mcu send=[55,AA,03,09,13,01,00,00,01,03,00,CB,00,14]
11-27 10:09:19.446906   903  2167 D MapInfoReceiver: setProperty INFO_ID_MMI_NAV_RAMP_DISTANCE nextRampDistance:null,rampDistanceLevel:0
11-27 10:09:19.450584   359   444 D McuUtils: dumpFrame:88 mcu read=[55,AA,00,03,04,02,00,F7]
11-27 10:09:19.465602   359   444 D McuUtils: dumpFrame:88 mcu read=[55,AA,00,03,13,01,00,E9]
11-27 10:09:19.495600   359   444 D McuUtils: dumpFrame:88 mcu read=[55,AA,03,04,0B,80,00,64,0D]
11-27 10:09:19.495697   359   440 D McuUtils: dumpFrame:88 mcu send=[55,AA,00,03,0B,80,00,72]
11-27 10:09:19.521333   359   444 D McuUtils: dumpFrame:88 mcu read=[55,AA,03,06,0B,04,00,00,00,00,EB]
11-27 10:09:19.521431   359   440 D McuUtils: dumpFrame:88 mcu send=[55,AA,00,03,0B,04,00,EE]
11-27 10:09:19.535607   359   444 D McuUtils: dumpFrame:88 mcu read=[55,AA,03,34,01,0B,00,04,00,04,00,00,00,00,00,00,00,00,00,22,00,21,31,00,00,01,FF,1F,79,00,00,01,80,00,00,00,01,2B,0C,1C,01,0F,82,04,01,0F,82,04,01,2B,0C,1C,00,00,6A,81,6C]
11-27 10:09:19.535719   359   440 D McuUtils: dumpFrame:88 mcu send=[55,AA,00,03,01,0B,00,F1]
11-27 10:09:19.590603   359   444 D McuUtils: dumpFrame:88 mcu read=[55,AA,03,04,03,22,00,01,D6]
11-27 10:09:19.590730   359   440 D McuUtils: dumpFrame:88 mcu send=[55,AA,00,03,03,22,00,D8]
11-27 10:09:19.595594   359   444 D McuUtils: dumpFrame:88 mcu read=[55,AA,03,05,0B,53,00,1F,FF,7F]
11-27 10:09:19.595684   359   440 D McuUtils: dumpFrame:88 mcu send=[55,AA,00,03,0B,53,00,9F]
11-27 10:09:19.613860   433   433 W cp      : VehicleService[412]:Jan  1 00:08:22.823166 [  506.192575]: [CHECK_ONCHANGE_EVENT]: PowerMode
11-27 10:09:19.613921   433   433 W cp      : MixtureService[416]:Jan  1 00:08:22.823832 [  506.193249]: handlemPowerMode ------------------ Power1
11-27 10:09:19.613940   433   433 W cp      : MixtureService[416]:Jan  1 00:08:22.824113 [  506.193437]: ProcesshandlemPowerMode ------------------ Power1
11-27 10:09:19.640594   359   444 D McuUtils: dumpFrame:88 mcu read=[55,AA,03,11,13,02,5E,00,00,00,01,31,08,00,00,07,B9,00,00,00,00,82]
11-27 10:09:19.640677   359   440 D McuUtils: dumpFrame:88 mcu send=[55,AA,00,03,13,02,5E,8A]
