05-22 14:09:25.651363  1774 10931 D OkHttp  : {"err_code":"200","err_msg":"请求成功","trace_id":"6a892005d6048559","data":{"audios":[{"sid":15,"id":"505926550","name":"不问ciaga (不问别离)","album_id":"71160073","album_img":"http://imge.kugou.com/stdmusic/480/20230504/20230504104114490933.jpg","mv_id":"","album_sid":15,"arr_artist_name":["指尖笑"],"is_paid":0,"card_type":108,"is_vip":0,"has_accompany":1},{"sid":15,"id":"54929287","name":"HEAVEN (Original Version)","album_id":"1990908","album_img":"http://imge.kugou.com/stdmusic/480/20160907/20160907170814649677.jpg","mv_id":"601145","album_sid":15,"arr_artist_name":["Ailee"],"is_paid":0,"card_type":108,"is_vip":1,"has_accompany":1},{"sid":15,"id":"484173011","name":"If We Ever Broke Up","album_id":"68302362","album_img":"http://imge.kugou.com/stdmusic/480/20230210/20230210083413709793.jpg","mv_id":"10247715","album_sid":15,"arr_artist_name":["Mae Stephens"],"is_paid":0,"card_type":108,"is_vip":0,"has_accompany":1}],"total":100}}
05-22 14:09:25.651437  1774 10931 D OkHttp  : <-- END HTTP (960-byte body)
05-22 14:09:25.652890  1774 10931 D com.txznet.music.comm.core.SDKCore$3: [com.txznet.music.comm.core.SDKCore$3::lambda$onConnect$0]ComposePlayer::加载成功: 59703
05-22 14:09:25.652890  1774 10931 D com.txznet.music.comm.core.SDKCore$3: [SDKCore.java:69]
05-22 14:09:25.665480   327   379 D McuUtils: dumpFrame:41 mcu read=[55,aa,03,06,0b,04,00,00,00,00,eb]
05-22 14:09:25.665679   327   379 I McuSerialComm: readRun:297, mainCmdId= 0xb ,subCmd = 0x4, datalen: 3
05-22 14:09:25.665801   327   376 I McuManager: processMessage, cmdCtrl = 0x3 ,mainCmdId = 0xb ,subCmdId = 0x4 ,datalen: 3
05-22 14:09:25.666112   327   376 D McuUtils: dumpFrame:41 mcu send=[55,aa,00,03,0b,04,00,ee]
05-22 14:09:25.666265   327   376 I CarBodyManager: processMessage, mainCmdId = 0xb ,subCmdId = 0x4,body size = 3,body length = 3
05-22 14:09:25.666395   327   376 I CarBodyManager: processMessage, mcu(0x0B) readId = 0x0b04, mainCmdId = 0xb ,subCmdId = 0x4 , datalen = 3
05-22 14:09:25.666586   327   376 E CarBodyManager: processMessage: no configs for this mcuId(0x0B) = 0x0b04 !!!
05-22 14:09:25.672983  1774  1774 D com.txznet.music.comm.core.SDKCore$3: [com.txznet.music.comm.core.SDKCore$3::lambda$onConnect$0]ComposePlayer::postSuccess [AlbumInfo{id='8888', title='TOP500', img='http://imge.kugou.com/mcommon/480/20181019/20181019122513972113.jpg', short_intro='null', play_count=0, track_count=0, sid=15, card_type=108, is_vip=0, is_paid=0, pay_type=0, subscribe=false}, AlbumInfo{id='6666', title='飙升榜', img='http://imge.kugou.com/mcommon/480/20190906/20190906162520714932.jpg', short_intro='null', play_count=0, track_count=0, sid=15, card_type=108, is_vip=0, is_paid=0, pay_type=0, subscribe=false}, AlbumInfo{id='59703', title='蜂鸟流行音乐榜', img='http://imge.kugou.com/mcommon/480/20220623/20220623150917121716.png', short_intro='null', play_count=0, track_count=0, sid=15, card_type=108, is_vip=0, is_paid=0, pay_type=0, subscribe=false}, AlbumInfo{id='52144', title='抖音热歌榜', img='http://imge.kugou.com/mcommon/480/202
05-22 14:09:25.672983  1774  1774 D com.txznet.music.comm.core.SDKCore$3: ...[SDKCore.java:69]
05-22 14:09:25.673327  1774  1774 D com.txznet.music.comm.core.SDKCore$3: [com.txznet.music.comm.core.SDKCore$3::lambda$onConnect$0]ComposePlayer::...
05-22 14:09:25.673327  1774  1774 D com.txznet.music.comm.core.SDKCore$3: ...
05-22 14:09:25.673327  1774  1774 D com.txznet.music.comm.core.SDKCore$3: 10806/20210806193314611523.png', short_intro='null', play_count=0, track_count=0, sid=15, card_type=108, is_vip=0, is_paid=0, pay_type=0, subscribe=false}, AlbumInfo{id='52767', title='快手热歌榜', img='http://imge.kugou.com/mcommon/480/20211217/20211217143649962754.jpg', short_intro='null', play_count=0, track_count=0, sid=15, card_type=108, is_vip=0, is_paid=0, pay_type=0, subscribe=false}, AlbumInfo{id='24971', title='DJ热歌榜', img='http://imge.kugou.com/mcommon/480/20220110/20220110172250218716.jpg', short_intro='null', play_count=0, track_count=0, sid=15, card_type=108, is_vip=0, is_paid=0, pay_type=0, subscribe=false}, AlbumInfo{id='44412', title='说唱先锋榜', img='http://imge.kugou.com/mcommon/480/20211015/20211015000039682323.jpg', short_intro='null', play_count=0, track_count=0, s
05-22 14:09:25.673327  1774  1774 D com.txznet.music.comm.core.SDKCore$3: ...[SDKCore.java:69]
05-22 14:09:25.673500  1774  1774 D com.txznet.music.comm.core.SDKCore$3: [com.txznet.music.comm.core.SDKCore$3::lambda$onConnect$0]ComposePlayer::...
05-22 14:09:25.673500  1774  1774 D com.txznet.music.comm.core.SDKCore$3: ...
05-22 14:09:25.673500  1774  1774 D com.txznet.music.comm.core.SDKCore$3: id=15, card_type=108, is_vip=0, is_paid=0, pay_type=0, subscribe=false}, AlbumInfo{id='31308', title='内地榜', img='http://imge.kugou.com/mcommon/480/20211110/20211110173233607609.jpg', short_intro='null', play_count=0, track_count=0, sid=15, card_type=108, is_vip=0, is_paid=0, pay_type=0, subscribe=false}, AlbumInfo{id='33160', title='电音榜', img='http://imge.kugou.com/mcommon/480/20220110/20220110172330443978.jpg', short_intro='null', play_count=0, track_count=0, sid=15, card_type=108, is_vip=0, is_paid=0, pay_type=0, subscribe=false}, AlbumInfo{id='31313', title='香港地区榜', img='http://imge.kugou.com/mcommon/480/20211110/20211110173410930698.jpg', short_intro='null', play_count=0, track_count=0, sid=15, card_type=108, is_vip=0, is_paid=0, pay_type=0, subscribe=false}, AlbumInfo{id='
05-22 14:09:25.673500  1774  1774 D com.txznet.music.comm.core.SDKCore$3: ...[SDKCore.java:69]
05-22 14:09:25.673677  1774  1774 D com.txznet.music.comm.core.SDKCore$3: [com.txznet.music.comm.core.SDKCore$3::lambda$onConnect$0]ComposePlayer::...
05-22 14:09:25.673677  1774  1774 D com.txznet.music.comm.core.SDKCore$3: ...
05-22 14:09:25.673677  1774  1774 D com.txznet.music.comm.core.SDKCore$3: 51341', title='民谣榜', img='http://imge.kugou.com/mcommon/480/20220110/20220110172407922177.jpg', short_intro='null', play_count=0, track_count=0, sid=15, card_type=108, is_vip=0, is_paid=0, pay_type=0, subscribe=false}, AlbumInfo{id='54848', title='台湾地区榜', img='http://imge.kugou.com/mcommon/480/20211110/20211110173745189571.jpg', short_intro='null', play_count=0, track_count=0, sid=15, card_type=108, is_vip=0, is_paid=0, pay_type=0, subscribe=false}, AlbumInfo{id='31310', title='欧美榜', img='http://imge.kugou.com/mcommon/480/20211110/20211110174012258704.jpg', short_intro='null', play_count=0, track_count=0, sid=15, card_type=108, is_vip=0, is_paid=0, pay_type=0, subscribe=false}, AlbumInfo{id='33162', title='ACG新歌榜', img='http://imge.kugou.com/mcommon/480/20220110/202201101725131
05-22 14:09:25.673677  1774  1774 D com.txznet.music.comm.core.SDKCore$3: ...[SDKCore.java:69]
05-22 14:09:25.673846  1774  1774 D com.txznet.music.comm.core.SDKCore$3: [com.txznet.music.comm.core.SDKCore$3::lambda$onConnect$0]ComposePlayer::...
05-22 14:09:25.673846  1774  1774 D com.txznet.music.comm.core.SDKCore$3: ...
05-22 14:09:25.673846  1774  1774 D com.txznet.music.comm.core.SDKCore$3: 87588.jpg', short_intro='null', play_count=0, track_count=0, sid=15, card_type=108, is_vip=0, is_paid=0, pay_type=0, subscribe=false}, AlbumInfo{id='31311', title='韩国榜', img='http://imge.kugou.com/mcommon/480/20211110/20211110174128883916.jpg', short_intro='null', play_count=0, track_count=0, sid=15, card_type=108, is_vip=0, is_paid=0, pay_type=0, subscribe=false}, AlbumInfo{id='31312', title='日本榜', img='http://imge.kugou.com/mcommon/480/20211110/20211110174313329340.jpg', short_intro='null', play_count=0, track_count=0, sid=15, card_type=108, is_vip=0, is_paid=0, pay_type=0, subscribe=false}, AlbumInfo{id='49225', title='80后热歌榜', img='http://imge.kugou.com/mcommon/480/20220322/20220322172627294764.jpg', short_intro='null', play_count=0, track_count=0, sid=15, card_type=108, is
05-22 14:09:25.673846  1774  1774 D com.txznet.music.comm.core.SDKCore$3: ...[SDKCore.java:69]
05-22 14:09:25.674028  1774  1774 D com.txznet.music.comm.core.SDKCore$3: [com.txznet.music.comm.core.SDKCore$3::lambda$onConnect$0]ComposePlayer::...
05-22 14:09:25.674028  1774  1774 D com.txznet.music.comm.core.SDKCore$3: ...
05-22 14:09:25.674028  1774  1774 D com.txznet.music.comm.core.SDKCore$3: _vip=0, is_paid=0, pay_type=0, subscribe=false}, AlbumInfo{id='49223', title='90后热歌榜', img='http://imge.kugou.com/mcommon/480/20220322/20220322174139290728.jpg', short_intro='null', play_count=0, track_count=0, sid=15, card_type=108, is_vip=0, is_paid=0, pay_type=0, subscribe=false}, AlbumInfo{id='49224', title='00后热歌榜', img='http://imge.kugou.com/mcommon/480/20220322/20220322174307426455.jpg', short_intro='null', play_count=0, track_count=0, sid=15, card_type=108, is_vip=0, is_paid=0, pay_type=0, subscribe=false}, AlbumInfo{id='33165', title='粤语金曲榜', img='http://imge.kugou.com/mcommon/480/20220110/20220110173601503618.jpg', short_intro='null', play_count=0, track_count=0, sid=15, card_type=108, is_vip=0, is_paid=0, pay_type=0, subscribe=false}, AlbumInfo{id='33166', title='欧美金
05-22 14:09:25.674028  1774  1774 D com.txznet.music.comm.core.SDKCore$3: ...[SDKCore.java:69]
05-22 14:09:25.674185  1774  1774 D com.txznet.music.comm.core.SDKCore$3: [com.txznet.music.comm.core.SDKCore$3::lambda$onConnect$0]ComposePlayer::...
05-22 14:09:25.674185  1774  1774 D com.txznet.music.comm.core.SDKCore$3: ...
05-22 14:09:25.674185  1774  1774 D com.txznet.music.comm.core.SDKCore$3: 曲榜', img='http://imge.kugou.com/mcommon/480/20220110/20220110173632620715.jpg', short_intro='null', play_count=0, track_count=0, sid=15, card_type=108, is_vip=0, is_paid=0, pay_type=0, subscribe=false}, AlbumInfo{id='33163', title='影视金曲榜', img='http://imge.kugou.com/mcommon/480/20220110/20220110173705332402.jpg', short_intro='null', play_count=0, track_count=0, sid=15, card_type=108, is_vip=0, is_paid=0, pay_type=0, subscribe=false}, AlbumInfo{id='51340', title='伤感榜', img='http://imge.kugou.com/mcommon/480/20220110/20220110173743163659.jpg', short_intro='null', play_count=0, track_count=0, sid=15, card_type=108, is_vip=0, is_paid=0, pay_type=0, subscribe=false}, AlbumInfo{id='35811', title='会员专享榜', img='http://imge.kugou.com/mcommon/480/20220110/20220110174755711033.jpg', short
05-22 14:09:25.674185  1774  1774 D com.txznet.music.comm.core.SDKCore$3: ...[SDKCore.java:69]
05-22 14:09:25.674345  1774  1774 D com.txznet.music.comm.core.SDKCore$3: [com.txznet.music.comm.core.SDKCore$3::lambda$onConnect$0]ComposePlayer::...
05-22 14:09:25.674345  1774  1774 D com.txznet.music.comm.core.SDKCore$3: ...
05-22 14:09:25.674345  1774  1774 D com.txznet.music.comm.core.SDKCore$3: _intro='null', play_count=0, track_count=0, sid=15, card_type=108, is_vip=0, is_paid=0, pay_type=0, subscribe=false}, AlbumInfo{id='37361', title='雷达榜', img='http://imge.kugou.com/mcommon/480/20220110/20220110174032634577.jpg', short_intro='null', play_count=0, track_count=0, sid=15, card_type=108, is_vip=0, is_paid=0, pay_type=0, subscribe=false}, AlbumInfo{id='46910', title='综艺新歌榜', img='http://imge.kugou.com/mcommon/480/20220110/20220110174141989249.jpg', short_intro='null', play_count=0, track_count=0, sid=15, card_type=108, is_vip=0, is_paid=0, pay_type=0, subscribe=false}, AlbumInfo{id='30972', title='酷狗音乐人原创榜', img='http://imge.kugou.com/mcommon/480/20220110/20220110174210939378.jpg', short_intro='null', play_count=0, track_count=0, sid=15, card_type=108, is_vip=0, is_pa
05-22 14:09:25.674345  1774  1774 D com.txznet.music.comm.core.SDKCore$3: ...[SDKCore.java:69]
05-22 14:09:25.674516  1774  1774 D com.txznet.music.comm.core.SDKCore$3: [com.txznet.music.comm.core.SDKCore$3::lambda$onConnect$0]ComposePlayer::...
05-22 14:09:25.674516  1774  1774 D com.txznet.music.comm.core.SDKCore$3: ...
05-22 14:09:25.674516  1774  1774 D com.txznet.music.comm.core.SDKCore$3: id=0, pay_type=0, subscribe=false}, AlbumInfo{id='60170', title='闽南语榜', img='http://imge.kugou.com/mcommon/480/20220607/20220607152036744096.jpg', short_intro='null', play_count=0, track_count=0, sid=15, card_type=108, is_vip=0, is_paid=0, pay_type=0, subscribe=false}, AlbumInfo{id='65234', title='儿歌榜', img='http://imge.kugou.com/mcommon/480/20221227/20221227161127669940.jpg', short_intro='null', play_count=0, track_count=0, sid=15, card_type=108, is_vip=0, is_paid=0, pay_type=0, subscribe=false}, AlbumInfo{id='4681', title='美国BillBoard榜', img='http://imge.kugou.com/mcommon/480/20210319/20210319180223443800.jpg', short_intro='null', play_count=0, track_count=0, sid=15, card_type=108, is_vip=0, is_paid=0, pay_type=0, subscribe=false}, AlbumInfo{id='25028', title='Beatport电子舞曲榜',
05-22 14:09:25.674516  1774  1774 D com.txznet.music.comm.core.SDKCore$3: ...[SDKCore.java:69]
05-22 14:09:25.674681  1774  1774 D com.txznet.music.comm.core.SDKCore$3: [com.txznet.music.comm.core.SDKCore$3::lambda$onConnect$0]ComposePlayer::...
05-22 14:09:25.674681  1774  1774 D com.txznet.music.comm.core.SDKCore$3: ...
05-22 14:09:25.674681  1774  1774 D com.txznet.music.comm.core.SDKCore$3:  img='http://imge.kugou.com/mcommon/480/20210813/20210813140906470933.jpg', short_intro='null', play_count=0, track_count=0, sid=15, card_type=108, is_vip=0, is_paid=0, pay_type=0, subscribe=false}, AlbumInfo{id='4680', title='英国单曲榜', img='http://imge.kugou.com/mcommon/480/20210319/20210319180311445477.jpg', short_intro='null', play_count=0, track_count=0, sid=15, card_type=108, is_vip=0, is_paid=0, pay_type=0, subscribe=false}, AlbumInfo{id='38623', title='韩国Melon音乐榜', img='http://imge.kugou.com/mcommon/480/20210319/20210319180513682585.jpg', short_intro='null', play_count=0, track_count=0, sid=15, card_type=108, is_vip=0, is_paid=0, pay_type=0, subscribe=false}, AlbumInfo{id='42807', title='joox本地热歌榜', img='http://imge.kugou.com/mcommon/480/20210319/20210319180412417965.jpg',
05-22 14:09:25.674681  1774  1774 D com.txznet.music.comm.core.SDKCore$3: ...[SDKCore.java:69]
05-22 14:09:25.674839  1774  1774 D com.txznet.music.comm.core.SDKCore$3: [com.txznet.music.comm.core.SDKCore$3::lambda$onConnect$0]ComposePlayer::...
05-22 14:09:25.674839  1774  1774 D com.txznet.music.comm.core.SDKCore$3: ...
05-22 14:09:25.674839  1774  1774 D com.txznet.music.comm.core.SDKCore$3:  short_intro='null', play_count=0, track_count=0, sid=15, card_type=108, is_vip=0, is_paid=0, pay_type=0, subscribe=false}, AlbumInfo{id='36107', title='小语种热歌榜', img='http://imge.kugou.com/mcommon/480/20210817/20210817162644286508.jpg', short_intro='null', play_count=0, track_count=0, sid=15, card_type=108, is_vip=0, is_paid=0, pay_type=0, subscribe=false}, AlbumInfo{id='4673', title='日本公信榜', img='http://imge.kugou.com/mcommon/480/20210319/20210319180655930286.jpg', short_intro='null', play_count=0, track_count=0, sid=15, card_type=108, is_vip=0, is_paid=0, pay_type=0, subscribe=false}, AlbumInfo{id='46868', title='日本SPACE SHOWER榜', img='http://imge.kugou.com/mcommon/480/20210319/20210319180946131853.jpg', short_intro='null', play_count=0, track_count=0, sid=15, card_type=108, 
05-22 14:09:25.674839  1774  1774 D com.txznet.music.comm.core.SDKCore$3: ...[SDKCore.java:69]
05-22 14:09:25.675013  1774  1774 D com.txznet.music.comm.core.SDKCore$3: [com.txznet.music.comm.core.SDKCore$3::lambda$onConnect$0]ComposePlayer::...
05-22 14:09:25.675013  1774  1774 D com.txznet.music.comm.core.SDKCore$3: ...
05-22 14:09:25.675013  1774  1774 D com.txznet.music.comm.core.SDKCore$3: is_vip=0, is_paid=0, pay_type=0, subscribe=false}, AlbumInfo{id='42808', title='KKBOX风云榜', img='http://imge.kugou.com/mcommon/480/20210319/20210319180832806920.jpg', short_intro='null', play_count=0, track_count=0, sid=15, card_type=108, is_vip=0, is_paid=0, pay_type=0, subscribe=false}, AlbumInfo{id='60171', title='越南语榜', img='http://imge.kugou.com/mcommon/480/20220607/20220607154640166212.jpg', short_intro='null', play_count=0, track_count=0, sid=15, card_type=108, is_vip=0, is_paid=0, pay_type=0, subscribe=false}, AlbumInfo{id='60172', title='泰语榜', img='http://imge.kugou.com/mcommon/480/20220607/20220607160840213350.jpg', short_intro='null', play_count=0, track_count=0, sid=15, card_type=108, is_vip=0, is_paid=0, pay_type=0, subscribe=false}, AlbumInfo{id='59895', title='R&B
05-22 14:09:25.675013  1774  1774 D com.txznet.music.comm.core.SDKCore$3: ...[SDKCore.java:69]
05-22 14:09:25.675246  1774  1774 D com.txznet.music.comm.core.SDKCore$3: [com.txznet.music.comm.core.SDKCore$3::lambda$onConnect$0]ComposePlayer::...
05-22 14:09:25.675246  1774  1774 D com.txznet.music.comm.core.SDKCore$3: ...
05-22 14:09:25.675246  1774  1774 D com.txznet.music.comm.core.SDKCore$3: 榜', img='http://imge.kugou.com/mcommon/480/20220526/20220526173021160911.jpg', short_intro='null', play_count=0, track_count=0, sid=15, card_type=108, is_vip=0, is_paid=0, pay_type=0, subscribe=false}, AlbumInfo{id='59896', title='摇滚榜', img='http://imge.kugou.com/mcommon/480/20220526/20220526175341886231.jpg', short_intro='null', play_count=0, track_count=0, sid=15, card_type=108, is_vip=0, is_paid=0, pay_type=0, subscribe=false}, AlbumInfo{id='59897', title='爵士榜', img='http://imge.kugou.com/mcommon/480/20220526/20220526180325307871.jpg', short_intro='null', play_count=0, track_count=0, sid=15, card_type=108, is_vip=0, is_paid=0, pay_type=0, subscribe=false}, AlbumInfo{id='59898', title='乡村音乐榜', img='http://imge.kugou.com/mcommon/480/20220526/20220526181205535035.jpg', short_in
05-22 14:09:25.675246  1774  1774 D com.txznet.music.comm.core.SDKCore$3: ...[SDKCore.java:69]
05-22 14:09:25.676755  1774 11574 D OkHttp  : <-- 200 https://tsp.rl.txzing.com/api/music/audio/play?sid=15&audio_id=272893489 (604ms)
05-22 14:09:25.676876  1774 11574 D OkHttp  : date: Mon, 22 May 2023 06:09:25 GMT
05-22 14:09:25.676902  1774 11574 D OkHttp  : content-type: application/json
05-22 14:09:25.677014  1774 11574 D OkHttp  : vary: Accept-Encoding
05-22 14:09:25.677074  1774 11574 D OkHttp  : vary: Origin
05-22 14:09:25.677162  1774  1774 D com.txznet.music.comm.core.SDKCore$3: [com.txznet.music.comm.core.SDKCore$3::lambda$onConnect$0]ComposePlayer::...
05-22 14:09:25.677162  1774  1774 D com.txznet.music.comm.core.SDKCore$3: ...
05-22 14:09:25.677162  1774  1774 D com.txznet.music.comm.core.SDKCore$3: tro='null', play_count=0, track_count=0, sid=15, card_type=108, is_vip=0, is_paid=0, pay_type=0, subscribe=false}, AlbumInfo{id='59900', title='纯音乐榜', img='http://imge.kugou.com/mcommon/480/20220526/20220526183519432036.jpg', short_intro='null', play_count=0, track_count=0, sid=15, card_type=108, is_vip=0, is_paid=0, pay_type=0, subscribe=false}, AlbumInfo{id='59899', title='古典榜', img='http://imge.kugou.com/mcommon/480/20220526/20220526184414773878.jpg', short_intro='null', play_count=0, track_count=0, sid=15, card_type=108, is_vip=0, is_paid=0, pay_type=0, subscribe=false}]
05-22 14:09:25.677162  1774  1774 D com.txznet.music.comm.core.SDKCore$3: [SDKCore.java:69]
05-22 14:09:25.677212  1774 11574 D OkHttp  : vary: Access-Control-Request-Method
05-22 14:09:25.677244  1774 11574 D OkHttp  : vary: Access-Control-Request-Headers
05-22 14:09:25.677266  1774 11574 D OkHttp  : x-content-type-options: nosniff
05-22 14:09:25.677313  1774 11574 D OkHttp  : x-xss-protection: 1; mode=block
05-22 14:09:25.677359  1774 11574 D OkHttp  : cache-control: no-cache, no-store, max-age=0, must-revalidate
05-22 14:09:25.677420  1774 11574 D OkHttp  : pragma: no-cache
05-22 14:09:25.677446  1774 11574 D OkHttp  : expires: 0
05-22 14:09:25.677468  1774 11574 D OkHttp  : x-frame-options: DENY
05-22 14:09:25.678590  1774 11574 D OkHttp  : {"err_code":"200","err_msg":"请求成功","trace_id":"d27de3f6bc127a75","data":{"str_url":"http://fsdg360.tx.kugou.com/202305221409/561bbff284a6468796b85f07eb0b8c2e/v2/5f0d7a6b8aa92220e418fbf1fe9c4820/G226/M0A/18/05/wpQEAF9IzEiAQgV5AEBve1fCLbg220.mp3","sid":15,"audio_id":"272893489","audio_url_hq":"http://fsdg360.tx.kugou.com/202305221409/2b3692364c1cb89296ad8687004abf0a/v2/4765b48112d2b0c467607a5d17e16f81/G224/M03/1B/13/IA4DAF9IzBaAHTd5AKEUMZGKfl8762.mp3","audio_url_sq":"http://fsdg360.tx.kugou.com/202305221409/f280387aeffb99ac3be7585eb63a1cd1/v2/6bae02da3cf34fcad8dafc9feedc1fe8/G227/M07/1B/1B/g4cBAF9IzFGATl4rAcDniWDcGh408.flac","duration":263888}}
05-22 14:09:25.678927  1774 11574 D OkHttp  : <-- END HTTP (658-byte body)
05-22 14:09:25.687642  1774 12139 D com.txznet.music.comm.core.SDKCore$3: [com.txznet.music.comm.core.SDKCore$3::lambda$onConnect$0]ComposePlayer::HttpUrlSource: Open connection  to http://127.0.0.1:42545/ping
05-22 14:09:25.687642  1774 12139 D com.txznet.music.comm.core.SDKCore$3: [SDKCore.java:69]
05-22 14:09:25.691739  1774  1978 D com.txznet.music.comm.core.SDKCore$3: [com.txznet.music.comm.core.SDKCore$3::lambda$onConnect$0]ComposePlayer::ProxyCacheServer: Accept new socket Socket[address=/127.0.0.1,port=42678,localPort=42545]
05-22 14:09:25.691739  1774  1978 D com.txznet.music.comm.core.SDKCore$3: [SDKCore.java:69]
05-22 14:09:25.693061  1774 12146 D com.txznet.music.comm.core.SDKCore$3: [com.txznet.music.comm.core.SDKCore$3::lambda$onConnect$0]ComposePlayer::ProxyCacheServer: Request to cache proxy:GetRequest{rangeOffset=0, partial=false, uri='ping'}
05-22 14:09:25.693061  1774 12146 D com.txznet.music.comm.core.SDKCore$3: [SDKCore.java:69]
05-22 14:09:25.694000  1774 12146 D com.txznet.music.comm.core.SDKCore$3: [com.txznet.music.comm.core.SDKCore$3::lambda$onConnect$0]ComposePlayer::ProxyCacheServer: Opened connections: 0
05-22 14:09:25.694000  1774 12146 D com.txznet.music.comm.core.SDKCore$3: [SDKCore.java:69]
05-22 14:09:25.713153   327   379 D McuUtils: dumpFrame:41 mcu read=[55,aa,03,06,0b,04,00,00,00,00,eb]
05-22 14:09:25.713406   327   379 I McuSerialComm: readRun:297, mainCmdId= 0xb ,subCmd = 0x4, datalen: 3
05-22 14:09:25.713474   327   376 I McuManager: processMessage, cmdCtrl = 0x3 ,mainCmdId = 0xb ,subCmdId = 0x4 ,datalen: 3
05-22 14:09:25.713556   327   376 D McuUtils: dumpFrame:41 mcu send=[55,aa,00,03,0b,04,00,ee]
05-22 14:09:25.713598   327   376 I CarBodyManager: processMessage, mainCmdId = 0xb ,subCmdId = 0x4,body size = 3,body length = 3
05-22 14:09:25.713630   327   376 I CarBodyManager: processMessage, mcu(0x0B) readId = 0x0b04, mainCmdId = 0xb ,subCmdId = 0x4 , datalen = 3
05-22 14:09:25.713727   327   376 E CarBodyManager: processMessage: no configs for this mcuId(0x0B) = 0x0b04 !!!
05-22 14:09:25.745037  1774 12139 D com.txznet.music.comm.core.SDKCore$3: [com.txznet.music.comm.core.SDKCore$3::lambda$onConnect$0]ComposePlayer::Pinger: Ping response: `ping ok`, pinged? true
05-22 14:09:25.745037  1774 12139 D com.txznet.music.comm.core.SDKCore$3: [SDKCore.java:69]
05-22 14:09:25.751259   571  5051 D MediaSessionService: Media button session is changed to com.txznet.music/MediaService (userId=0)
05-22 14:09:25.756654  1774  1774 D com.txznet.music.comm.core.SDKCore$3: [com.txznet.music.comm.core.SDKCore$3::lambda$onConnect$0]ComposePlayer::MediaService: currentQuality =NQ, link=http://127.0.0.1:42545/15_272893489_NQ
05-22 14:09:25.756654  1774  1774 D com.txznet.music.comm.core.SDKCore$3: [SDKCore.java:69]
05-22 14:09:25.757260  1774  1774 D com.txznet.music.comm.core.SDKCore$3: [com.txznet.music.comm.core.SDKCore$3::lambda$onConnect$0]ComposePlayer::KGCorePlayer: setAudioEffect VIRTUALIZER
05-22 14:09:25.757260  1774  1774 D com.txznet.music.comm.core.SDKCore$3: [SDKCore.java:69]
05-22 14:09:25.757532  1774  1774 D com.txznet.music.comm.core.SDKCore$3: [com.txznet.music.comm.core.SDKCore$3::lambda$onConnect$0]ComposePlayer::KGCorePlayer: play http://127.0.0.1:42545/15_272893489_NQ
05-22 14:09:25.757532  1774  1774 D com.txznet.music.comm.core.SDKCore$3: [SDKCore.java:69]
05-22 14:09:25.757768  1774  1774 D com.txznet.music.comm.core.SDKCore$3: [com.txznet.music.comm.core.SDKCore$3::lambda$onConnect$0]ComposePlayer::KGCorePlayer: release
05-22 14:09:25.757768  1774  1774 D com.txznet.music.comm.core.SDKCore$3: [SDKCore.java:69]
05-22 14:09:25.758287  1774  1774 I KGSDK.PlayController: setMvConfigInfo, mFirstBufferRatio:0=> 4
05-22 14:09:25.758429  1774  1774 I KGSDK.PlayController: new PlayController 180058306, looper: Looper (main, tid 2) {35bc2bb}
05-22 14:09:25.758490  1774  1774 I KGSDK.PlayController: new PlayController  hashCode:180058306
05-22 14:09:25.758656  1774  1774 I KGSDK.JNI.KugouPlayer: audio Effect type is 2 Surround
05-22 14:09:25.759718  1774  1774 I KGSDK.JNI.KugouPlayer: audio Effect type is 1 BassEffect
05-22 14:09:25.759825  1774  1774 I KGSDK.JNI.KugouPlayer: audio Effect type is 16 Virtualizer
05-22 14:09:25.759937  1774  1774 I KGSDK.AudioEffect:  setEnabled:false type:2
05-22 14:09:25.760050  1774  1774 I KGSDK.JNI.KugouPlayer: ++++++close Surround effect++++++
05-22 14:09:25.760133  1774  1774 I KGSDK.AudioEffect:  setEnabled:false type:1
05-22 14:09:25.760210  1774  1774 I KGSDK.JNI.KugouPlayer: ++++++close BassEffect effect++++++
05-22 14:09:25.760297  1774  1774 I KGSDK.AudioEffect:  setEnabled:false type:16
05-22 14:09:25.760375  1774  1774 I KGSDK.JNI.KugouPlayer: ++++++close Virtualizer effect++++++
05-22 14:09:25.760479  1774  1774 I KGSDK.JNI.KugouPlayer: PlayController::addAudioEffect Surround
05-22 14:09:25.760550  1774  1774 I KGSDK.JNI.KugouPlayer: PlayController::addAudioEffect BassEffect
05-22 14:09:25.760620  1774  1774 I KGSDK.JNI.KugouPlayer: PlayController::addAudioEffect Virtualizer
05-22 14:09:25.761287  1774  1774 D com.txznet.music.comm.core.SDKCore$3: [com.txznet.music.comm.core.SDKCore$3::lambda$onConnect$0]ComposePlayer::KGCorePlayer: setAudioEffect VIRTUALIZER
05-22 14:09:25.761287  1774  1774 D com.txznet.music.comm.core.SDKCore$3: [SDKCore.java:69]
05-22 14:09:25.762081  1774  1774 D com.txznet.music.comm.core.SDKCore$3: [com.txznet.music.comm.core.SDKCore$3::lambda$onConnect$0]ComposePlayer::KGCorePlayer: openAudioEffect VIRTUALIZER
05-22 14:09:25.762081  1774  1774 D com.txznet.music.comm.core.SDKCore$3: [SDKCore.java:69]
05-22 14:09:25.762514  1774  1774 I KGSDK.KGCoreEffectController: setVirtualizerEnabled:true
05-22 14:09:25.762701  1774  1774 I KGSDK.AudioEffect:  setEnabled:true type:16
05-22 14:09:25.762821  1774  1774 I KGSDK.JNI.KugouPlayer: ++++++open Virtualizer effect++++++
05-22 14:09:25.764832   327   379 D McuUtils: dumpFrame:41 mcu read=[55,aa,03,06,0b,04,00,00,00,00,eb]
05-22 14:09:25.765001   327   379 I McuSerialComm: readRun:297, mainCmdId= 0xb ,subCmd = 0x4, datalen: 3
05-22 14:09:25.765093   327   376 I McuManager: processMessage, cmdCtrl = 0x3 ,mainCmdId = 0xb ,subCmdId = 0x4 ,datalen: 3
05-22 14:09:25.765182   327   376 D McuUtils: dumpFrame:41 mcu send=[55,aa,00,03,0b,04,00,ee]
05-22 14:09:25.765220   327   376 I CarBodyManager: processMessage, mainCmdId = 0xb ,subCmdId = 0x4,body size = 3,body length = 3
05-22 14:09:25.765254   327   376 I CarBodyManager: processMessage, mcu(0x0B) readId = 0x0b04, mainCmdId = 0xb ,subCmdId = 0x4 , datalen = 3
05-22 14:09:25.765327   327   376 E CarBodyManager: processMessage: no configs for this mcuId(0x0B) = 0x0b04 !!!
05-22 14:09:25.774086  1774  1774 I KGSDK.JNI.KugouPlayer: initVirtualizer success! sample_rate 44100 channels 2
05-22 14:09:25.774513  1774  1774 I KGSDK.JNI.KugouPlayer: gw kugou_player_PlayController::kugou_player_setDataSourceByPlayParam 
05-22 14:09:25.774672  1774  1774 I KGSDK.JNI.KugouPlayer: ++++++call setplaysource from PlayParam:0xe244fdc8d830 +http://127.0.0.1:42545/15_272893489_NQ ,use hard decode : 0 +++++
05-22 14:09:25.774765  1774  1774 I KGSDK.JNI.KugouPlayer: ++++++call stop play:0xe244fdc8d830++++++
05-22 14:09:25.775101  1774 14999 I KGSDK.JNI.KugouPlayer: ++++++_StopEvent play:0xe244fdc8d830++++++
05-22 14:09:25.775151  1774 14999 I KGSDK.JNI.KugouPlayer: ( 0xe244fdc8d830 )stop play event in...
05-22 14:09:25.775212  1774 14999 I KGSDK.JNI.KugouPlayer: stop play event out...
05-22 14:09:25.775367  1774 14999 I KGSDK.JNI.KugouPlayer: set data source( http://127.0.0.1:42545/15_272893489_NQ ),audioTypeInfo:0
05-22 14:09:25.775420  1774 14999 I KGSDK.JNI.KugouPlayer: pInfo->path2  
05-22 14:09:25.775551  1774  1774 D com.txznet.music.comm.core.SDKCore$3: [com.txznet.music.comm.core.SDKCore$3::lambda$onConnect$0]ComposePlayer::requestAudioFocus alreadyHasFocus=true, mLostFocusWhenPlayingOrBuffering=false
05-22 14:09:25.775551  1774  1774 D com.txznet.music.comm.core.SDKCore$3: [SDKCore.java:69]
05-22 14:09:25.775633  1774 14999 I KGSDK.JNI.KugouPlayer: PlayController::_CreateDataSource pInfo->path http://127.0.0.1:42545/15_272893489_NQ 
05-22 14:09:25.782179  1774  1774 D com.txznet.music.comm.core.SDKCore$3: [com.txznet.music.comm.core.SDKCore$3::lambda$onConnect$0]ComposePlayer::setResumeFocusWhenPlayingOrBufferingCallback: null
05-22 14:09:25.782179  1774  1774 D com.txznet.music.comm.core.SDKCore$3: [SDKCore.java:69]
05-22 14:09:25.782663  1774  1774 I KGSDK.PlayController: prepareAsync, currentTime:1684735765782
05-22 14:09:25.782825  1774  1774 I KGSDK.JNI.KugouPlayer: ++++++call player prepareAsync:0xe244fdc8d830++++++
05-22 14:09:25.783032  1774  1978 D com.txznet.music.comm.core.SDKCore$3: [com.txznet.music.comm.core.SDKCore$3::lambda$onConnect$0]ComposePlayer::ProxyCacheServer: Accept new socket Socket[address=/127.0.0.1,port=42680,localPort=42545]
05-22 14:09:25.783032  1774  1978 D com.txznet.music.comm.core.SDKCore$3: [SDKCore.java:69]
05-22 14:09:25.783671   571  5051 D MediaSessionService: Media button session is changed to com.txznet.music/LOCAL_MEDIA_SESSION (userId=0)
05-22 14:09:25.784805  1774 12141 D com.txznet.music.comm.core.SDKCore$3: [com.txznet.music.comm.core.SDKCore$3::lambda$onConnect$0]ComposePlayer::ProxyCacheServer: Request to cache proxy:GetRequest{rangeOffset=0, partial=true, uri='15_272893489_NQ'}
05-22 14:09:25.784805  1774 12141 D com.txznet.music.comm.core.SDKCore$3: [SDKCore.java:69]
05-22 14:09:25.786679  1774 12141 D com.txznet.music.comm.core.SDKCore$3: [com.txznet.music.comm.core.SDKCore$3::lambda$onConnect$0]ComposePlayer::HttpUrlSource: Read content info from http://fsdg360.tx.kugou.com/202305221409/561bbff284a6468796b85f07eb0b8c2e/v2/5f0d7a6b8aa92220e418fbf1fe9c4820/G226/M0A/18/05/wpQEAF9IzEiAQgV5AEBve1fCLbg220.mp3
05-22 14:09:25.786679  1774 12141 D com.txznet.music.comm.core.SDKCore$3: [SDKCore.java:69]
05-22 14:09:25.786912  1774 12141 D com.txznet.music.comm.core.SDKCore$3: [com.txznet.music.comm.core.SDKCore$3::lambda$onConnect$0]ComposePlayer::HttpUrlSource: Open connection  to http://fsdg360.tx.kugou.com/202305221409/561bbff284a6468796b85f07eb0b8c2e/v2/5f0d7a6b8aa92220e418fbf1fe9c4820/G226/M0A/18/05/wpQEAF9IzEiAQgV5AEBve1fCLbg220.mp3
05-22 14:09:25.786912  1774 12141 D com.txznet.music.comm.core.SDKCore$3: [SDKCore.java:69]
05-22 14:09:25.788552  1774  1774 D com.txznet.music.comm.core.SDKCore$3: [com.txznet.music.comm.core.SDKCore$3::lambda$onConnect$0]ComposePlayer::MediaClient: onPlaybackStateChanged: 
05-22 14:09:25.788552  1774  1774 D com.txznet.music.comm.core.SDKCore$3: [SDKCore.java:69]
05-22 14:09:25.788867  1774  1774 D com.txznet.music.comm.core.SDKCore$3: [com.txznet.music.comm.core.SDKCore$3::lambda$onConnect$0]ComposePlayer::PlayControl: onPlaybackStateChanged state=PlaybackState {state=7, position=0, buffered position=0, speed=1.0, updated=21986, actions=1072, error code=0, error message=DISK_SPACE_NOT_ENOUGH, custom actions=[], active item id=-1}
05-22 14:09:25.788867  1774  1774 D com.txznet.music.comm.core.SDKCore$3: [SDKCore.java:69]
05-22 14:09:25.789186  1774  1774 D com.txznet.music.comm.core.SDKCore$3: [com.txznet.music.comm.core.SDKCore$3::lambda$onConnect$0]ComposePlayer::MusicWidget : updateWidget
05-22 14:09:25.789186  1774  1774 D com.txznet.music.comm.core.SDKCore$3: [SDKCore.java:69]
05-22 14:09:25.789239  1774  1974 D com.txznet.music.comm.core.SDKCore$3: [com.txznet.music.comm.core.SDKCore$3::lambda$onConnect$0]ComposePlayer::collectReportData
05-22 14:09:25.789239  1774  1974 D com.txznet.music.comm.core.SDKCore$3: [SDKCore.java:69]
05-22 14:09:25.791757  1774 12148 D com.txznet.music.comm.core.SDKCore$3: [com.txznet.music.comm.core.SDKCore$3::lambda$onConnect$0]ComposePlayer::CoreCmdAdapter: syncPlaybackStateToCore isPlaying=false
05-22 14:09:25.791757  1774 12148 D com.txznet.music.comm.core.SDKCore$3: [SDKCore.java:69]
05-22 14:09:25.791879  1774  1774 D com.txznet.music.comm.core.SDKCore$3: [com.txznet.music.comm.core.SDKCore$3::lambda$onConnect$0]ComposePlayer::CoreCmdAdapter: syncMetadataToCore audio 青玉恋
05-22 14:09:25.791879  1774  1774 D com.txznet.music.comm.core.SDKCore$3: [SDKCore.java:69]
05-22 14:09:25.792713  1774  1891 I ServiceManager: using oneway flag for command: txz.music.inner.isPlaying, target = com.txznet.txz
05-22 14:09:25.793166  1774  1891 I ServiceManager: using oneway flag for command: txz.music.inner.musicModel, target = com.txznet.txz
05-22 14:09:25.793293  1466  1500 D com.txznet.comm.remote.ServiceHandlerBase: [com.txznet.comm.remote.ServiceHandlerBase::preInvoke]music:receive:handler:AIDL:com.txznet.txz,from:com.txznet.music/txz.music.inner.isPlaying[Proguard:2]
05-22 14:09:25.793424  1466  1500 D com.txznet.txz.O00000o.O0000oOo.O0000oo::O000000o: CORE:MUSIC:receiver:command:inner.isPlaying,from:com.txznet.music[Proguard:33]
05-22 14:09:25.793536  1466  1500 D com.txznet.txz.module.app.O0000Oo: [com.txznet.txz.module.app.O0000Oo::O0000o]NavThirdApp packageName:com.txznet.music[Proguard:1]
05-22 14:09:25.793675  1466  1500 D com.txznet.txz.component.music.txz.MusicTongTing::getMusicVersionCode: MusicTongTing::getMusicVersion 10000[Proguard:6]
05-22 14:09:25.793750  1466  1500 D com.txznet.txz.component.music.txz.MusicTongTing::log: MusicTongTing::update status(V440): PAUSED[Proguard:1]
05-22 14:09:25.793996  1466  1500 D xxxx    : [(MediaPriorityManager.java:1)#notifyPlayerStatusChange] notifyPlayerStatus:PAUSED
05-22 14:09:25.794149  1466  1500 D xxxx    : [(MediaPriorityManager.java:1)#notifyPlayerStatusChange] notifyPlayerStatus:PAUSED
05-22 14:09:25.794247  1466  1500 D com.txznet.txz.component.music.txz.MusicTongTing::onEndMusic: CORE:MUSIC:onEndMusic[Proguard:1]
05-22 14:09:25.794391  1466  1500 I com.txznet.txz: oneway function results will be dropped but finished with status OK and parcel size 8
05-22 14:09:25.794661  1466  1500 D com.txznet.comm.remote.ServiceHandlerBase: [com.txznet.comm.remote.ServiceHandlerBase::preInvoke]music:receive:handler:AIDL:com.txznet.txz,from:com.txznet.music/txz.music.inner.musicModel[Proguard:2]
05-22 14:09:25.794766  1466  1500 D com.txznet.txz.O00000o.O0000oOo.O0000oo::O000000o: CORE:MUSIC:receiver:command:inner.musicModel,from:com.txznet.music[Proguard:33]
05-22 14:09:25.794967  1466  1500 D com.txznet.txz.module.app.O0000Oo: [com.txznet.txz.module.app.O0000Oo::O0000o]NavThirdApp packageName:com.txznet.music[Proguard:1]
05-22 14:09:25.795103  1466  1500 D com.txznet.txz.component.music.txz.MusicTongTing::getMusicVersionCode: MusicTongTing::getMusicVersion 10000[Proguard:6]
05-22 14:09:25.795183  1466  1500 I com.txznet.txz: oneway function results will be dropped but finished with status OK and parcel size 8
05-22 14:09:25.795309  1466  1713 I ServiceManager: using oneway flag for command: comm.status.onEndMusic, target = com.txznet.childrencompany
05-22 14:09:25.795751  9540  9559 D com.txznet.comm.remote.ServiceHandlerBase: [com.txznet.comm.remote.ServiceHandlerBase::preInvoke]music:receive:handler:AIDL:com.txznet.childrencompany,from:com.txznet.txz/comm.status.onEndMusic[ServiceHandlerBase.java:38]
05-22 14:09:25.796077  9540  9559 I childrencompan: oneway function results will be dropped but finished with status OK and parcel size 8
05-22 14:09:25.796235  1466  1713 I ServiceManager: using oneway flag for command: comm.status.onEndMusic, target = com.txznet.music
05-22 14:09:25.796847  1774  1801 D com.txznet.comm.remote.ServiceHandlerBase: [com.txznet.comm.remote.ServiceHandlerBase::preInvoke]music:receive:handler:AIDL:com.txznet.music,from:com.txznet.txz/comm.status.onEndMusic[ServiceHandlerBase.java:38]
05-22 14:09:25.797174  1774  1801 I om.txznet.musi: oneway function results will be dropped but finished with status OK and parcel size 8
05-22 14:09:25.798156  1466  1713 I ServiceManager: using oneway flag for command: comm.status.onEndMusic, target = com.txznet.adapter
05-22 14:09:25.798831  1466  1713 I ServiceManager: using oneway flag for command: comm.status.onEndMusic, target = com.txznet.txz
05-22 14:09:25.799365  1466  1713 D com.txznet.comm.remote.ServiceHandlerBase: [com.txznet.comm.remote.ServiceHandlerBase::preInvoke]music:receive:handler:AIDL:com.txznet.txz,from:com.txznet.txz/comm.status.onEndMusic[Proguard:2]
05-22 14:09:25.799708  1466  1713 I ServiceManager: using oneway flag for command: comm.status.onEndMusic, target = com.txznet.txzsetting
05-22 14:09:25.800340  2358  5531 D TXZ     : music:receive:handler:AIDL:com.txznet.txzsetting,from:com.txznet.txz/comm.status.onEndMusic
05-22 14:09:25.800899  2358  5531 I znet.txzsettin: oneway function results will be dropped but finished with status OK and parcel size 8
05-22 14:09:25.802307  8666  8685 I .txznet.adapte: oneway function results will be dropped but finished with status OK and parcel size 8
05-22 14:09:25.804506  1466  1713 I ServiceManager: using oneway flag for command: comm.status.onEndMusic, target = com.geely.system.tts
05-22 14:09:25.805174  1466  1713 I ServiceManager: using oneway flag for command: comm.status.onEndMusic, target = com.txznet.center
05-22 14:09:25.805462  3657  3678 D com.txznet.comm.remote.ServiceHandlerBase: [com.txznet.comm.remote.ServiceHandlerBase::preInvoke]music:receive:handler:AIDL:com.geely.system.tts,from:com.txznet.txz/comm.status.onEndMusic[ServiceHandlerBase.java:2]
05-22 14:09:25.805916  3657  3678 I eely.system.tt: oneway function results will be dropped but finished with status OK and parcel size 8
05-22 14:09:25.805921  8688  8707 D a.e.a.b.d: [a.e.a.b.d::a]music:receive:handler:AIDL:com.txznet.center,from:com.txznet.txz/comm.status.onEndMusic[ServiceHandlerBase.java:2]
05-22 14:09:25.806748  8688  8707 I m.txznet.cente: oneway function results will be dropped but finished with status OK and parcel size 8
05-22 14:09:25.811800   848   848 E mytest2 :  type = 2 mList.sze = 10 com.txznet.music
05-22 14:09:25.811925   848   848 I chatty  : uid=10101(com.bicv.e04) com.android.systemui identical 1 line
05-22 14:09:25.811975   848   848 E mytest2 :  type = 2 mList.sze = 10 com.txznet.music
05-22 14:09:25.813663   848   848 E mytest2 :  type = 1 mList.sze = 10 com.jsbd.btphone
05-22 14:09:25.813891   848   848 E mytest2 :  type = 1 mList.sze = 10 com.jsbd.btphone
05-22 14:09:25.813980   848   848 E mytest2 :  type = 1 mList.sze = 10 com.mojiweather
05-22 14:09:25.814038   848   848 E mytest2 :  type = 1 mList.sze = 10 com.mojiweather
05-22 14:09:25.814088   848   848 E mytest2 :  type = 1 mList.sze = 10 com.jsbd.btphone
05-22 14:09:25.814232   848   848 E mytest2 :  type = 1 mList.sze = 10 com.mojiweather
05-22 14:09:25.814464   848   848 E mytest2 :  type = 1 mList.sze = 10 com.txznet.center
05-22 14:09:25.814508   848   848 E mytest2 :  type = 1 mList.sze = 10 com.txznet.center
05-22 14:09:25.814610   848   848 E mytest2 :  type = 1 mList.sze = 10 com.jsbd.newenergy
05-22 14:09:25.814657   848   848 E mytest2 :  type = 1 mList.sze = 10 com.jsbd.newenergy
05-22 14:09:25.814705   848   848 E mytest2 :  type = 1 mList.sze = 10 com.txznet.center
05-22 14:09:25.814782   848   848 E mytest2 :  type = 1 mList.sze = 10 com.jsbd.newenergy
05-22 14:09:25.815485   848   848 E mytest2 :  type = 2 mList.sze = 10 com.txznet.music
05-22 14:09:25.815564   848   848 I chatty  : uid=10101(com.bicv.e04) com.android.systemui identical 1 line
05-22 14:09:25.815611   848   848 E mytest2 :  type = 2 mList.sze = 10 com.txznet.music
05-22 14:09:25.815771   848   848 E mytest2 :  type = 1 mList.sze = 10 com.jsbd.btphone
05-22 14:09:25.815983   848   848 E mytest2 :  type = 1 mList.sze = 10 com.jsbd.btphone
05-22 14:09:25.816041   848   848 E mytest2 :  type = 1 mList.sze = 10 com.mojiweather
05-22 14:09:25.816114   848   848 E mytest2 :  type = 1 mList.sze = 10 com.mojiweather
05-22 14:09:25.816154   848   848 E mytest2 :  type = 1 mList.sze = 10 com.jsbd.btphone
05-22 14:09:25.816235   848   848 E mytest2 :  type = 1 mList.sze = 10 com.mojiweather
05-22 14:09:25.816423   848   848 E mytest2 :  type = 1 mList.sze = 10 com.txznet.center
05-22 14:09:25.816489   848   848 E mytest2 :  type = 1 mList.sze = 10 com.txznet.center
05-22 14:09:25.816609   848   848 E mytest2 :  type = 1 mList.sze = 10 com.jsbd.newenergy
05-22 14:09:25.816690   848   848 E mytest2 :  type = 1 mList.sze = 10 com.jsbd.newenergy
05-22 14:09:25.816825   848   848 E mytest2 :  type = 1 mList.sze = 10 com.txznet.center
05-22 14:09:25.816919   848   848 E mytest2 :  type = 1 mList.sze = 10 com.jsbd.newenergy
05-22 14:09:25.819589   848   848 E mytest2 :  type = 2 mList.sze = 10 com.txznet.music
05-22 14:09:25.819790   848   848 I chatty  : uid=10101(com.bicv.e04) com.android.systemui identical 1 line
05-22 14:09:25.819847   848   848 E mytest2 :  type = 2 mList.sze = 10 com.txznet.music
05-22 14:09:25.820053   848   848 E mytest2 :  type = 1 mList.sze = 10 com.jsbd.btphone
05-22 14:09:25.820115   848   848 E mytest2 :  type = 1 mList.sze = 10 com.jsbd.btphone
05-22 14:09:25.820241   848   848 E mytest2 :  type = 1 mList.sze = 10 com.mojiweather
05-22 14:09:25.820329   848   848 E mytest2 :  type = 1 mList.sze = 10 com.mojiweather
05-22 14:09:25.820480   848   848 E mytest2 :  type = 1 mList.sze = 10 com.jsbd.btphone
05-22 14:09:25.820638   848   848 E mytest2 :  type = 1 mList.sze = 10 com.mojiweather
05-22 14:09:25.820899   848   848 E mytest2 :  type = 1 mList.sze = 10 com.txznet.center
05-22 14:09:25.820976   848   848 E mytest2 :  type = 1 mList.sze = 10 com.txznet.center
05-22 14:09:25.821050   848   848 E mytest2 :  type = 1 mList.sze = 10 com.jsbd.newenergy
05-22 14:09:25.821203   848   848 E mytest2 :  type = 1 mList.sze = 10 com.jsbd.newenergy
05-22 14:09:25.821291   848   848 E mytest2 :  type = 1 mList.sze = 10 com.txznet.center
05-22 14:09:25.821366   848   848 E mytest2 :  type = 1 mList.sze = 10 com.jsbd.newenergy
05-22 14:09:25.821936   848   848 E mytest2 :  type = 2 mList.sze = 10 com.txznet.music
05-22 14:09:25.821999   848   848 I chatty  : uid=10101(com.bicv.e04) com.android.systemui identical 1 line
05-22 14:09:25.822123   848   848 E mytest2 :  type = 2 mList.sze = 10 com.txznet.music
05-22 14:09:25.822214   848   848 E mytest2 :  type = 1 mList.sze = 10 com.jsbd.btphone
05-22 14:09:25.822267   848   848 E mytest2 :  type = 1 mList.sze = 10 com.jsbd.btphone
05-22 14:09:25.822346   848   848 E mytest2 :  type = 1 mList.sze = 10 com.mojiweather
05-22 14:09:25.822419   848   848 E mytest2 :  type = 1 mList.sze = 10 com.mojiweather
05-22 14:09:25.822401  1774  1774 E com.txznet.music.comm.core.SDKCore$3: [com.txznet.music.comm.core.SDKCore$3::lambda$onConnect$0]ComposePlayer::PlayControl: onPlaybackStateChanged error=DISK_SPACE_NOT_ENOUGH
05-22 14:09:25.822401  1774  1774 E com.txznet.music.comm.core.SDKCore$3: [SDKCore.java:69]
05-22 14:09:25.822486   848   848 E mytest2 :  type = 1 mList.sze = 10 com.jsbd.btphone
05-22 14:09:25.822603   848   848 E mytest2 :  type = 1 mList.sze = 10 com.mojiweather
05-22 14:09:25.822715   848   848 E mytest2 :  type = 1 mList.sze = 10 com.txznet.center
05-22 14:09:25.822789   848   848 E mytest2 :  type = 1 mList.sze = 10 com.txznet.center
05-22 14:09:25.822860   848   848 E mytest2 :  type = 1 mList.sze = 10 com.jsbd.newenergy
05-22 14:09:25.822928   848   848 E mytest2 :  type = 1 mList.sze = 10 com.jsbd.newenergy
05-22 14:09:25.823039   848   848 E mytest2 :  type = 1 mList.sze = 10 com.txznet.center
05-22 14:09:25.823091   848   848 E mytest2 :  type = 1 mList.sze = 10 com.jsbd.newenergy
05-22 14:09:25.824387  1774  1774 D com.txznet.music.comm.core.SDKCore$3: [com.txznet.music.comm.core.SDKCore$3::lambda$onConnect$0]ComposePlayer::MediaClient: onPlaybackStateChanged: 
05-22 14:09:25.824387  1774  1774 D com.txznet.music.comm.core.SDKCore$3: [SDKCore.java:69]
05-22 14:09:25.825399  1774  1774 D com.txznet.music.comm.core.SDKCore$3: [com.txznet.music.comm.core.SDKCore$3::lambda$onConnect$0]ComposePlayer::PlayControl: onPlaybackStateChanged state=PlaybackState {state=7, position=0, buffered position=0, speed=1.0, updated=21986, actions=1072, error code=0, error message=DISK_SPACE_NOT_ENOUGH, custom actions=[], active item id=-1}
05-22 14:09:25.825399  1774  1774 D com.txznet.music.comm.core.SDKCore$3: [SDKCore.java:69]
05-22 14:09:25.826743  1774  1774 D com.txznet.music.comm.core.SDKCore$3: [com.txznet.music.comm.core.SDKCore$3::lambda$onConnect$0]ComposePlayer::MusicWidget : updateWidget
05-22 14:09:25.826743  1774  1774 D com.txznet.music.comm.core.SDKCore$3: [SDKCore.java:69]
05-22 14:09:25.827555   395   395 I m4      : heartbeat running time = 3111
05-22 14:09:25.840247  1774  1774 D com.txznet.music.comm.core.SDKCore$3: [com.txznet.music.comm.core.SDKCore$3::lambda$onConnect$0]ComposePlayer::CoreCmdAdapter: syncMetadataToCore audio 青玉恋
05-22 14:09:25.840247  1774  1774 D com.txznet.music.comm.core.SDKCore$3: [SDKCore.java:69]
05-22 14:09:25.841197   327   560 D DefaultVehicleHal_v2_0: get: get = 28700014 ,area MCU,bytes size>0 and timestamp!=0
05-22 14:09:25.841696   457   480 D iCanService-rvc-pdc-avm: acc values[0] is 1
05-22 14:09:25.842420   457   480 D iCanService-rvc-pdc-avm: AVM request:0
05-22 14:09:25.842514   457   480 I chatty  : uid=0(root) /system/bin/rvcService identical 1 line
05-22 14:09:25.842541   457   480 D iCanService-rvc-pdc-avm: AVM request:0
05-22 14:09:25.842557   457   480 D iCanService-rvc-pdc-avm: AVM request:8
05-22 14:09:25.843206   327   379 D McuUtils: dumpFrame:41 mcu read=[55,aa,03,05,0b,53,00,1f,ff,7f]
05-22 14:09:25.843414   327   379 I McuSerialComm: readRun:297, mainCmdId= 0xb ,subCmd = 0x53, datalen: 2
05-22 14:09:25.843548   327   376 I McuManager: processMessage, cmdCtrl = 0x3 ,mainCmdId = 0xb ,subCmdId = 0x53 ,datalen: 2
05-22 14:09:25.843617   327   376 D McuUtils: dumpFrame:41 mcu send=[55,aa,00,03,0b,53,00,9f]
05-22 14:09:25.843648   327   376 I CarBodyManager: processMessage, mainCmdId = 0xb ,subCmdId = 0x53,body size = 2,body length = 2
05-22 14:09:25.843664   327   376 I CarBodyManager: processMessage, mcu(0x0B) readId = 0x0b53, mainCmdId = 0xb ,subCmdId = 0x53 , datalen = 2
05-22 14:09:25.843720   327   376 I Message : Message: Constructor
05-22 14:09:25.843862   327   376 D CarBodyManager: processMessage: mcu(0x0B) update property ID 2870005d ,mcuId = 0x0b53 transmit flag: 0
05-22 14:09:25.846163  1774  1794 I om.txznet.musi: Background concurrent copying GC freed 117823(10MB) AllocSpace objects, 311(16MB) LOS objects, 19% free, 99MB/123MB, paused 235us total 483.156ms
05-22 14:09:25.850123   327   559 I TemperatureManager: get_soc_temperature mcu socself temperature 4592
05-22 14:09:25.851084   902  2773 I CameraCheck_native: CameraCheck lockbuf:
05-22 14:09:25.851451   902  2773 I CameraCheck_native: CameraCheck fd:51
05-22 14:09:25.852398   902  2773 I CameraCheck_native: CameraCheck result:4
05-22 14:09:25.852512   902  2773 I CameraCheck_native: 111111 CameraCheck num:8
05-22 14:09:25.852639   902  2773 I CameraCheck_native: CameraCheck::currentStatus :8
05-22 14:09:25.852675   902  2773 I CameraCheck_native: CameraCheck::syncLock :8
05-22 14:09:25.852672   327   559 I TemperatureManager: get_panel_temperature mcu panel temperature 48
05-22 14:09:25.852928  1774  1976 D com.txznet.music.comm.core.SDKCore$3: [com.txznet.music.comm.core.SDKCore$3::lambda$onConnect$0]ComposePlayer::collectReportData
05-22 14:09:25.852928  1774  1976 D com.txznet.music.comm.core.SDKCore$3: [SDKCore.java:69]
05-22 14:09:25.853662  1774 12137 D com.txznet.music.comm.core.SDKCore$3: [com.txznet.music.comm.core.SDKCore$3::lambda$onConnect$0]ComposePlayer::LocalDiskCaches: begin auto clean ...
05-22 14:09:25.853662  1774 12137 D com.txznet.music.comm.core.SDKCore$3: [SDKCore.java:69]
05-22 14:09:25.856040  1774  1891 I ServiceManager: using oneway flag for command: txz.music.inner.musicModel, target = com.txznet.txz
05-22 14:09:25.856756  1774  1774 E com.txznet.music.comm.core.SDKCore$3: [com.txznet.music.comm.core.SDKCore$3::lambda$onConnect$0]ComposePlayer::PlayControl: onPlaybackStateChanged error=DISK_SPACE_NOT_ENOUGH
05-22 14:09:25.856756  1774  1774 E com.txznet.music.comm.core.SDKCore$3: [SDKCore.java:69]
05-22 14:09:25.856892  1466  7810 D com.txznet.comm.remote.ServiceHandlerBase: [com.txznet.comm.remote.ServiceHandlerBase::preInvoke]music:receive:handler:AIDL:com.txznet.txz,from:com.txznet.music/txz.music.inner.musicModel[Proguard:2]
05-22 14:09:25.857094  1466  7810 D com.txznet.txz.O00000o.O0000oOo.O0000oo::O000000o: CORE:MUSIC:receiver:command:inner.musicModel,from:com.txznet.music[Proguard:33]
05-22 14:09:25.857203  1774  1774 I KGSDK.PlayController: msg.what = 5, msg.arg1 = 2, msg.arg2 = 1
05-22 14:09:25.857267  1774  1774 I KGSDK.PlayController: currentThread:2 hashCode:180058306
05-22 14:09:25.857267  1466  7810 D com.txznet.txz.module.app.O0000Oo: [com.txznet.txz.module.app.O0000Oo::O0000o]NavThirdApp packageName:com.txznet.music[Proguard:1]
05-22 14:09:25.857313  1774  1774 I KGSDK.PlayController: msg= 5, 2, 1 - 180058306
05-22 14:09:25.857415  1466  7810 D com.txznet.txz.component.music.txz.MusicTongTing::getMusicVersionCode: MusicTongTing::getMusicVersion 10000[Proguard:6]
05-22 14:09:25.857523  1466  7810 I com.txznet.txz: oneway function results will be dropped but finished with status OK and parcel size 8
05-22 14:09:25.857532  1774  1774 D com.txznet.music.comm.core.SDKCore$3: [com.txznet.music.comm.core.SDKCore$3::lambda$onConnect$0]ComposePlayer::MediaClient: onPlaybackStateChanged: 
05-22 14:09:25.857532  1774  1774 D com.txznet.music.comm.core.SDKCore$3: [SDKCore.java:69]
05-22 14:09:25.857691  1774 12144 D com.txznet.music.comm.core.SDKCore$3: [com.txznet.music.comm.core.SDKCore$3::lambda$onConnect$0]ComposePlayer::LocalDiskCaches: begin auto clean ...
