11-27 10:09:11.604438   347  5619 I resolv  : resolv_cache_lookup: FOUND IN CACHE entry=0xb400f506da097b30
11-27 10:09:11.604465   347  5619 D resolv  : GetHostByNameHandler::run: result: Success
11-27 10:09:11.605282  1087  2195 D NetworkMonitor/103: isDataStall: result=false, tcp packets received=10084, latest tcp fail rate=-1
11-27 10:09:11.630625   359   444 D McuUtils: dumpFrame:88 mcu read=[55,AA,03,11,13,02,30,00,00,00,02,35,08,00,00,00,00,01,39,10,00,21]
11-27 10:09:11.630781   359   440 D McuUtils: dumpFrame:88 mcu send=[55,AA,00,03,13,02,30,B8]
11-27 10:09:11.662869  1087  1787 D NetworkMonitor/102: isDataStall: result=null, tcp packets received=0, latest tcp fail rate=-1, consecutive dns timeout count=0
11-27 10:09:11.687853   641   737 I ConnectivityService: NetworkCheck networkType Ethernet, isAvailable:true, mIsAvailable:true, time 90ms, info:PING www.a.shifen.com (157.148.69.74) 56(84) bytes of data.
11-27 10:09:11.687853   641   737 I ConnectivityService: 64 bytes from 157.148.69.74: icmp_seq=1 ttl=52 time=78.3 ms
11-27 10:09:11.687853   641   737 I ConnectivityService: 
11-27 10:09:11.687853   641   737 I ConnectivityService: --- www.a.shifen.com ping statistics ---
11-27 10:09:11.687853   641   737 I ConnectivityService: 1 packets transmitted, 1 received, 0% packet loss, time 0ms
11-27 10:09:11.687853   641   737 I ConnectivityService: rtt min/avg/max/mdev = 78.336/78.336/78.336/0.000 ms
11-27 10:09:11.690621   359   444 D McuUtils: dumpFrame:88 mcu read=[55,AA,03,04,0B,80,00,64,0D]
11-27 10:09:11.690768   359   440 D McuUtils: dumpFrame:88 mcu send=[55,AA,00,03,0B,80,00,72]
11-27 10:09:11.700621   359   444 D McuUtils: dumpFrame:88 mcu read=[55,AA,03,06,03,03,00,01,30,00,C3]
11-27 10:09:11.700784   359   440 D McuUtils: dumpFrame:88 mcu send=[55,AA,00,03,03,03,00,F7]
11-27 10:09:11.700849   359   440 I PowerManager: processMessage, mcu read id(0303) powerState = 1
11-27 10:09:11.716479   903   933 D PowerManagerService: handlePropertyEvent powerState = 1
11-27 10:09:11.716583   903   933 D BDKeyService: handlePropertyEvent property_id = ID_MCU_POWER_STATE
11-27 10:09:11.716610   903   933 D BDKeyService: handleKeyEvent ID_MCU_POWER_STATE = 1
11-27 10:09:11.755649   359   444 D McuUtils: dumpFrame:88 mcu read=[55,AA,03,06,0B,04,00,00,00,00,EB]
11-27 10:09:11.755805   359   440 D McuUtils: dumpFrame:88 mcu send=[55,AA,00,03,0B,04,00,EE]
11-27 10:09:11.756489   359   448 I TemperatureManager: get_soc_temperature mcu socself temperature 5580
11-27 10:09:11.767161   903   933 D PowerManagerService: handlePropertyEvent cpu temperature = 55.8
11-27 10:09:11.767306   359   448 I TemperatureManager: get_panel_temperature mcu panel temperature 48
11-27 10:09:11.778121   903   933 D PowerManagerService: handlePropertyEvent panel temperature = 48.0
11-27 10:09:11.830639   359   444 D McuUtils: dumpFrame:88 mcu read=[55,AA,03,11,13,02,30,00,00,00,02,35,08,00,00,00,00,01,39,00,00,31]
11-27 10:09:11.831506   359   440 D McuUtils: dumpFrame:88 mcu send=[55,AA,00,03,13,02,30,B8]
11-27 10:09:11.835580   359   444 D McuUtils: dumpFrame:88 mcu read=[55,AA,03,11,13,02,23,00,00,00,02,9E,08,0B,09,0A,1B,0B,17,00,00,B4]
11-27 10:09:11.835971   359   440 D McuUtils: dumpFrame:88 mcu send=[55,AA,00,03,13,02,23,C5]
11-27 10:09:11.840625   359   444 D McuUtils: dumpFrame:88 mcu read=[55,AA,03,11,13,02,5E,00,00,00,01,31,08,00,00,07,BB,00,00,00,00,80]
11-27 10:09:11.840779   359   440 D McuUtils: dumpFrame:88 mcu send=[55,AA,00,03,13,02,5E,8A]
11-27 10:09:11.965624   359   444 D McuUtils: dumpFrame:88 mcu read=[55,AA,03,06,0B,04,00,00,00,00,EB]
11-27 10:09:11.965790   359   440 D McuUtils: dumpFrame:88 mcu send=[55,AA,00,03,0B,04,00,EE]
11-27 10:09:11.990620   359   444 D McuUtils: dumpFrame:88 mcu read=[55,AA,03,04,0B,80,00,64,0D]
11-27 10:09:11.990768   359   440 D McuUtils: dumpFrame:88 mcu send=[55,AA,00,03,0B,80,00,72]
11-27 10:09:12.030648   359   444 D McuUtils: dumpFrame:88 mcu read=[55,AA,03,11,13,02,30,00,00,00,02,35,08,00,00,00,00,01,39,10,00,21]
11-27 10:09:12.030814   359   440 D McuUtils: dumpFrame:88 mcu send=[55,AA,00,03,13,02,30,B8]
11-27 10:09:12.042761  1123  3153 I CameraCheck_native: CameraCheck lockbuf:
11-27 10:09:12.042947  1123  3153 I CameraCheck_native: CameraCheck fd:56
11-27 10:09:12.047152  1123  3153 I CameraCheck_native: CameraCheck result:4
11-27 10:09:12.047282  1123  3153 I CameraCheck_native: 111111 CameraCheck num:8
11-27 10:09:12.047334  1123  3153 I CameraCheck_native: CameraCheck::currentStatus :8
11-27 10:09:12.047368  1123  3153 I CameraCheck_native: CameraCheck::syncLock :8
11-27 10:09:12.100609   359   444 D McuUtils: dumpFrame:88 mcu read=[55,AA,03,11,13,02,61,00,00,00,01,28,08,00,00,00,00,00,00,00,00,48]
11-27 10:09:12.100719   359   440 D McuUtils: dumpFrame:88 mcu send=[55,AA,00,03,13,02,61,87]
11-27 10:09:12.140606   359   444 D McuUtils: dumpFrame:88 mcu read=[55,AA,03,11,13,02,5E,00,00,00,01,31,08,00,00,07,BA,00,00,00,00,81]
11-27 10:09:12.140727   359   440 D McuUtils: dumpFrame:88 mcu send=[55,AA,00,03,13,02,5E,8A]
11-27 10:09:12.152268  3765  3765 I SensorModule: onFunctionValueChanged:funId(0x00101700) propId(INFO_ID_YRS_LONGIT_ACCE) funcValue(0x000007ba) propValue(1978)
11-27 10:09:12.152353  3765  3765 I MyCarLog-->10: myCar.CarFuncManager==>-->onSensorValueChanged: 1054464  value-0.021999955
11-27 10:09:12.170598   359   444 D McuUtils: dumpFrame:88 mcu read=[55,AA,03,06,0B,04,00,00,00,00,EB]
11-27 10:09:12.170717   359   440 D McuUtils: dumpFrame:88 mcu send=[55,AA,00,03,0B,04,00,EE]
11-27 10:09:12.190596   359   444 D McuUtils: dumpFrame:88 mcu read=[55,AA,03,07,0B,35,00,00,00,07,33,7F]
11-27 10:09:12.190729   359   440 D McuUtils: dumpFrame:88 mcu send=[55,AA,00,03,0B,35,00,BD]
11-27 10:09:12.195587   359   444 D McuUtils: dumpFrame:88 mcu read=[55,AA,03,07,0B,2C,00,00,00,D3,16,D9]
11-27 10:09:12.195671   359   440 D McuUtils: dumpFrame:88 mcu send=[55,AA,00,03,0B,2C,00,C6]
11-27 10:09:12.230602   359   444 D McuUtils: dumpFrame:88 mcu read=[55,AA,03,11,13,02,30,00,00,00,02,35,08,00,00,00,00,01,39,00,00,31]
11-27 10:09:12.230722   359   440 D McuUtils: dumpFrame:88 mcu send=[55,AA,00,03,13,02,30,B8]
11-27 10:09:12.290609   359   444 D McuUtils: dumpFrame:88 mcu read=[55,AA,03,04,0B,80,00,64,0D]
11-27 10:09:12.290762   359   440 D McuUtils: dumpFrame:88 mcu send=[55,AA,00,03,0B,80,00,72]
11-27 10:09:12.379486  1837  3163 I tbox_jni: subscribe ack is = 1.
11-27 10:09:12.380626   359   444 D McuUtils: dumpFrame:88 mcu read=[55,AA,03,06,0B,04,00,00,00,00,EB]
11-27 10:09:12.380702   359   440 D McuUtils: dumpFrame:88 mcu send=[55,AA,00,03,0B,04,00,EE]
11-27 10:09:12.383759  1837  3163 D tbox_jni: GNSSInfo subscribe ack is = 1
11-27 10:09:12.385539  1837  3163 I tbox_jni: tXCallInformation subscribe ack is = 1.
11-27 10:09:12.388736  1837  3163 I tbox_jni: TBoxSystemFunctionsSubscribeAckCallback 1
11-27 10:09:12.405394  1837  3164 D tbox_jni: tGNSSInformation_NeraDataTransmitionCallback size:397
11-27 10:09:12.405602  1837  3164 D tbox_jni: tGNSSInformation CallVoidMethod
11-27 10:09:12.405753  1837  3164 D TboxGNSSInformationManager.java: [ (TboxGNSSInformationManager.java:128)#OnNeraDataTransmition ] TboxGNSSInformationManager onNeraDataTransmition nmea
11-27 10:09:12.405894  1837  3164 D tbox_jni: tGNSSInformation DetachCurrentThread
11-27 10:09:12.405981  1837  3164 D tbox_jni: tGNSSInformation DetachCurrentThread end
11-27 10:09:12.406011  1837  3632 D TboxGNSSInformationManager.java: [ (TboxGNSSInformationManager.java:95)#HandleMessage ] handlerThread------Thread[GnssProdcerThread,5,main]
11-27 10:09:12.406098  1837  3632 D TboxGNSSInformationManager.java: [ (TboxGNSSInformationManager.java:197)#PutQueue ] ttyTBOXGPS message：$GPGSA,A,3,10,18,23,24,25,28,32,,,,,,0.9,0.5,0.7*3A
11-27 10:09:12.406098  1837  3632 D TboxGNSSInformationManager.java: $GPGSV,3,1,09,10,49,322,40,15,24,078,19,18,26,202,46,23,84,077,40*7A
11-27 10:09:12.406098  1837  3632 D TboxGNSSInformationManager.java: $GPGSV,3,2,09,25,27,158,33,28,10,227,36,32,27,293,44,12,35,113,*7C
11-27 10:09:12.406098  1837  3632 D TboxGNSSInformationManager.java: $GPGSV,3,3,09,24,40,040,*46
11-27 10:09:12.406098  1837  3632 D TboxGNSSInformationManager.java: $GPVTG,,T,,M,0.0,N,0.0,K,A*23
11-27 10:09:12.406098  1837  3632 D TboxGNSSInformationManager.java: $GPRMC,020912.00,A,3018.195847,N,12035.756662,E,0.0,,271123,4.3,W,A*0D
11-27 10:09:12.406098  1837  3632 D TboxGNSSInformationManager.java: $GPGGA,020912.00,3018.195847,N,12035.756662,E,1,12,0.5,16.2,M,8.0,M,,*60
11-27 10:09:12.406314  1837  3631 D TboxGNSSInformationManager.java: [ (TboxGNSSInformationManager.java:222)#SaveGNSSdata ] saveGNSSdata isTboxWriteDataRunning：true line:$GPGSA,A,3,10,18,23,24,25,28,32,,,,,,0.9,0.5,0.7*3A
11-27 10:09:12.406314  1837  3631 D TboxGNSSInformationManager.java: $GPGSV,3,1,09,10,49,322,40,15,24,078,19,18,26,202,46,23,84,077,40*7A
11-27 10:09:12.406314  1837  3631 D TboxGNSSInformationManager.java: $GPGSV,3,2,09,25,27,158,33,28,10,227,36,32,27,293,44,12,35,113,*7C
11-27 10:09:12.406314  1837  3631 D TboxGNSSInformationManager.java: $GPGSV,3,3,09,24,40,040,*46
11-27 10:09:12.406314  1837  3631 D TboxGNSSInformationManager.java: $GPVTG,,T,,M,0.0,N,0.0,K,A*23
11-27 10:09:12.406314  1837  3631 D TboxGNSSInformationManager.java: $GPRMC,020912.00,A,3018.195847,N,12035.756662,E,0.0,,271123,4.3,W,A*0D
11-27 10:09:12.406314  1837  3631 D TboxGNSSInformationManager.java: $GPGGA,020912.00,3018.195847,N,12035.756662,E,1,12,0.5,16.2,M,8.0,M,,*60
11-27 10:09:12.406559   368  1065 D unicore_gps: nmea parse(pos=51,f=00): $GPGSA,A,3,10,18,23,24,25,28,32,,,,,,0.9,0.5,0.7*3A 
11-27 10:09:12.406904   368  1065 D unicore_gps: r fix_tmp flags has no acc ,gsa acc backup working
11-27 10:09:12.406940   368  1065 D unicore_gps: nmea parse(pos=68,f=00): $GPGSV,3,1,09,10,49,322,40,15,24,078,19,18,26,202,46,23,84,077,40*7A 
11-27 10:09:12.407047   368  1065 D unicore_gps: r fix_tmp flags has no acc ,gsa acc backup working
11-27 10:09:12.407090   368  1065 D unicore_gps: nmea parse(pos=66,f=00): $GPGSV,3,2,09,25,27,158,33,28,10,227,36,32,27,293,44,12,35,113,*7C 
11-27 10:09:12.407185   368  1065 D unicore_gps: r fix_tmp flags has no acc ,gsa acc backup working
11-27 10:09:12.407217   368  1065 D unicore_gps: nmea parse(pos=27,f=00): $GPGSV,3,3,09,24,40,040,*46 
11-27 10:09:12.407379   368  1065 D unicore_gps: r fix_tmp flags has no acc ,gsa acc backup working
11-27 10:09:12.407409   368  1065 D unicore_gps: nmea parse(pos=29,f=00): $GPVTG,,T,,M,0.0,N,0.0,K,A*23 
11-27 10:09:12.407630   368  1065 D unicore_gps: r fix_tmp flags has no acc ,gsa acc backup working
11-27 10:09:12.407661   368  1065 D unicore_gps: nmea parse(pos=70,f=00): $GPRMC,020912.00,A,3018.195847,N,12035.756662,E,0.0,,271123,4.3,W,A*0D 
11-27 10:09:12.407819   368  1065 D unicore_gps: nmea parse(pos=72,f=05): $GPGGA,020912.00,3018.195847,N,12035.756662,E,1,12,0.5,16.2,M,8.0,M,,*60 
11-27 10:09:12.408001   368  1065 D unicore_gps: r fix_tmp flags has no acc ,gsa acc backup working
11-27 10:09:12.408032   368  1065 D unicore_gps: short nmea
11-27 10:09:12.409152   368  1064 D unicore_gps: __gps_timer_thread:2328__ flags=0x00000017 changed=1 num_svs=9
11-27 10:09:12.409205   368  1064 D unicore_gps: gps fix cb: ts=12.000 flags=0x17, lat=30.303264, lon=120.595944, alt=16.20, spd=0.00, cog=0.00
11-27 10:09:12.410293   641   761 D GnssLocationProvider: WakeLock acquired by sendMessage(REPORT_LOCATION, 1, Location[gps 30.303264,120.595944 hAcc=1 et=+8m17s13ms alt=16.2 vel=0.0 vAcc=??? sAcc=??? bAcc=???])
11-27 10:09:12.410463   368  1064 D unicore_gps: sv_list[] =  (G10,40,U) (G12,0,-) (G15,19,-) (G18,46,U) (G23,40,U) (G24,0,U) (G25,33,U) (G28,36,U)
11-27 10:09:12.410463   368  1064 D unicore_gps: 	 (G32,44,U)
11-27 10:09:12.410603   641   761 D GnssLocationProvider: WakeLock acquired by sendMessage(REPORT_SV_STATUS, 0, com.android.server.location.gnss.GnssLocationProvider$SvStatusInfo@29ac252)
11-27 10:09:12.424802   641   658 D GnssLocationProvider: WakeLock released by handleMessage(REPORT_LOCATION, 1, Location[gps 30.303264,120.595944 hAcc=1 et=+8m17s13ms alt=16.2 vel=0.0 vAcc=??? sAcc=??? bAcc=??? {Bundle[{satellites=7, maxCn0=46, meanCn0=34}]}])
11-27 10:09:12.425525   641   658 D GnssLocationProvider: WakeLock released by handleMessage(REPORT_SV_STATUS, 0, com.android.server.location.gnss.GnssLocationProvider$SvStatusInfo@29ac252)
11-27 10:09:12.428310  3099  3099 D AutoTest_NavTask: query star = 7  gpsCount = 7  bdCount = 0
11-27 10:09:12.439476   359   451 I VehicleEmulator_v2_0: doSetValueToCan:257  propid: 297002e6
11-27 10:09:12.439555   359   451 D McuUtils: dumpFrame:88 mcu send=[55,AA,03,09,13,01,00,00,01,03,00,CB,00,14]
11-27 10:09:12.439639   903  2167 D MapInfoReceiver: setProperty INFO_ID_MMI_NAV_RAMP_DISTANCE nextRampDistance:null,rampDistanceLevel:0
11-27 10:09:12.440613   359   444 D McuUtils: dumpFrame:88 mcu read=[55,AA,03,11,13,02,5E,00,00,00,01,31,08,00,00,07,B9,00,00,00,00,82]
11-27 10:09:12.440665   359   440 D McuUtils: dumpFrame:88 mcu send=[55,AA,00,03,13,02,5E,8A]
11-27 10:09:12.451973  3765  3765 I SensorModule: onFunctionValueChanged:funId(0x00101700) propId(INFO_ID_YRS_LONGIT_ACCE) funcValue(0x000007b9) propValue(1977)
11-27 10:09:12.452086  3765  3765 I MyCarLog-->10: myCar.CarFuncManager==>-->onSensorValueChanged: 1054464  value-0.023000002
11-27 10:09:12.465595   359   444 D McuUtils: dumpFrame:88 mcu read=[55,AA,00,03,13,01,00,E9]
11-27 10:09:12.535606   359   444 D McuUtils: dumpFrame:88 mcu read=[55,AA,03,34,01,0B,00,04,00,04,00,00,00,00,00,00,00,00,00,22,00,21,46,00,00,02,01,1F,6B,00,00,01,80,00,00,00,01,2A,0C,15,01,0F,81,B0,01,0F,81,B0,01,2A,0C,15,00,00,6A,56,47]
11-27 10:09:12.535692   359   440 D McuUtils: dumpFrame:88 mcu send=[55,AA,00,03,01,0B,00,F1]
11-27 10:09:12.591332   359   444 D McuUtils: dumpFrame:88 mcu read=[55,AA,03,04,03,22,00,01,D6]
11-27 10:09:12.591415   359   440 D McuUtils: dumpFrame:88 mcu send=[55,AA,00,03,03,22,00,D8]
11-27 10:09:12.595573   359   444 D McuUtils: dumpFrame:88 mcu read=[55,AA,03,06,0B,04,00,00,00,00,EB]
11-27 10:09:12.595628   359   440 D McuUtils: dumpFrame:88 mcu send=[55,AA,00,03,0B,04,00,EE]
11-27 10:09:12.600597   359   444 D McuUtils: dumpFrame:88 mcu read=[55,AA,03,05,0B,53,00,1F,FF,7F]
11-27 10:09:12.600651   359   444 D McuUtils: dumpFrame:88 mcu read=[55,AA,03,04,0B,80,00,64,0D]
11-27 10:09:12.600675   359   440 D McuUtils: dumpFrame:88 mcu send=[55,AA,00,03,0B,53,00,9F]
11-27 10:09:12.600743   359   440 D McuUtils: dumpFrame:88 mcu send=[55,AA,00,03,0B,80,00,72]
11-27 10:09:12.605659   359   444 D McuUtils: dumpFrame:88 mcu read=[55,AA,03,04,0B,0E,00,02,E1]
11-27 10:09:12.605725   359   440 D McuUtils: dumpFrame:88 mcu send=[55,AA,00,03,0B,0E,00,E4]
11-27 10:09:12.614383   433   433 W cp      : VehicleService[412]:Jan  1 00:08:15.823980 [  499.193396]: [CHECK_ONCHANGE_EVENT]: PowerMode
11-27 10:09:12.614536   433   433 W cp      : MixtureService[416]:Jan  1 00:08:15.824680 [  499.194081]: handlemPowerMode ------------------ Power1
11-27 10:09:12.614598   433   433 W cp      : MixtureService[416]:Jan  1 00:08:15.824993 [  499.194433]: ProcesshandlemPowerMode ------------------ Power1
11-27 10:09:12.630601   359   444 D McuUtils: dumpFrame:88 mcu read=[55,AA,03,11,13,02,30,00,00,00,02,35,08,00,00,00,00,01,39,10,00,21]
11-27 10:09:12.630685   359   440 D McuUtils: dumpFrame:88 mcu send=[55,AA,00,03,13,02,30,B8]
11-27 10:09:12.647106  3410  3431 I TXZ_NATIVE_ASR: [_Unisound_AsrEngineFeedData] kws real ratio = 0.080225,proc total pcm=179863ms [2047]
11-27 10:09:12.740610   359   444 D McuUtils: dumpFrame:88 mcu read=[55,AA,03,11,13,02,5E,00,00,00,01,31,08,00,00,07,BA,00,00,00,00,81]
11-27 10:09:12.740712   359   440 D McuUtils: dumpFrame:88 mcu send=[55,AA,00,03,13,02,5E,8A]
11-27 10:09:12.752342  3765  3765 I SensorModule: onFunctionValueChanged:funId(0x00101700) propId(INFO_ID_YRS_LONGIT_ACCE) funcValue(0x000007ba) propValue(1978)
11-27 10:09:12.752575  3765  3765 I MyCarLog-->10: myCar.CarFuncManager==>-->onSensorValueChanged: 1054464  value-0.021999955
11-27 10:09:12.757912   359   451 I VehicleEmulator_v2_0: doSetValueToMcuTransparent  propid: 28700065
11-27 10:09:12.757980   359   451 D McuUtils: dumpFrame:88 mcu send=[55,AA,03,13,01,0A,00,37,30,FF,FF,FF,FF,FF,FF,FF,FF,00,FF,00,FF,00,00,85]
11-27 10:09:12.758066   359   451 I VehicleEmulator_v2_0: doSetValueToMcuTransparent  propid: 28700065
11-27 10:09:12.758096   359   451 D McuUtils: dumpFrame:88 mcu send=[55,AA,03,0B,1F,17,00,00,FF,00,FF,FF,00,FF,FF,C4]
11-27 10:09:12.758211   359   451 I VehicleEmulator_v2_0: doSetValueToMcuTransparent  propid: 28700065
11-27 10:09:12.758255   359   451 D McuUtils: dumpFrame:88 mcu send=[55,AA,03,11,1F,13,00,00,00,00,00,FF,FF,FF,FF,00,FF,FF,FF,FF,FF,C6]
11-27 10:09:12.775724   359   444 D McuUtils: dumpFrame:88 mcu read=[55,AA,00,03,01,0A,00,F2]
11-27 10:09:12.780621   359   444 D McuUtils: dumpFrame:88 mcu read=[55,AA,00,03,1F,17,00,C7]
11-27 10:09:12.785634   359   444 D McuUtils: dumpFrame:88 mcu read=[55,AA,00,03,1F,13,00,CB]
11-27 10:09:12.790613   359   444 D McuUtils: dumpFrame:88 mcu read=[55,AA,01,04,03,14,00,00,E5]
11-27 10:09:12.790810   359   440 I PowerManager: processMessage, mcu read id(0314) status = 0
11-27 10:09:12.791539   433   433 S r52     : ipc:CP Heartbeat---
11-27 10:09:12.795587   359   444 D McuUtils: dumpFrame:88 mcu read=[55,AA,03,06,03,08,00,00,0D,08,DA]
11-27 10:09:12.795687   359   440 D McuUtils: dumpFrame:88 mcu send=[55,AA,00,03,03,08,00,F2]
11-27 10:09:12.795738   359   440 I PowerManager: processMessage, mcu read id(0308) State = 0
11-27 10:09:12.800601   359   444 D McuUtils: dumpFrame:88 mcu read=[55,AA,00,03,03,13,00,E7]
11-27 10:09:12.800673   359   444 D McuUtils: dumpFrame:88 mcu read=[55,AA,03,06,0B,04,00,00,00,00,EB]
11-27 10:09:12.800731   359   440 D McuUtils: dumpFrame:88 mcu send=[55,AA,00,03,0B,04,00,EE]
11-27 10:09:12.830620   359   444 D McuUtils: dumpFrame:88 mcu read=[55,AA,03,11,13,02,30,00,00,00,02,35,08,00,00,00,00,01,39,00,00,31]
11-27 10:09:12.830759   359   440 D McuUtils: dumpFrame:88 mcu send=[55,AA,00,03,13,02,30,B8]
11-27 10:09:12.840637   359   444 D McuUtils: dumpFrame:88 mcu read=[55,AA,03,11,13,02,23,00,00,00,02,9E,08,0C,09,0A,1B,0B,17,00,00,B3]
11-27 10:09:12.840804   359   440 D McuUtils: dumpFrame:88 mcu send=[55,AA,00,03,13,02,23,C5]
11-27 10:09:12.890627   359   444 D McuUtils: dumpFrame:88 mcu read=[55,AA,03,04,0B,80,00,64,0D]
11-27 10:09:12.890795   359   440 D McuUtils: dumpFrame:88 mcu send=[55,AA,00,03,0B,80,00,72]
11-27 10:09:12.908323  5141  5144 I TXZ_NATIVE_MicArray: [UniMicArray_Process] MicArray real ratio = 0.407600, total proc size=2880000 pcm time=180000ms [705]
11-27 10:09:12.918439   433   433 D cp      : ARHUDAPP[289]:Jan  1 00:08:16.131983 Debug: QJsonObject({"ID":"calibrationSend","RWFlag":0,"ackFlag":0,"data":[0],"dataID":0,"dataLength":0,"dataType":5,"frameType":0})
11-27 10:09:12.918561   433   433 D cp      : ARHUDAPP[289]:Jan  1 00:08:16.133182 Debug: sendData "{\"ID\":\"calibrationSend\",\"RWFlag\":0,\"ackFlag\":0,\"data\":[0],\"dataID\":0,\"dataLength\":0,\"dataType\":5,\"frameType\":0}"
11-27 10:09:12.918596   433   433 W cp      : HUDService[422]:Jan  1 00:08:16.133683 [  499.503098]: SendCalibration msg: {"ID":"calibrationSend","RWFlag":0,"ackFlag":0,"data":[0],"dataID":0,"dataLength":0,"dataType":5,"frameType":0}
11-27 10:09:12.918613   433   433 W cp      : HUDService[422]:Jan  1 00:08:16.134006 [  499.503438]: DHU: DHU_CAL_RWFlag:0 | DHU_CAL_AckFlag:0 | DHU_CAL_Datalength:0 | DHU_CAL_DataID:0 | DHU_CAL_FrameType:0 | DHU_CAL_DataType:5 | DHU_CAL_Data:0
11-27 10:09:13.010618   359   444 D McuUtils: dumpFrame:88 mcu read=[55,AA,03,06,0B,04,00,00,00,00,EB]
11-27 10:09:13.010776   359   440 D McuUtils: dumpFrame:88 mcu send=[55,AA,00,03,0B,04,00,EE]
11-27 10:09:13.040663   359   444 D McuUtils: dumpFrame:88 mcu read=[55,AA,03,11,13,02,5E,00,00,00,01,31,08,00,00,07,B9,00,00,00,00,82]
11-27 10:09:13.040825   359   440 D McuUtils: dumpFrame:88 mcu send=[55,AA,00,03,13,02,5E,8A]
11-27 10:09:13.047496  1123  3153 I CameraCheck_native: CameraCheck lockbuf:
11-27 10:09:13.047618  1123  3153 I CameraCheck_native: CameraCheck fd:56
11-27 10:09:13.050138  1123  3153 I CameraCheck_native: CameraCheck result:4
11-27 10:09:13.050200  1123  3153 I CameraCheck_native: 111111 CameraCheck num:8
11-27 10:09:13.050246  1123  3153 I CameraCheck_native: CameraCheck::currentStatus :8
11-27 10:09:13.050280  1123  3153 I CameraCheck_native: CameraCheck::syncLock :8
11-27 10:09:13.052267  3765  3765 I SensorModule: onFunctionValueChanged:funId(0x00101700) propId(INFO_ID_YRS_LONGIT_ACCE) funcValue(0x000007b9) propValue(1977)
11-27 10:09:13.052393  3765  3765 I MyCarLog-->10: myCar.CarFuncManager==>-->onSensorValueChanged: 1054464  value-0.023000002
11-27 10:09:13.120632   359   444 D McuUtils: dumpFrame:88 mcu read=[55,AA,03,11,13,02,62,00,00,00,01,25,08,00,00,01,08,00,00,00,00,41]
11-27 10:09:13.120807   359   440 D McuUtils: dumpFrame:88 mcu send=[55,AA,00,03,13,02,62,86]
11-27 10:09:13.177996  1837  3164 I tbox_jni: tTboxBaseInformation_TboxBaseInformationCallback
11-27 10:09:13.178615  1837  3164 I tbox_jni: tTboxBaseInformation oper:46001 quality:5
11-27 10:09:13.178808  1837  3164 D TboxBaseInfomationManager.java: [ (TboxBaseInfomationManager.java:153)#OnNetworkTypeChanged ] onNetworkTypeChanged: type:4
11-27 10:09:13.179008  1837  3164 D TboxService.java: [ (TboxService.java:1230)#DealonNetworkTypeChanged ] dealonNetworkTypeChanged getRegisteredCallbackCount N ==1
11-27 10:09:13.179092  1837  3164 D TboxService.java: [ (TboxService.java:1236)#DealonNetworkTypeChanged ] dealonNetworkTypeChanged data ==4
11-27 10:09:13.179551  1034  1072 D TboxManager.java: [ (TboxManager.java:220)#OnNetworkTypeChanged ] [onNetworkTypeChanged] 4
11-27 10:09:13.179764  1034  1034 E TboxControllerImpl: PhoneStatus registerListener onNetworkTypeChanged i = 4,mNetworkType=4
11-27 10:09:13.179880  1837  3164 D TboxBaseInfomationManager.java: [ (TboxBaseInfomationManager.java:265)#NotifyNetworkStatus ] notifyNetworkStatus for Android tboxType=2
11-27 10:09:13.181597  1837  3164 D TboxBaseInfomationManager.java: [ (TboxBaseInfomationManager.java:168)#OnOperatorChanged ] onOperatorChanged: operator:46001
11-27 10:09:13.181896  1837  3164 D TboxService.java: [ (TboxService.java:1258)#DealonOperatorChanged ] dealonOperatorChanged getRegisteredCallbackCount N ==1
11-27 10:09:13.182059  1837  3164 D TboxService.java: [ (TboxService.java:1264)#DealonOperatorChanged ] dealonOperatorChanged data ==46001
11-27 10:09:13.182410  1034  1072 D TboxManager.java: [ (TboxManager.java:234)#OnOperatorChanged ] [onOperatorChanged] 46001
11-27 10:09:13.182613  1837  3164 D TboxBaseInfomationManager.java: [ (TboxBaseInfomationManager.java:179)#OnNetworkAvailable ] onNetworkAvailable: state:1
11-27 10:09:13.182719  1837  3164 D TboxService.java: [ (TboxService.java:1286)#DealonNetworkAvailable ] dealonNetworkAvailable getRegisteredCallbackCount N ==1
11-27 10:09:13.182786  1837  3164 D TboxService.java: [ (TboxService.java:1292)#DealonNetworkAvailable ] dealonNetworkAvailable state ==1
11-27 10:09:13.183041  1034  1072 D TboxManager.java: [ (TboxManager.java:248)#OnNetworkAvailable ] [onNetworkAvailable] 1
11-27 10:09:13.183259  1837  3164 D TboxBaseInfomationManager.java: [ (TboxBaseInfomationManager.java:194)#OnQualityChanged ] onQualityChanged: quality:5
11-27 10:09:13.183347  1837  3164 D TboxService.java: [ (TboxService.java:1314)#DealonQualityChanged ] dealonQualityChanged getRegisteredCallbackCount N ==1
11-27 10:09:13.183410  1837  3164 D TboxService.java: [ (TboxService.java:1320)#DealonQualityChanged ] dealonQualityChanged state ==5
11-27 10:09:13.183714  1034  1072 D TboxManager.java: [ (TboxManager.java:262)#OnQualityChanged ] [onQualityChanged] 5
11-27 10:09:13.183859  1034  1034 D TboxControllerImpl: PhoneStatus registerListener onQualityChanged i = 5,mQuality=5
11-27 10:09:13.190643   359   444 D McuUtils: dumpFrame:88 mcu read=[55,AA,03,04,0B,80,00,64,0D]
11-27 10:09:13.190789   359   440 D McuUtils: dumpFrame:88 mcu send=[55,AA,00,03,0B,80,00,72]
11-27 10:09:13.195628   359   444 D McuUtils: dumpFrame:88 mcu read=[55,AA,03,07,0B,35,00,00,00,07,34,7E]
11-27 10:09:13.195773   359   444 D McuUtils: dumpFrame:88 mcu read=[55,AA,03,07,0B,2C,00,00,00,D3,17,D8]
11-27 10:09:13.195797   359   440 D McuUtils: dumpFrame:88 mcu send=[55,AA,00,03,0B,35,00,BD]
11-27 10:09:13.195850   359   440 D McuUtils: dumpFrame:88 mcu send=[55,AA,00,03,0B,2C,00,C6]
11-27 10:09:13.220632   359   444 D McuUtils: dumpFrame:88 mcu read=[55,AA,03,06,0B,04,00,00,00,00,EB]
11-27 10:09:13.220803   359   440 D McuUtils: dumpFrame:88 mcu send=[55,AA,00,03,0B,04,00,EE]
11-27 10:09:13.230708   359   444 D McuUtils: dumpFrame:88 mcu read=[55,AA,03,11,13,02,30,00,00,00,02,35,08,00,00,00,00,01,39,10,00,21]
11-27 10:09:13.230859   359   440 D McuUtils: dumpFrame:88 mcu send=[55,AA,00,03,13,02,30,B8]
11-27 10:09:13.340632   359   444 D McuUtils: dumpFrame:88 mcu read=[55,AA,03,11,13,02,5E,00,00,00,01,31,08,00,00,07,B9,00,00,00,00,82]
11-27 10:09:13.340799   359   440 D McuUtils: dumpFrame:88 mcu send=[55,AA,00,03,13,02,5E,8A]
11-27 10:09:13.390593   359   444 D McuUtils: dumpFrame:88 mcu read=[55,AA,03,05,0B,32,00,00,02,BC]
11-27 10:09:13.390676   359   440 D McuUtils: dumpFrame:88 mcu send=[55,AA,00,03,0B,32,00,C0]
11-27 10:09:13.400687  1837  3163 I tbox_jni: subscribe ack is = 1.
11-27 10:09:13.402902  1837  3163 D tbox_jni: GNSSInfo subscribe ack is = 1
11-27 10:09:13.402990  1837  3163 I tbox_jni: tXCallInformation subscribe ack is = 1.
11-27 10:09:13.407500  1837  3163 I tbox_jni: TBoxSystemFunctionsSubscribeAckCallback 1
11-27 10:09:13.413073  1837  3164 D tbox_jni: tGNSSInformation_NeraDataTransmitionCallback size:397
11-27 10:09:13.413291  1837  3164 D tbox_jni: tGNSSInformation CallVoidMethod
11-27 10:09:13.413421  1837  3164 D TboxGNSSInformationManager.java: [ (TboxGNSSInformationManager.java:128)#OnNeraDataTransmition ] TboxGNSSInformationManager onNeraDataTransmition nmea
11-27 10:09:13.413537  1837  3164 D tbox_jni: tGNSSInformation DetachCurrentThread
11-27 10:09:13.413590  1837  3164 D tbox_jni: tGNSSInformation DetachCurrentThread end
11-27 10:09:13.413780  1837  3632 D TboxGNSSInformationManager.java: [ (TboxGNSSInformationManager.java:95)#HandleMessage ] handlerThread------Thread[GnssProdcerThread,5,main]
11-27 10:09:13.413842  1837  3632 D TboxGNSSInformationManager.java: [ (TboxGNSSInformationManager.java:197)#PutQueue ] ttyTBOXGPS message：$GPGSA,A,3,10,18,23,24,25,28,32,,,,,,0.9,0.5,0.7*3A
11-27 10:09:13.413842  1837  3632 D TboxGNSSInformationManager.java: $GPGSV,3,1,09,10,49,322,41,15,24,078,18,18,26,202,46,23,84,077,41*7B
11-27 10:09:13.413842  1837  3632 D TboxGNSSInformationManager.java: $GPGSV,3,2,09,25,27,158,33,28,10,227,36,32,27,293,44,12,35,113,*7C
11-27 10:09:13.413842  1837  3632 D TboxGNSSInformationManager.java: $GPGSV,3,3,09,24,40,040,*46
11-27 10:09:13.413842  1837  3632 D TboxGNSSInformationManager.java: $GPVTG,,T,,M,0.0,N,0.0,K,A*23
11-27 10:09:13.413842  1837  3632 D TboxGNSSInformationManager.java: $GPRMC,020913.00,A,3018.195809,N,12035.756706,E,0.0,,271123,4.3,W,A*05
11-27 10:09:13.413842  1837  3632 D TboxGNSSInformationManager.java: $GPGGA,020913.00,3018.195809,N,12035.756706,E,1,12,0.5,16.3,M,8.0,M,,*69
11-27 10:09:13.413978  1837  3631 D TboxGNSSInformationManager.java: [ (TboxGNSSInformationManager.java:222)#SaveGNSSdata ] saveGNSSdata isTboxWriteDataRunning：true line:$GPGSA,A,3,10,18,23,24,25,28,32,,,,,,0.9,0.5,0.7*3A
11-27 10:09:13.413978  1837  3631 D TboxGNSSInformationManager.java: $GPGSV,3,1,09,10,49,322,41,15,24,078,18,18,26,202,46,23,84,077,41*7B
11-27 10:09:13.413978  1837  3631 D TboxGNSSInformationManager.java: $GPGSV,3,2,09,25,27,158,33,28,10,227,36,32,27,293,44,12,35,113,*7C
11-27 10:09:13.413978  1837  3631 D TboxGNSSInformationManager.java: $GPGSV,3,3,09,24,40,040,*46
11-27 10:09:13.413978  1837  3631 D TboxGNSSInformationManager.java: $GPVTG,,T,,M,0.0,N,0.0,K,A*23
11-27 10:09:13.413978  1837  3631 D TboxGNSSInformationManager.java: $GPRMC,020913.00,A,3018.195809,N,12035.756706,E,0.0,,271123,4.3,W,A*05
11-27 10:09:13.413978  1837  3631 D TboxGNSSInformationManager.java: $GPGGA,020913.00,3018.195809,N,12035.756706,E,1,12,0.5,16.3,M,8.0,M,,*69
11-27 10:09:13.414158   368  1065 D unicore_gps: nmea parse(pos=51,f=00): $GPGSA,A,3,10,18,23,24,25,28,32,,,,,,0.9,0.5,0.7*3A 
11-27 10:09:13.414386   368  1065 D unicore_gps: r fix_tmp flags has no acc ,gsa acc backup working
11-27 10:09:13.414408   368  1065 D unicore_gps: nmea parse(pos=68,f=00): $GPGSV,3,1,09,10,49,322,41,15,24,078,18,18,26,202,46,23,84,077,41*7B 
11-27 10:09:13.414492   368  1065 D unicore_gps: r fix_tmp flags has no acc ,gsa acc backup working
11-27 10:09:13.414513   368  1065 D unicore_gps: nmea parse(pos=66,f=00): $GPGSV,3,2,09,25,27,158,33,28,10,227,36,32,27,293,44,12,35,113,*7C 
11-27 10:09:13.414588   368  1065 D unicore_gps: r fix_tmp flags has no acc ,gsa acc backup working
11-27 10:09:13.414615   368  1065 D unicore_gps: nmea parse(pos=27,f=00): $GPGSV,3,3,09,24,40,040,*46 
11-27 10:09:13.414688   368  1065 D unicore_gps: r fix_tmp flags has no acc ,gsa acc backup working
11-27 10:09:13.414720   368  1065 D unicore_gps: nmea parse(pos=29,f=00): $GPVTG,,T,,M,0.0,N,0.0,K,A*23 
11-27 10:09:13.414809   368  1065 D unicore_gps: r fix_tmp flags has no acc ,gsa acc backup working
11-27 10:09:13.414837   368  1065 D unicore_gps: nmea parse(pos=70,f=00): $GPRMC,020913.00,A,3018.195809,N,12035.756706,E,0.0,,271123,4.3,W,A*05 
11-27 10:09:13.414947   368  1065 D unicore_gps: nmea parse(pos=72,f=05): $GPGGA,020913.00,3018.195809,N,12035.756706,E,1,12,0.5,16.3,M,8.0,M,,*69 
11-27 10:09:13.415056   368  1065 D unicore_gps: r fix_tmp flags has no acc ,gsa acc backup working
11-27 10:09:13.415081   368  1065 D unicore_gps: short nmea
11-27 10:09:13.430722   359   444 D McuUtils: dumpFrame:88 mcu read=[55,AA,03,11,13,02,30,00,00,00,02,35,08,00,00,00,00,01,39,00,00,31]
11-27 10:09:13.430862   359   444 D McuUtils: dumpFrame:88 mcu read=[55,AA,03,06,0B,04,00,00,00,00,EB]
11-27 10:09:13.430884   359   440 D McuUtils: dumpFrame:88 mcu send=[55,AA,00,03,13,02,30,B8]
11-27 10:09:13.430999   359   440 D McuUtils: dumpFrame:88 mcu send=[55,AA,00,03,0B,04,00,EE]
11-27 10:09:13.440390   359   451 I VehicleEmulator_v2_0: doSetValueToCan:257  propid: 297002e6
11-27 10:09:13.440583   359   451 D McuUtils: dumpFrame:88 mcu send=[55,AA,03,09,13,01,00,00,01,03,00,CB,00,14]
11-27 10:09:13.440726   903  2167 D MapInfoReceiver: setProperty INFO_ID_MMI_NAV_RAMP_DISTANCE nextRampDistance:null,rampDistanceLevel:0
11-27 10:09:13.455623   359   444 D McuUtils: dumpFrame:88 mcu read=[55,AA,00,03,13,01,00,E9]
11-27 10:09:13.462198   368  1064 D unicore_gps: __gps_timer_thread:2328__ flags=0x00000017 changed=1 num_svs=9
11-27 10:09:13.462251   368  1064 D unicore_gps: gps fix cb: ts=13.000 flags=0x17, lat=30.303263, lon=120.595945, alt=16.30, spd=0.00, cog=0.00
11-27 10:09:13.463119   641   761 D GnssLocationProvider: WakeLock acquired by sendMessage(REPORT_LOCATION, 1, Location[gps 30.303263,120.595945 hAcc=1 et=+8m18s66ms alt=16.3 vel=0.0 vAcc=??? sAcc=??? bAcc=???])
11-27 10:09:13.463298   368  1064 D unicore_gps: sv_list[] =  (G10,41,U) (G12,0,-) (G15,18,-) (G18,46,U) (G23,41,U) (G24,0,U) (G25,33,U) (G28,36,U)
11-27 10:09:13.463298   368  1064 D unicore_gps: 	 (G32,44,U)
11-27 10:09:13.463538   641   761 D GnssLocationProvider: WakeLock acquired by sendMessage(REPORT_SV_STATUS, 0, com.android.server.location.gnss.GnssLocationProvider$SvStatusInfo@85e923)
11-27 10:09:13.471587   641   658 D GnssLocationProvider: WakeLock released by handleMessage(REPORT_LOCATION, 1, Location[gps 30.303263,120.595945 hAcc=1 et=+8m18s66ms alt=16.3 vel=0.0 vAcc=??? sAcc=??? bAcc=??? {Bundle[{satellites=7, maxCn0=46, meanCn0=34}]}])
11-27 10:09:13.473333   641   658 D GnssLocationProvider: WakeLock released by handleMessage(REPORT_SV_STATUS, 0, com.android.server.location.gnss.GnssLocationProvider$SvStatusInfo@85e923)
11-27 10:09:13.477043   813  2599 D bicv_permission_PermissionManagerService: isPermissionMasterEnable() result = true,perName = android.permission.ACCESS_FINE_LOCATION,calling pid =2521
11-27 10:09:13.477152  2521  2521 D bicv_permission_PermissionManager: checkPermission() called with: pkgName = [com.mojiweather], perName = [android.permission.ACCESS_FINE_LOCATION]
11-27 10:09:13.477242   813  2610 D bicv_permission_PermissionManagerService: checkPermission() called with: pkgName = [com.mojiweather], perName = [android.permission.ACCESS_FINE_LOCATION], calling pid = 2521
11-27 10:09:13.477304   813  2610 D bicv_permission_PermissionManagerService: isPermissionMasterEnable() result = true,perName = android.permission.ACCESS_FINE_LOCATION,calling pid =2521
11-27 10:09:13.477368   813  2610 D bicv_permission_PermissionManagerService: checkPermissionForApps() called with: pkgName = [com.mojiweather], perName = [android.permission.ACCESS_FINE_LOCATION], calling pid = 2521
11-27 10:09:13.477409   813  2610 D bicv_permission_PermissionManagerService: checkPermissionForApps() permissionResult = [0]
11-27 10:09:13.477427   813  2610 D bicv_permission_PermissionManagerService: checkPermission() permissionResult = [0]
11-27 10:09:13.477968   813  2582 D bicv_permission_PermissionManagerService: isPermissionMasterEnable() result = true,perName = android.permission.ACCESS_COARSE_LOCATION,calling pid =2521
11-27 10:09:13.477989  3099  3099 D AutoTest_NavTask: query star = 7  gpsCount = 7  bdCount = 0
11-27 10:09:13.478057  2521  2521 D bicv_permission_PermissionManager: checkPermission() called with: pkgName = [com.mojiweather], perName = [android.permission.ACCESS_COARSE_LOCATION]
11-27 10:09:13.478278   813  2582 D bicv_permission_PermissionManagerService: checkPermission() called with: pkgName = [com.mojiweather], perName = [android.permission.ACCESS_COARSE_LOCATION], calling pid = 2521
11-27 10:09:13.478335   813  2582 D bicv_permission_PermissionManagerService: isPermissionMasterEnable() result = true,perName = android.permission.ACCESS_COARSE_LOCATION,calling pid =2521
11-27 10:09:13.478430   813  2582 D bicv_permission_PermissionManagerService: checkPermissionForApps() called with: pkgName = [com.mojiweather], perName = [android.permission.ACCESS_COARSE_LOCATION], calling pid = 2521
11-27 10:09:13.478489   813  2582 D bicv_permission_PermissionManagerService: checkPermissionForApps() permissionResult = [0]
11-27 10:09:13.478513   813  2582 D bicv_permission_PermissionManagerService: checkPermission() permissionResult = [0]
11-27 10:09:13.490622   359   444 D McuUtils: dumpFrame:88 mcu read=[55,AA,03,04,0B,80,00,64,0D]
11-27 10:09:13.490785   359   440 D McuUtils: dumpFrame:88 mcu send=[55,AA,00,03,0B,80,00,72]
11-27 10:09:13.535644   359   444 D McuUtils: dumpFrame:88 mcu read=[55,AA,03,34,01,0B,00,04,00,04,00,00,00,00,00,00,00,00,00,22,00,21,36,00,00,02,00,1F,7F,00,00,01,80,00,00,00,01,2A,0C,16,01,0F,81,C6,01,0F,81,C6,01,2A,0C,16,00,00,6A,56,16]
11-27 10:09:13.536017   359   440 D McuUtils: dumpFrame:88 mcu send=[55,AA,00,03,01,0B,00,F1]
11-27 10:09:13.590683   359   444 D McuUtils: dumpFrame:88 mcu read=[55,AA,03,04,03,22,00,01,D6]
11-27 10:09:13.590815   359   440 D McuUtils: dumpFrame:88 mcu send=[55,AA,00,03,03,22,00,D8]
11-27 10:09:13.595754   359   444 D McuUtils: dumpFrame:88 mcu read=[55,AA,03,05,0B,53,00,1F,FF,7F]
11-27 10:09:13.595825   359   440 D McuUtils: dumpFrame:88 mcu send=[55,AA,00,03,0B,53,00,9F]
11-27 10:09:13.605032   433   433 W cp      : VehicleService[412]:Jan  1 00:08:16.822972 [  500.192378]: [CHECK_ONCHANGE_EVENT]: PowerMode
11-27 10:09:13.605096   433   433 W cp      : MixtureService[416]:Jan  1 00:08:16.823659 [  500.193091]: handlemPowerMode ------------------ Power1
11-27 10:09:13.605114   433   433 W cp      : MixtureService[416]:Jan  1 00:08:16.823769 [  500.193232]: ProcesshandlemPowerMode ------------------ Power1
11-27 10:09:13.630603   359   444 D McuUtils: dumpFrame:88 mcu read=[55,AA,03,11,13,02,30,00,00,00,02,35,08,00,00,00,00,01,39,10,00,21]
11-27 10:09:13.630727   359   440 D McuUtils: dumpFrame:88 mcu send=[55,AA,00,03,13,02,30,B8]
11-27 10:09:13.640608   359   444 D McuUtils: dumpFrame:88 mcu read=[55,AA,03,11,13,02,5E,00,00,00,01,31,08,00,00,07,B9,00,00,00,00,82]
11-27 10:09:13.641439   359   440 D McuUtils: dumpFrame:88 mcu send=[55,AA,00,03,13,02,5E,8A]
11-27 10:09:13.645594   359   444 D McuUtils: dumpFrame:88 mcu read=[55,AA,03,06,0B,04,00,00,00,00,EB]
11-27 10:09:13.645734   359   440 D McuUtils: dumpFrame:88 mcu send=[55,AA,00,03,0B,04,00,EE]
11-27 10:09:13.708888   641   737 I ConnectivityService: ping VGM result connect!
11-27 10:09:13.709024   641   737 I ConnectivityService: mNetDisconnectFlag:false, mNetDisconnectTime:0, currtime:498313
11-27 10:09:13.724761   641   737 I ConnectivityService: ping tbox result connect!
11-27 10:09:13.733515   347  5623 D resolv  : res_nquerydomain: (null, 1, 1)
11-27 10:09:13.733639   347  5623 D resolv  : res_nquery: (1, 1)
11-27 10:09:13.733693   347  5623 D resolv  : res_nmkquery: (QUERY, IN, A)
11-27 10:09:13.733754   347  5623 D resolv  : res_nsend
11-27 10:09:13.733800   347  5623 I resolv  : resolv_cache_lookup: lookup
11-27 10:09:13.733859   347  5623 I resolv  : resolv_cache_lookup: FOUND IN CACHE entry=0xb400f506da097b30
11-27 10:09:13.733935   347  5623 D resolv  : GetHostByNameHandler::run: result: Success
11-27 10:09:13.735597  1087  2195 D NetworkMonitor/103: isDataStall: result=false, tcp packets received=10084, latest tcp fail rate=-1
11-27 10:09:13.785594   359   444 D McuUtils: dumpFrame:88 mcu read=[55,AA,03,06,03,03,00,01,30,00,C3]
11-27 10:09:13.785693   359   440 D McuUtils: dumpFrame:88 mcu send=[55,AA,00,03,03,03,00,F7]
11-27 10:09:13.785786   359   440 I PowerManager: processMessage, mcu read id(0303) powerState = 1
11-27 10:09:13.790594   359   444 D McuUtils: dumpFrame:88 mcu read=[55,AA,03,04,0B,80,00,64,0D]
11-27 10:09:13.790920   359   440 D McuUtils: dumpFrame:88 mcu send=[55,AA,00,03,0B,80,00,72]
11-27 10:09:13.801714   903   933 D PowerManagerService: handlePropertyEvent powerState = 1
11-27 10:09:13.801870   903   933 D BDKeyService: handlePropertyEvent property_id = ID_MCU_POWER_STATE
11-27 10:09:13.801912   903   933 D BDKeyService: handleKeyEvent ID_MCU_POWER_STATE = 1
11-27 10:09:13.807052   433   433 W cp      : WarnService[418]:Jan  1 00:08:17.024293 [  500.393677]: WarningServer: Curr OnMessage ID is : 1Curr OnMessage Statu : 1
11-27 10:09:13.807176   433   433 W cp      : IVIService[420]:Jan  1 00:08:17.024351 [  500.393778]: IVIService: Curr OnMessage ID is : 0Curr OnMessage Statu : 1
11-27 10:09:13.807241   433   433 W cp      : service[413]:Jan  1 00:08:17.028822 [  500.398231]: DFSServer: Curr OnMessage ID is : 4Curr OnMessage Statu : 1
11-27 10:09:13.807290   433   433 W cp      : GaugeService[415]:Jan  1 00:08:17.029897 [  500.399325]: GaugeService: Curr OnMessage ID is : 8Curr OnMessage Statu : 1
11-27 10:09:13.807457   641   737 I ConnectivityService: NetworkCheck networkType Ethernet, isAvailable:true, mIsAvailable:true, time 83ms, info:PING www.a.shifen.com (157.148.69.74) 56(84) bytes of data.
11-27 10:09:13.807457   641   737 I ConnectivityService: 64 bytes from 157.148.69.74: icmp_seq=1 ttl=52 time=68.9 ms
11-27 10:09:13.807457   641   737 I ConnectivityService: 
11-27 10:09:13.807457   641   737 I ConnectivityService: --- www.a.shifen.com ping statistics ---
11-27 10:09:13.807457   641   737 I ConnectivityService: 1 packets transmitted, 1 received, 0% packet loss, time 0ms
11-27 10:09:13.807457   641   737 I ConnectivityService: rtt min/avg/max/mdev = 68.971/68.971/68.971/0.000 ms
11-27 10:09:13.830607   359   444 D McuUtils: dumpFrame:88 mcu read=[55,AA,03,11,13,02,30,00,00,00,02,35,08,00,00,00,00,01,39,00,00,31]
11-27 10:09:13.830744   359   440 D McuUtils: dumpFrame:88 mcu send=[55,AA,00,03,13,02,30,B8]
11-27 10:09:13.832721   433   433 W cp      : HUDService[422]:Jan  1 00:08:17.041498 [  500.410413]: HUDService: Curr OnMessage ID is : 6Curr OnMessage Statu : 1
11-27 10:09:13.840601   359   444 D McuUtils: dumpFrame:88 mcu read=[55,AA,03,11,13,02,23,00,00,00,02,9E,08,0D,09,0A,1B,0B,17,00,00,B2]
11-27 10:09:13.840698   359   440 D McuUtils: dumpFrame:88 mcu send=[55,AA,00,03,13,02,23,C5]
11-27 10:09:13.850581   359   444 D McuUtils: dumpFrame:88 mcu read=[55,AA,03,06,0B,04,00,00,00,00,EB]
11-27 10:09:13.850634   359   440 D McuUtils: dumpFrame:88 mcu send=[55,AA,00,03,0B,04,00,EE]
11-27 10:09:13.858272   433   433 W cp      : TelltaleService[419]:Jan  1 00:08:17.079773 [  500.449173]: TelltaleServer: Curr OnMessage ID is : 4Curr OnMessage Statu : 1
11-27 10:09:13.858402   433   433 W cp      : ConfigService[414]:Jan  1 00:08:17.089863 [  500.459295]: Config: Curr OnMessage ID is : 2Curr OnMessage Statu : 1
11-27 10:09:13.941338   359   444 D McuUtils: dumpFrame:88 mcu read=[55,AA,03,11,13,02,5E,00,00,00,01,31,08,00,00,07,B9,00,00,00,00,82]
11-27 10:09:13.941430   359   440 D McuUtils: dumpFrame:88 mcu send=[55,AA,00,03,13,02,5E,8A]
11-27 10:09:14.050444  1123  3153 I CameraCheck_native: CameraCheck lockbuf:
11-27 10:09:14.050606  1123  3153 I CameraCheck_native: CameraCheck fd:56
11-27 10:09:14.053120  1123  3153 I CameraCheck_native: CameraCheck result:4
11-27 10:09:14.053193  1123  3153 I CameraCheck_native: 111111 CameraCheck num:8
11-27 10:09:14.053241  1123  3153 I CameraCheck_native: CameraCheck::currentStatus :8
11-27 10:09:14.053273  1123  3153 I CameraCheck_native: CameraCheck::syncLock :8
11-27 10:09:14.066321   359   444 D McuUtils: dumpFrame:88 mcu read=[55,AA,03,06,0B,04,00,00,00,00,EB]
11-27 10:09:14.066407   359   440 D McuUtils: dumpFrame:88 mcu send=[55,AA,00,03,0B,04,00,EE]
11-27 10:09:14.090603   359   444 D McuUtils: dumpFrame:88 mcu read=[55,AA,03,04,0B,80,00,64,0D]
11-27 10:09:14.090707   359   440 D McuUtils: dumpFrame:88 mcu send=[55,AA,00,03,0B,80,00,72]
11-27 10:09:14.170601   359   444 D McuUtils: dumpFrame:88 mcu read=[55,AA,03,11,13,02,63,00,00,00,01,24,08,89,1A,EE,67,F8,CF,00,00,8B]
11-27 10:09:14.170700   359   440 D McuUtils: dumpFrame:88 mcu send=[55,AA,00,03,13,02,63,85]
11-27 10:09:14.195598   359   444 D McuUtils: dumpFrame:88 mcu read=[55,AA,03,07,0B,35,00,00,00,07,35,7D]
11-27 10:09:14.195662   359   444 D McuUtils: dumpFrame:88 mcu read=[55,AA,03,07,0B,2C,00,00,00,D3,18,D7]
11-27 10:09:14.195681   359   440 D McuUtils: dumpFrame:88 mcu send=[55,AA,00,03,0B,35,00,BD]
11-27 10:09:14.195720   359   440 D McuUtils: dumpFrame:88 mcu send=[55,AA,00,03,0B,2C,00,C6]
11-27 10:09:14.230602   359   444 D McuUtils: dumpFrame:88 mcu read=[55,AA,03,11,13,02,30,00,00,00,02,35,08,00,00,00,00,01,39,10,00,21]
11-27 10:09:14.230719   359   440 D McuUtils: dumpFrame:88 mcu send=[55,AA,00,03,13,02,30,B8]
11-27 10:09:14.240590   359   444 D McuUtils: dumpFrame:88 mcu read=[55,AA,03,11,13,02,5E,00,00,00,01,31,08,00,00,07,BA,00,00,00,00,81]
11-27 10:09:14.240674   359   440 D McuUtils: dumpFrame:88 mcu send=[55,AA,00,03,13,02,5E,8A]
11-27 10:09:14.242389  3765  3765 I SensorModule: onFunctionValueChanged:funId(0x00101700) propId(INFO_ID_YRS_LONGIT_ACCE) funcValue(0x000007ba) propValue(1978)
11-27 10:09:14.242522  3765  3765 I MyCarLog-->10: myCar.CarFuncManager==>-->onSensorValueChanged: 1054464  value-0.021999955
11-27 10:09:14.267667   359   448 I TemperatureManager: get_soc_temperature mcu socself temperature 5592
11-27 10:09:14.270595   359   444 D McuUtils: dumpFrame:88 mcu read=[55,AA,03,06,0B,04,00,00,00,00,EB]
11-27 10:09:14.270762   359   440 D McuUtils: dumpFrame:88 mcu send=[55,AA,00,03,0B,04,00,EE]
11-27 10:09:14.278681   903   933 D PowerManagerService: handlePropertyEvent cpu temperature = 55.92
11-27 10:09:14.279856   359   448 I TemperatureManager: get_panel_temperature mcu panel temperature 48
11-27 10:09:14.285730   359   442 D McuUtils: dumpFrame:88 mcu send=[55,AA,01,04,03,13,00,00,E6]
11-27 10:09:14.288706   433   433 S r52     : ipc:AP Heartbeat---
11-27 10:09:14.291097   903   933 D PowerManagerService: handlePropertyEvent panel temperature = 48.0
11-27 10:09:14.300596   359   444 D McuUtils: dumpFrame:88 mcu read=[55,AA,01,04,03,14,00,00,E5]
11-27 10:09:14.300688   359   440 I PowerManager: processMessage, mcu read id(0314) status = 0
11-27 10:09:14.305596   359   444 D McuUtils: dumpFrame:88 mcu read=[55,AA,03,06,03,08,00,00,0D,08,DA]
11-27 10:09:14.305666   359   440 D McuUtils: dumpFrame:88 mcu send=[55,AA,00,03,03,08,00,F2]
11-27 10:09:14.305717   359   440 I PowerManager: processMessage, mcu read id(0308) State = 0
11-27 10:09:14.386427  1837  3163 I tbox_jni: subscribe ack is = 1.
11-27 10:09:14.387561  1837  3163 D tbox_jni: GNSSInfo subscribe ack is = 1
11-27 10:09:14.390204  1837  3163 I tbox_jni: tXCallInformation subscribe ack is = 1.
11-27 10:09:14.390618   359   444 D McuUtils: dumpFrame:88 mcu read=[55,AA,03,04,0B,80,00,64,0D]
11-27 10:09:14.390709   359   440 D McuUtils: dumpFrame:88 mcu send=[55,AA,00,03,0B,80,00,72]
11-27 10:09:14.391050  1837  3163 I tbox_jni: TBoxSystemFunctionsSubscribeAckCallback 1
11-27 10:09:14.395592   359   444 D McuUtils: dumpFrame:88 mcu read=[55,AA,03,05,0B,29,00,00,0D,BA]
11-27 10:09:14.395665   359   440 D McuUtils: dumpFrame:88 mcu send=[55,AA,00,03,0B,29,00,C9]
11-27 10:09:14.413296  1837  3164 D tbox_jni: tGNSSInformation_NeraDataTransmitionCallback size:397
11-27 10:09:14.413553  1837  3164 D tbox_jni: tGNSSInformation CallVoidMethod
11-27 10:09:14.413704  1837  3164 D TboxGNSSInformationManager.java: [ (TboxGNSSInformationManager.java:128)#OnNeraDataTransmition ] TboxGNSSInformationManager onNeraDataTransmition nmea
11-27 10:09:14.413797  1837  3164 D tbox_jni: tGNSSInformation DetachCurrentThread
11-27 10:09:14.413874  1837  3164 D tbox_jni: tGNSSInformation DetachCurrentThread end
11-27 10:09:14.414027  1837  3632 D TboxGNSSInformationManager.java: [ (TboxGNSSInformationManager.java:95)#HandleMessage ] handlerThread------Thread[GnssProdcerThread,5,main]
11-27 10:09:14.414202  1837  3632 D TboxGNSSInformationManager.java: [ (TboxGNSSInformationManager.java:197)#PutQueue ] ttyTBOXGPS message：$GPGSA,A,3,10,18,23,24,25,28,32,,,,,,0.9,0.5,0.7*3A
11-27 10:09:14.414202  1837  3632 D TboxGNSSInformationManager.java: $GPGSV,3,1,09,10,49,322,40,15,24,078,18,18,26,202,46,23,84,077,40*7B
11-27 10:09:14.414202  1837  3632 D TboxGNSSInformationManager.java: $GPGSV,3,2,09,25,27,158,33,28,10,227,36,32,27,293,44,12,35,113,*7C
11-27 10:09:14.414202  1837  3632 D TboxGNSSInformationManager.java: $GPGSV,3,3,09,24,40,040,*46
11-27 10:09:14.414202  1837  3632 D TboxGNSSInformationManager.java: $GPVTG,,T,,M,0.0,N,0.0,K,A*23
11-27 10:09:14.414202  1837  3632 D TboxGNSSInformationManager.java: $GPRMC,020914.00,A,3018.195782,N,12035.756744,E,0.0,,271123,4.3,W,A*08
11-27 10:09:14.414202  1837  3632 D TboxGNSSInformationManager.java: $GPGGA,020914.00,3018.195782,N,12035.756744,E,1,12,0.5,16.4,M,8.0,M,,*63
11-27 10:09:14.414363  1837  3631 D TboxGNSSInformationManager.java: [ (TboxGNSSInformationManager.java:222)#SaveGNSSdata ] saveGNSSdata isTboxWriteDataRunning：true line:$GPGSA,A,3,10,18,23,24,25,28,32,,,,,,0.9,0.5,0.7*3A
11-27 10:09:14.414363  1837  3631 D TboxGNSSInformationManager.java: $GPGSV,3,1,09,10,49,322,40,15,24,078,18,18,26,202,46,23,84,077,40*7B
11-27 10:09:14.414363  1837  3631 D TboxGNSSInformationManager.java: $GPGSV,3,2,09,25,27,158,33,28,10,227,36,32,27,293,44,12,35,113,*7C
11-27 10:09:14.414363  1837  3631 D TboxGNSSInformationManager.java: $GPGSV,3,3,09,24,40,040,*46
11-27 10:09:14.414363  1837  3631 D TboxGNSSInformationManager.java: $GPVTG,,T,,M,0.0,N,0.0,K,A*23
11-27 10:09:14.414363  1837  3631 D TboxGNSSInformationManager.java: $GPRMC,020914.00,A,3018.195782,N,12035.756744,E,0.0,,271123,4.3,W,A*08
11-27 10:09:14.414363  1837  3631 D TboxGNSSInformationManager.java: $GPGGA,020914.00,3018.195782,N,12035.756744,E,1,12,0.5,16.4,M,8.0,M,,*63
11-27 10:09:14.414565   368  1065 D unicore_gps: nmea parse(pos=51,f=00): $GPGSA,A,3,10,18,23,24,25,28,32,,,,,,0.9,0.5,0.7*3A 
11-27 10:09:14.415024   368  1065 D unicore_gps: r fix_tmp flags has no acc ,gsa acc backup working
11-27 10:09:14.415054   368  1065 D unicore_gps: nmea parse(pos=68,f=00): $GPGSV,3,1,09,10,49,322,40,15,24,078,18,18,26,202,46,23,84,077,40*7B 
11-27 10:09:14.415182   368  1065 D unicore_gps: r fix_tmp flags has no acc ,gsa acc backup working
11-27 10:09:14.415213   368  1065 D unicore_gps: nmea parse(pos=66,f=00): $GPGSV,3,2,09,25,27,158,33,28,10,227,36,32,27,293,44,12,35,113,*7C 
11-27 10:09:14.415332   368  1065 D unicore_gps: r fix_tmp flags has no acc ,gsa acc backup working
11-27 10:09:14.415362   368  1065 D unicore_gps: nmea parse(pos=27,f=00): $GPGSV,3,3,09,24,40,040,*46 
11-27 10:09:14.415463   368  1065 D unicore_gps: r fix_tmp flags has no acc ,gsa acc backup working
11-27 10:09:14.415500   368  1065 D unicore_gps: nmea parse(pos=29,f=00): $GPVTG,,T,,M,0.0,N,0.0,K,A*23 
11-27 10:09:14.415614   368  1065 D unicore_gps: r fix_tmp flags has no acc ,gsa acc backup working
11-27 10:09:14.415644   368  1065 D unicore_gps: nmea parse(pos=70,f=00): $GPRMC,020914.00,A,3018.195782,N,12035.756744,E,0.0,,271123,4.3,W,A*08 
11-27 10:09:14.415774   368  1065 D unicore_gps: nmea parse(pos=72,f=05): $GPGGA,020914.00,3018.195782,N,12035.756744,E,1,12,0.5,16.4,M,8.0,M,,*63 
11-27 10:09:14.415921   368  1065 D unicore_gps: r fix_tmp flags has no acc ,gsa acc backup working
11-27 10:09:14.415952   368  1065 D unicore_gps: short nmea
11-27 10:09:14.440069   433   433 I cp      : QD_HMI[213]:Jan  1 00:08:17.649022 [QD_HMI]getHMIBacklightSwitch begin,value is 1[DEBUG]
11-27 10:09:14.440129   433   433 I cp      : QD_HMI[213]:Jan  1 00:08:17.649772 [QD_HMI]getHMIBacklightSwitch end,value is 1[DEBUG]
11-27 10:09:14.440145   433   433 I cp      : kernel:Jan  1 00:08:17.650623[  501.019700] si_log time_diff:5000 ms times: 37 log_sum_lenght:1081 B/s
