05-22 14:09:25.041886  1774 11655 D OkHttp  : ank_id":"532247","title":"新天龙八部 电视剧原声带","img":"http://imge.kugou.com/stdmusic/480/20200909/20200909114454102598.jpg","arr_artist_name":["贾青","徐溢"],"card_type":110},"arr_artist_name":["贾青","徐溢"],"is_paid":0,"card_type":110,"is_vip":0,"has_accompany":1},{"sid":15,"id":"261490028","name":"晚夜微雨问海棠","album_id":"38189418","mv_id":"5723283","album":{"sid":15,"rank_id":"38189418","title":"晚夜微雨问海棠","img":"http://imge.kugou.com/stdmusic/480/20200624/20200624154704242347.jpg","arr_artist_name":["镜予歌","陈亦洺","喧笑"],"card_type":110},"arr_artist_name":["镜予歌","陈亦洺","喧笑"],"is_paid":0,"card_type":110,"is_vip":0,"has_accompany":1},{"sid":15,"id":"28835719","name":"解语花","album_id":"618469","mv_id":"","album":{"sid":15,"rank_id":"618469","title":"解语花","img":"http://imge.kugou.com/stdmusic/480/20220305/20220305000911872535.jpg","arr_artist_name":["妖言君"],"card_type":110},"arr_artist_name":["妖言君"],"is_paid":0,"card_type":110,"is_vip":0,"has_accompany":1},{"sid":15,"id":"298230640","name":"宝宝笑哈哈","album_id":"40492516","mv_id":"","album":{"sid":15,"rank_id":"40492516","title":"超级宝贝JoJo","img":"http://imge.kugou.com/stdmusic/480/20201210/20201210192406613787.jpg","arr_artist_name":["超级宝贝JoJo"],"card_type":110},"arr_artist_name":["超级宝贝JoJo"],"is_paid":0,"card_type":110,"is_vip":0,"has_accompany":0},{"sid":15,"id":"177373480","name":"戏说","album_id":"25855274","mv_id":"1642542","album":{"sid":15,"rank_id":"25855274","title":"戏说","img":"http://imge.kugou.com/stdmusic/480/20190725/20190725100505160009.jpg","arr_artist_name":["草帽酱"],"card_type":110},"arr_artist_name":["草帽酱"],"is_paid":0,"card_type":110,"is_vip":0,"has_accompany":1},{"sid":15,"id":"393834884","name":"梦幻童年","album_id":"56231356","mv_id":"","album":{"sid":15,"rank_id":"56231356","title":"梦幻童年","img":"http://imge.kugou.com/stdmusic/480/20220331/20220331184412736016.jpg","arr_artist_name":["王雅歌","梁恩溢"],"card_type":110},"arr_artist_name":["王雅歌","梁恩溢"],"is_paid":0,"card_type":110,"is_vip":0,"has_accompany":1},{"sid":15,"id":"172095441","name":"赤伶 (戏腔男声版)","album_id":"24736881","mv_id":"5702670","album":{"sid":15,"rank_id":"24736881","title":"赤伶(戏腔男声版)","img":"http://imge.kugou.com/stdmusic/480/20190810/20190810105008198792.jpg","arr_artist_name":["泥鳅Niko"],"card_type":110},"arr_artist_name":["泥鳅Niko"],"is_paid":0,"card_type":110,"is_vip":0,"has_accompany":1},{"sid":15,"id":"89058807","name":"剑魂","album_id":"4088727","mv_id":"613734","album":{"sid":15,"rank_id":"4088727","title":"射雕英雄传 电视剧原声带","img":"http://imge.kugou.com/stdmusic/480/20170123/20170123023110780769.jpg","arr_artist_name":["李炜"],"card_type":110},"arr_artist_name":["李炜"],"is_paid":0,"card_type":110,"is_vip":0,"has_accompany":1},{"sid":15,"id":"107576251","name":"少林英雄","album_id":"","mv_id":"192937","album":{"sid":15,"rank_id":"","title":"","img":"","arr_artist_name":["华语群星"],"card_type":110},"arr_artist_name":["华语群星"],"is_paid":0,"card_type":110,"is_vip":0,"has_accompany":1},{"sid":15,"id":"423020108","name":"外婆桥 (旺仔小乔版)","album_id":"58674160","mv_id":"9654039","album":{"sid":15,"rank_id":"58674160","title":"外婆桥","img":"http://imge.kugou.com/stdmusic/480/20220704/20220704164733101321.jpg","arr_artist_name":["旺仔小乔"],"card_type":110},"arr_artist_name":["旺仔小乔"],"is_paid":0,"card_type":110,"is_vip":1,"has_accompany":1},{"sid":15,"id":"514500976","name":"静夜思 (Live)","album_id":"73228718","mv_id":"10927266","album":{"sid":15,"rank_id":"73228718","title":"经典咏流传第六季 第3期","img":"http://imge.kugou.com/stdmusic/480/20230514/20230514110701838605.jpg","arr_artist_name":["胡夏","周昭妍(Miumiu)"],"card_type":110},"arr_artist_name":["胡夏","周昭妍(Miumiu)"],"is_paid":0,"card_type":110,"is_vip":0,"has_accompany":1},{"sid":15,"id":"15734
05-22 14:09:25.041944  1774 11655 D OkHttp  : ["HITA","Aki阿杰","W.K.","裂天","Assen捷","佑可猫","吾恩","人衣大人","泠鸢yousa","三无Marblue","括号君","特曼","荷笙","图特哈蒙"],"is_paid":0,"card_type":110,"is_vip":0,"has_accompany":0},{"sid":15,"id":"68077090","name":"新游子梦","album_id":"2916118","mv_id":"6287995","album":{"sid":15,"rank_id":"2916118","title":"新游子梦","img":"http://imge.kugou.com/stdmusic/480/20220301/20220301102304241955.jpg","arr_artist_name":["罗励林"],"card_type":110},"arr_artist_name":["罗励林"],"is_paid":0,"card_type":110,"is_vip":0,"has_accompany":1},{"sid":15,"id":"473004862","name":"人间住着恶鬼","album_id":"66362634","mv_id":"","album":{"sid":15,"rank_id":"66362634","title":"人间住着恶鬼","img":"http://imge.kugou.com/stdmusic/480/20221229/20221229171827650838.jpg","arr_artist_name":["任夏"],"card_type":110},"arr_artist_name":["任夏"],"is_paid":0,"card_type":110,"is_vip":1,"has_accompany":1},{"sid":15,"id":"37533796","name":"ありがとう… (谢谢…)","album_id":"1491689","mv_id":"7840510","album":{"sid":15,"rank_id":"1491689","title":"ありがとう...","img":"http://imge.kugou.com/stdmusic/480/20210113/20210113184940470552.jpg","arr_artist_name":["KOKIA"],"card_type":110},"arr_artist_name":["KOKIA"],"is_paid":0,"card_type":110,"is_vip":1,"has_accompany":1},{"sid":15,"id":"32235907","name":"丁香花","album_id":"981768","mv_id":"51438","album":{"sid":15,"rank_id":"981768","title":"丁香花","img":"http://imge.kugou.com/stdmusic/480/20200927/20200927142830804007.jpg","arr_artist_name":["唐磊"],"card_type":110},"arr_artist_name":["唐磊"],"is_paid":0,"card_type":110,"is_vip":0,"has_accompany":1},{"sid":15,"id":"346278494","name":"Happy Ending","album_id":"49984619","mv_id":"5286895","album":{"sid":15,"rank_id":"49984619","title":"Happy Ending","img":"http://imge.kugou.com/stdmusic/480/20211029/20211029144803542010.jpg","arr_artist_name":["Dept","nobody likes you pat","Ashley Alisha"],"card_type":110},"arr_artist_name":["Dept","nobody likes you pat","Ashley Alisha"],"is_paid":0,"card_type":110,"is_vip":1,"has_accompany":1},{"sid":15,"id":"251582771","name":"SKYLINE","album_id":"36651820","mv_id":"","album":{"sid":15,"rank_id":"36651820","title":"화분 (Plant)","img":"http://imge.kugou.com/stdmusic/480/20200317/20200317151108334831.jpg","arr_artist_name":["김세정"],"card_type":110},"arr_artist_name":["김세정"],"is_paid":0,"card_type":110,"is_vip":1,"has_accompany":1},{"sid":15,"id":"342920811","name":"Why Do You Love Me","album_id":"49554310","mv_id":"5292785","album":{"sid":15,"rank_id":"49554310","title":"Love Is A Heart","img":"http://imge.kugou.com/stdmusic/480/20211015/20211015151404773805.jpg","arr_artist_name":["서액터","Dept","Ashley Alisha","Sonny zero"],"card_type":110},"arr_artist_name":["서액터","Dept","Ashley Alisha","Sonny zero"],"is_paid":0,"card_type":110,"is_vip":1,"has_accompany":1}]}}
05-22 14:09:25.042026  1774 11655 D OkHttp  : <-- END HTTP (11850-byte body)
05-22 14:09:25.042322  1774  1774 D com.txznet.music.comm.core.SDKCore$3: [com.txznet.music.comm.core.SDKCore$3::lambda$onConnect$0]ComposePlayer::...
05-22 14:09:25.042322  1774  1774 D com.txznet.music.comm.core.SDKCore$3: ...
05-22 14:09:25.042322  1774  1774 D com.txznet.music.comm.core.SDKCore$3: ', singer_img='http://singerimg.kugou.com/uploadpic/softhead/120/20230420/20230420151859729808.jpg'}]
05-22 14:09:25.042322  1774  1774 D com.txznet.music.comm.core.SDKCore$3: [SDKCore.java:69]
05-22 14:09:25.043175  1774  1774 D com.txznet.music.comm.core.SDKCore$3: [com.txznet.music.comm.core.SDKCore$3::lambda$onConnect$0]ComposePlayer::postSuccess [AlbumInfo{id='collection_3_2132026893_3_0', title='米津玄師：日本“神”级音乐鬼才', img='http://imge.kugou.com/soft/collection/240/20220225/20220225210141361311.jpg', short_intro='null', play_count=0, track_count=0, sid=15, card_type=103, is_vip=0, is_paid=0, pay_type=0, subscribe=false}, AlbumInfo{id='collection_3_1439409719_4_0', title='KPOP女团歌曲 夏日必备', img='http://c1.kgimg.com/custom/240/20220722/20220722201023837325.jpg', short_intro='null', play_count=0, track_count=0, sid=15, card_type=103, is_vip=0, is_paid=0, pay_type=0, subscribe=false}, AlbumInfo{id='collection_3_509004760_36_0', title='日系治愈丨生活再糟，也不妨碍你越来越好', img='http://imge.kugou.com/soft/collection/240/20220902/20220902141616711643.jpg', short_intro='null', play_count=0, track_count=0, sid=15, card_type=103, is_vip=0, is_paid=
05-22 14:09:25.043175  1774  1774 D com.txznet.music.comm.core.SDKCore$3: ...[SDKCore.java:69]
05-22 14:09:25.043822  1774  1774 D com.txznet.music.comm.core.SDKCore$3: [com.txznet.music.comm.core.SDKCore$3::lambda$onConnect$0]ComposePlayer::...
05-22 14:09:25.043822  1774  1774 D com.txznet.music.comm.core.SDKCore$3: ...
05-22 14:09:25.043822  1774  1774 D com.txznet.music.comm.core.SDKCore$3: 0, pay_type=0, subscribe=false}, AlbumInfo{id='collection_3_1250870308_36_0', title='精选听不完的Rap', img='http://c1.kgimg.com/custom/240/20220621/20220621095342153316.jpg', short_intro='null', play_count=0, track_count=0, sid=15, card_type=103, is_vip=0, is_paid=0, pay_type=0, subscribe=false}, AlbumInfo{id='collection_3_1081536272_939_0', title='那些值得珍藏的香港电影配乐', img='http://imge.kugou.com/soft/collection/240/20220809/20220809151440367800.jpg', short_intro='null', play_count=0, track_count=0, sid=15, card_type=103, is_vip=0, is_paid=0, pay_type=0, subscribe=false}, AlbumInfo{id='collection_3_1853811261_23_0', title='一曲温柔纯音，聆听秋的旋律', img='http://imge.kugou.com/soft/collection/240/20210912/20210912183247405031.jpg', short_intro='null', play_count=0, track_count=0, sid=15, card_type=103
05-22 14:09:25.043822  1774  1774 D com.txznet.music.comm.core.SDKCore$3: ...[SDKCore.java:69]
05-22 14:09:25.044414  1774  1774 D com.txznet.music.comm.core.SDKCore$3: [com.txznet.music.comm.core.SDKCore$3::lambda$onConnect$0]ComposePlayer::...
05-22 14:09:25.044414  1774  1774 D com.txznet.music.comm.core.SDKCore$3: ...
05-22 14:09:25.044414  1774  1774 D com.txznet.music.comm.core.SDKCore$3: , is_vip=0, is_paid=0, pay_type=0, subscribe=false}, AlbumInfo{id='collection_3_1081536272_771_0', title='小众古装剧，宝藏OST更上瘾', img='http://imge.kugou.com/soft/collection/240/20210910/20210910015121205396.jpg', short_intro='null', play_count=0, track_count=0, sid=15, card_type=103, is_vip=0, is_paid=0, pay_type=0, subscribe=false}, AlbumInfo{id='collection_3_1829678661_93_0', title='拒绝失眠夜！晚间熟睡的最佳伴侣', img='http://c1.kgimg.com/custom/240/20210831/20210831021259290126.jpg', short_intro='null', play_count=0, track_count=0, sid=15, card_type=103, is_vip=0, is_paid=0, pay_type=0, subscribe=false}]
05-22 14:09:25.044414  1774  1774 D com.txznet.music.comm.core.SDKCore$3: [SDKCore.java:69]
05-22 14:09:25.045442  1774  1774 D addOnOffsetChanged:: 0.0offset    -296
05-22 14:09:25.045567  1774  1774 D MainActivity: isTitleClosed:true
05-22 14:09:25.062351   327   379 D McuUtils: dumpFrame:41 mcu read=[55,aa,03,06,0b,04,00,00,00,00,eb]
05-22 14:09:25.062500   327   379 I McuSerialComm: readRun:297, mainCmdId= 0xb ,subCmd = 0x4, datalen: 3
05-22 14:09:25.062552   327   376 I McuManager: processMessage, cmdCtrl = 0x3 ,mainCmdId = 0xb ,subCmdId = 0x4 ,datalen: 3
05-22 14:09:25.062626   327   376 D McuUtils: dumpFrame:41 mcu send=[55,aa,00,03,0b,04,00,ee]
05-22 14:09:25.062651   327   376 I CarBodyManager: processMessage, mainCmdId = 0xb ,subCmdId = 0x4,body size = 3,body length = 3
05-22 14:09:25.062670   327   376 I CarBodyManager: processMessage, mcu(0x0B) readId = 0x0b04, mainCmdId = 0xb ,subCmdId = 0x4 , datalen = 3
05-22 14:09:25.062716   327   376 E CarBodyManager: processMessage: no configs for this mcuId(0x0B) = 0x0b04 !!!
05-22 14:09:25.064188  1774  1774 D com.txznet.music.comm.core.SDKCore$3: [com.txznet.music.comm.core.SDKCore$3::lambda$onConnect$0]ComposePlayer::AudioDataSource: prepare AudioInfo{sid=15, id='272893489', name='青玉恋', album_id='39102185', album_sid=0, album_img='null', album_name='null', card_type=110, is_paid=0, arr_artist_name=[子衿Ben小样], pay_type=0, is_vip=0, authorized_type_id=0, duration=null}
05-22 14:09:25.064188  1774  1774 D com.txznet.music.comm.core.SDKCore$3: [SDKCore.java:69]
05-22 14:09:25.066120  1774  1774 D addOnOffsetChanged:: 0.0offset    -296
05-22 14:09:25.066247  1774  1774 D MainActivity: isTitleClosed:true
05-22 14:09:25.071257  1774 11574 D OkHttp  : --> GET https://tsp.rl.txzing.com/api/music/audio/play?sid=15&audio_id=272893489
05-22 14:09:25.071421  1774 11574 D OkHttp  : _rt: 1684735765066
05-22 14:09:25.071510  1774 11574 D OkHttp  : app_id: 25b5bf3185a9fae59ee80ab1d4561947
05-22 14:09:25.071595  1774 11574 D OkHttp  : nonce: 1a5c9ec813474c2ca6d752ca27b03c33
05-22 14:09:25.071677  1774 11574 D OkHttp  : sign: f274f256bfde6b72f88c2e0f3737c81f
05-22 14:09:25.071754  1774 11574 D OkHttp  : uid: 121182923
05-22 14:09:25.071845  1774 11574 D OkHttp  : token: eyJ2IjoiMS4wIiwiYWxnIjoiSFMyNTYifQ.eyJ1aWQiOiIxMjExODI5MjMiLCJwaG9uZSI6IjE3NTUyNzM0OTkyIiwidG9rZW5UeXBlIjoiREVGQVVMVF9UT0tFTiIsImFpZCI6IjQyNDE4MSIsImV4cCI6MTcwMDI4NjU4M30.vrDj6UL7ioVwyVLZv-Dl-XEDZKU7LbCg4Abul3JeIKU
05-22 14:09:25.072001  1774 11574 D OkHttp  : idempotent-token: 696435c0-809d-4a20-abab-56a5cc4b5471
05-22 14:09:25.072049  1774 11574 D OkHttp  : Os: android
05-22 14:09:25.072077  1774 11574 D OkHttp  : AppVersion: 2.2.6
05-22 14:09:25.072158  1774 11574 D OkHttp  : AppVersionCode: 10000
05-22 14:09:25.072224  1774 11574 D OkHttp  : --> END GET
05-22 14:09:25.075463  1774  1774 D com.txznet.music.comm.core.SDKCore$3: [com.txznet.music.comm.core.SDKCore$3::lambda$onConnect$0]ComposePlayer::MediaClient: onExtrasChanged: 
05-22 14:09:25.075463  1774  1774 D com.txznet.music.comm.core.SDKCore$3: [SDKCore.java:69]
05-22 14:09:25.076488  1774  1774 D com.txznet.music.comm.core.SDKCore$3: [com.txznet.music.comm.core.SDKCore$3::lambda$onConnect$0]ComposePlayer::PlayControl: EXTRA_KEY_TOTAL 30
05-22 14:09:25.076488  1774  1774 D com.txznet.music.comm.core.SDKCore$3: [SDKCore.java:69]
05-22 14:09:25.077713  1774  1774 D com.txznet.music.comm.core.SDKCore$3: [com.txznet.music.comm.core.SDKCore$3::lambda$onConnect$0]ComposePlayer::MediaClient: onQueueChanged: 
05-22 14:09:25.077713  1774  1774 D com.txznet.music.comm.core.SDKCore$3: [SDKCore.java:69]
05-22 14:09:25.079132  1774  1774 D com.txznet.music.comm.core.SDKCore$3: [com.txznet.music.comm.core.SDKCore$3::lambda$onConnect$0]ComposePlayer::PlayControl: onQueueChanged [AudioInfo{sid=15, id='272893489', name='青玉恋', album_id='39102185', album_sid=15, album_img='http://imge.kugou.com/stdmusic/480/20200828/20200828171709589747.jpg', album_name='青玉恋', card_type=110, is_paid=0, arr_artist_name=[子衿Ben小样], pay_type=0, is_vip=0, authorized_type_id=0, duration=0}, AudioInfo{sid=15, id='275712510', name='กีดกัน (Skyline)', album_id='39397747', album_sid=15, album_img='http://imge.kugou.com/stdmusic/480/20230112/20230112113921504199.jpg', album_name='กีดกัน (Skyline) (From แปลรักฉันด้วยใจเธอ)', card_type=110, is_paid=0, arr_artist_name=[Billkin], pay_type=0, is_vip=0, authorized_type_id=0, duration=0}, AudioInfo{sid=15, id='269351282', name='辞·九门回忆 (女戏腔版)', album_id='', album_sid=15, album_img='', album_name='', card_type=110, is_paid=0, arr_arti
05-22 14:09:25.079132  1774  1774 D com.txznet.music.comm.core.SDKCore$3: ...[SDKCore.java:69]
05-22 14:09:25.080334  1774  1774 D com.txznet.music.comm.core.SDKCore$3: [com.txznet.music.comm.core.SDKCore$3::lambda$onConnect$0]ComposePlayer::PlayControl: ...
05-22 14:09:25.080334  1774  1774 D com.txznet.music.comm.core.SDKCore$3: ...
05-22 14:09:25.080334  1774  1774 D com.txznet.music.comm.core.SDKCore$3: st_name=[爱丽丝酱], pay_type=0, is_vip=0, authorized_type_id=0, duration=0}, AudioInfo{sid=15, id='28388641', name='불꽃 (火花)', album_id='577269', album_sid=15, album_img='http://imge.kugou.com/stdmusic/480/20150719/20150719025338492196.jpg', album_name='Koyote 6', card_type=110, is_paid=0, arr_artist_name=[高耀太 (코요태)], pay_type=0, is_vip=1, authorized_type_id=0, duration=0}, AudioInfo{sid=15, id='111937430', name='盗墓笔记·十年人间', album_id='15117855', album_sid=15, album_img='http://imge.kugou.com/stdmusic/480/20191213/20191213210932485332.jpg', album_name='盗墓笔记·十年人间', card_type=110, is_paid=0, arr_artist_name=[李常超（Lao乾妈）], pay_type=0, is_vip=0, authorized_type_id=0, duration=0}, AudioInfo{sid=15, id='494795122', name='三拜红尘凉 (扇子舞版)', album_id='70028287', album_sid=15, album_img='http://im
05-22 14:09:25.080334  1774  1774 D com.txznet.music.comm.core.SDKCore$3: ...[SDKCore.java:69]
05-22 14:09:25.080753  1774  1774 D com.txznet.music.comm.core.SDKCore$3: [com.txznet.music.comm.core.SDKCore$3::lambda$onConnect$0]ComposePlayer::PlayControl: ...
05-22 14:09:25.080753  1774  1774 D com.txznet.music.comm.core.SDKCore$3: ...
05-22 14:09:25.080753  1774  1774 D com.txznet.music.comm.core.SDKCore$3: ge.kugou.com/stdmusic/480/20230314/20230314153132769989.jpg', album_name='三拜红尘凉(扇子舞版)', card_type=110, is_paid=0, arr_artist_name=[晴小瑶], pay_type=0, is_vip=0, authorized_type_id=0, duration=0}, AudioInfo{sid=15, id='436927894', name='Talk that Talk', album_id='60083683', album_sid=15, album_img='http://imge.kugou.com/stdmusic/480/20220826/20220826112501855310.jpg', album_name='BETWEEN 1&2', card_type=110, is_paid=0, arr_artist_name=[TWICE], pay_type=0, is_vip=1, authorized_type_id=0, duration=0}, AudioInfo{sid=15, id='252666944', name='处暑', album_id='36895840', album_sid=15, album_img='http://imge.kugou.com/stdmusic/480/20200403/20200403112615663119.jpg', album_name='二十四节气', card_type=110, is_paid=0, arr_artist_name=[音阙诗听, 王梓钰], pay_type=0, is_vip=0, authorized_type_id=0, durat
05-22 14:09:25.080753  1774  1774 D com.txznet.music.comm.core.SDKCore$3: ...[SDKCore.java:69]
05-22 14:09:25.081044  1774  1774 D com.txznet.music.comm.core.SDKCore$3: [com.txznet.music.comm.core.SDKCore$3::lambda$onConnect$0]ComposePlayer::PlayControl: ...
05-22 14:09:25.081044  1774  1774 D com.txznet.music.comm.core.SDKCore$3: ...
05-22 14:09:25.081044  1774  1774 D com.txznet.music.comm.core.SDKCore$3: ion=0}, AudioInfo{sid=15, id='210141785', name='撒野', album_id='29092481', album_sid=15, album_img='http://imge.kugou.com/stdmusic/480/20190919/20190919185502255774.jpg', album_name='撒野', card_type=110, is_paid=0, arr_artist_name=[倒霉死勒, 涅槃], pay_type=0, is_vip=0, authorized_type_id=0, duration=0}, AudioInfo{sid=15, id='28421856', name='明日、僕は君に会いに行く。 (明天，我要去见你)', album_id='580116', album_sid=15, album_img='http://imge.kugou.com/stdmusic/480/20220630/20220630135928346455.jpg', album_name='明日、僕は君に会いに行く。 (明天 我要去见你)', card_type=110, is_paid=0, arr_artist_name=[ワカバ], pay_type=0, is_vip=0, authorized_type_id=0, duration=0}, AudioInfo{sid=15, id='128061581', name='桃花笑', album_id='14438032', album_sid=15, album_img='http://imge.kugou.com/stdmusic/480/20210113/20210113052845827202.jpg', a
05-22 14:09:25.081044  1774  1774 D com.txznet.music.comm.core.SDKCore$3: ...[SDKCore.java:69]
05-22 14:09:25.081230  1774  1774 D com.txznet.music.comm.core.SDKCore$3: [com.txznet.music.comm.core.SDKCore$3::lambda$onConnect$0]ComposePlayer::PlayControl: ...
05-22 14:09:25.081230  1774  1774 D com.txznet.music.comm.core.SDKCore$3: ...
05-22 14:09:25.081230  1774  1774 D com.txznet.music.comm.core.SDKCore$3: lbum_name='桃花笑', card_type=110, is_paid=0, arr_artist_name=[汪睿], pay_type=0, is_vip=1, authorized_type_id=0, duration=0}, AudioInfo{sid=15, id='27653570', name='痴情冢', album_id='532247', album_sid=15, album_img='http://imge.kugou.com/stdmusic/480/20200909/20200909114454102598.jpg', album_name='新天龙八部 电视剧原声带', card_type=110, is_paid=0, arr_artist_name=[贾青, 徐溢], pay_type=0, is_vip=0, authorized_type_id=0, duration=0}, AudioInfo{sid=15, id='261490028', name='晚夜微雨问海棠', album_id='38189418', album_sid=15, album_img='http://imge.kugou.com/stdmusic/480/20200624/20200624154704242347.jpg', album_name='晚夜微雨问海棠', card_type=110, is_paid=0, arr_artist_name=[镜予歌, 陈亦洺, 喧笑], pay_type=0, is_vip=0, authorized_type_id=0, duration=0}, AudioInfo{sid=15, id='28835719', name='解语花', album_id='618469', al
05-22 14:09:25.081230  1774  1774 D com.txznet.music.comm.core.SDKCore$3: ...[SDKCore.java:69]
05-22 14:09:25.081405  1774  1774 D com.txznet.music.comm.core.SDKCore$3: [com.txznet.music.comm.core.SDKCore$3::lambda$onConnect$0]ComposePlayer::PlayControl: ...
05-22 14:09:25.081405  1774  1774 D com.txznet.music.comm.core.SDKCore$3: ...
05-22 14:09:25.081405  1774  1774 D com.txznet.music.comm.core.SDKCore$3: bum_sid=15, album_img='http://imge.kugou.com/stdmusic/480/20220305/20220305000911872535.jpg', album_name='解语花', card_type=110, is_paid=0, arr_artist_name=[妖言君], pay_type=0, is_vip=0, authorized_type_id=0, duration=0}, AudioInfo{sid=15, id='298230640', name='宝宝笑哈哈', album_id='40492516', album_sid=15, album_img='http://imge.kugou.com/stdmusic/480/20201210/20201210192406613787.jpg', album_name='超级宝贝JoJo', card_type=110, is_paid=0, arr_artist_name=[超级宝贝JoJo], pay_type=0, is_vip=0, authorized_type_id=0, duration=0}, AudioInfo{sid=15, id='177373480', name='戏说', album_id='25855274', album_sid=15, album_img='http://imge.kugou.com/stdmusic/480/20190725/20190725100505160009.jpg', album_name='戏说', card_type=110, is_paid=0, arr_artist_name=[草帽酱], pay_type=0, is_vip=0, authorized_type_id=0,
05-22 14:09:25.081405  1774  1774 D com.txznet.music.comm.core.SDKCore$3: ...[SDKCore.java:69]
05-22 14:09:25.081542  1774  1774 D com.txznet.music.comm.core.SDKCore$3: [com.txznet.music.comm.core.SDKCore$3::lambda$onConnect$0]ComposePlayer::PlayControl: ...
05-22 14:09:25.081542  1774  1774 D com.txznet.music.comm.core.SDKCore$3: ...
05-22 14:09:25.081542  1774  1774 D com.txznet.music.comm.core.SDKCore$3:  duration=0}, AudioInfo{sid=15, id='393834884', name='梦幻童年', album_id='56231356', album_sid=15, album_img='http://imge.kugou.com/stdmusic/480/20220331/20220331184412736016.jpg', album_name='梦幻童年', card_type=110, is_paid=0, arr_artist_name=[王雅歌, 梁恩溢], pay_type=0, is_vip=0, authorized_type_id=0, duration=0}, AudioInfo{sid=15, id='172095441', name='赤伶 (戏腔男声版)', album_id='24736881', album_sid=15, album_img='http://imge.kugou.com/stdmusic/480/20190810/20190810105008198792.jpg', album_name='赤伶(戏腔男声版)', card_type=110, is_paid=0, arr_artist_name=[泥鳅Niko], pay_type=0, is_vip=0, authorized_type_id=0, duration=0}, AudioInfo{sid=15, id='89058807', name='剑魂', album_id='4088727', album_sid=15, album_img='http://imge.kugou.com/stdmusic/480/20170123/20170123023110780769.jpg', album_name='射雕英雄传
05-22 14:09:25.081542  1774  1774 D com.txznet.music.comm.core.SDKCore$3: ...[SDKCore.java:69]
05-22 14:09:25.081721  1774  1774 D com.txznet.music.comm.core.SDKCore$3: [com.txznet.music.comm.core.SDKCore$3::lambda$onConnect$0]ComposePlayer::PlayControl: ...
05-22 14:09:25.081721  1774  1774 D com.txznet.music.comm.core.SDKCore$3: ...
05-22 14:09:25.081721  1774  1774 D com.txznet.music.comm.core.SDKCore$3:  电视剧原声带', card_type=110, is_paid=0, arr_artist_name=[李炜], pay_type=0, is_vip=0, authorized_type_id=0, duration=0}, AudioInfo{sid=15, id='107576251', name='少林英雄', album_id='', album_sid=15, album_img='', album_name='', card_type=110, is_paid=0, arr_artist_name=[华语群星], pay_type=0, is_vip=0, authorized_type_id=0, duration=0}, AudioInfo{sid=15, id='423020108', name='外婆桥 (旺仔小乔版)', album_id='58674160', album_sid=15, album_img='http://imge.kugou.com/stdmusic/480/20220704/20220704164733101321.jpg', album_name='外婆桥', card_type=110, is_paid=0, arr_artist_name=[旺仔小乔], pay_type=0, is_vip=1, authorized_type_id=0, duration=0}, AudioInfo{sid=15, id='514500976', name='静夜思 (Live)', album_id='73228718', album_sid=15, album_img='http://imge.kugou.com/stdmusic/480/20230514/20230514110701838605.jpg
05-22 14:09:25.081721  1774  1774 D com.txznet.music.comm.core.SDKCore$3: ...[SDKCore.java:69]
05-22 14:09:25.081967   327   379 D McuUtils: dumpFrame:41 mcu read=[55,aa,03,06,0b,04,00,00,00,00,eb]
05-22 14:09:25.082015   327   379 I McuSerialComm: readRun:297, mainCmdId= 0xb ,subCmd = 0x4, datalen: 3
05-22 14:09:25.082062   327   376 I McuManager: processMessage, cmdCtrl = 0x3 ,mainCmdId = 0xb ,subCmdId = 0x4 ,datalen: 3
05-22 14:09:25.082072  1774  1774 D com.txznet.music.comm.core.SDKCore$3: [com.txznet.music.comm.core.SDKCore$3::lambda$onConnect$0]ComposePlayer::PlayControl: ...
05-22 14:09:25.082072  1774  1774 D com.txznet.music.comm.core.SDKCore$3: ...
05-22 14:09:25.082072  1774  1774 D com.txznet.music.comm.core.SDKCore$3: ', album_name='经典咏流传第六季 第3期', card_type=110, is_paid=0, arr_artist_name=[胡夏, 周昭妍(Miumiu)], pay_type=0, is_vip=0, authorized_type_id=0, duration=0}, AudioInfo{sid=15, id='157347873', name='同道殊途', album_id='8535802', album_sid=15, album_img='http://imge.kugou.com/stdmusic/480/20161031/20161031142745477150.jpg', album_name='长生诀', card_type=110, is_paid=0, arr_artist_name=[HITA, Aki阿杰, W.K., 裂天, Assen捷, 佑可猫, 吾恩, 人衣大人, 泠鸢yousa, 三无Marblue, 括号君, 特曼, 荷笙, 图特哈蒙], pay_type=0, is_vip=0, authorized_type_id=0, duration=0}, AudioInfo{sid=15, id='68077090', name='新游子梦', album_id='2916118', album_sid=15, album_img='http://imge.kugou.com/stdmusic/480/20220301/20220301102304241955.jpg', album_name='新游子梦', card_type=110, is_paid=0, arr_artist_name=[罗励林], pay_type=0, is_vip=0, authorized_type_id=0,
05-22 14:09:25.082072  1774  1774 D com.txznet.music.comm.core.SDKCore$3: ...[SDKCore.java:69]
05-22 14:09:25.082112   327   376 D McuUtils: dumpFrame:41 mcu send=[55,aa,00,03,0b,04,00,ee]
05-22 14:09:25.082141   327   376 I CarBodyManager: processMessage, mainCmdId = 0xb ,subCmdId = 0x4,body size = 3,body length = 3
05-22 14:09:25.082159   327   376 I CarBodyManager: processMessage, mcu(0x0B) readId = 0x0b04, mainCmdId = 0xb ,subCmdId = 0x4 , datalen = 3
05-22 14:09:25.082196   327   376 E CarBodyManager: processMessage: no configs for this mcuId(0x0B) = 0x0b04 !!!
05-22 14:09:25.082259  1774  1774 D com.txznet.music.comm.core.SDKCore$3: [com.txznet.music.comm.core.SDKCore$3::lambda$onConnect$0]ComposePlayer::PlayControl: ...
05-22 14:09:25.082259  1774  1774 D com.txznet.music.comm.core.SDKCore$3: ...
05-22 14:09:25.082259  1774  1774 D com.txznet.music.comm.core.SDKCore$3:  duration=0}, AudioInfo{sid=15, id='473004862', name='人间住着恶鬼', album_id='66362634', album_sid=15, album_img='http://imge.kugou.com/stdmusic/480/20221229/20221229171827650838.jpg', album_name='人间住着恶鬼', card_type=110, is_paid=0, arr_artist_name=[任夏], pay_type=0, is_vip=1, authorized_type_id=0, duration=0}, AudioInfo{sid=15, id='37533796', name='ありがとう… (谢谢…)', album_id='1491689', album_sid=15, album_img='http://imge.kugou.com/stdmusic/480/20210113/20210113184940470552.jpg', album_name='ありがとう...', card_type=110, is_paid=0, arr_artist_name=[KOKIA], pay_type=0, is_vip=1, authorized_type_id=0, duration=0}, AudioInfo{sid=15, id='32235907', name='丁香花', album_id='981768', album_sid=15, album_img='http://imge.kugou.com/stdmusic/480/20200927/20200927142830804007.jpg', album_name='丁香花', car
05-22 14:09:25.082259  1774  1774 D com.txznet.music.comm.core.SDKCore$3: ...[SDKCore.java:69]
05-22 14:09:25.082495  1774  1774 D com.txznet.music.comm.core.SDKCore$3: [com.txznet.music.comm.core.SDKCore$3::lambda$onConnect$0]ComposePlayer::PlayControl: ...
05-22 14:09:25.082495  1774  1774 D com.txznet.music.comm.core.SDKCore$3: ...
05-22 14:09:25.082495  1774  1774 D com.txznet.music.comm.core.SDKCore$3: d_type=110, is_paid=0, arr_artist_name=[唐磊], pay_type=0, is_vip=0, authorized_type_id=0, duration=0}, AudioInfo{sid=15, id='346278494', name='Happy Ending', album_id='49984619', album_sid=15, album_img='http://imge.kugou.com/stdmusic/480/20211029/20211029144803542010.jpg', album_name='Happy Ending', card_type=110, is_paid=0, arr_artist_name=[Dept, nobody likes you pat, Ashley Alisha], pay_type=0, is_vip=1, authorized_type_id=0, duration=0}, AudioInfo{sid=15, id='251582771', name='SKYLINE', album_id='36651820', album_sid=15, album_img='http://imge.kugou.com/stdmusic/480/20200317/20200317151108334831.jpg', album_name='화분 (Plant)', card_type=110, is_paid=0, arr_artist_name=[김세정], pay_type=0, is_vip=1, authorized_type_id=0, duration=0}, AudioInfo{sid=15, id='342920811', name='Why D
05-22 14:09:25.082495  1774  1774 D com.txznet.music.comm.core.SDKCore$3: ...[SDKCore.java:69]
05-22 14:09:25.082630  1774  1774 D com.txznet.music.comm.core.SDKCore$3: [com.txznet.music.comm.core.SDKCore$3::lambda$onConnect$0]ComposePlayer::PlayControl: ...
05-22 14:09:25.082630  1774  1774 D com.txznet.music.comm.core.SDKCore$3: ...
05-22 14:09:25.082630  1774  1774 D com.txznet.music.comm.core.SDKCore$3: o You Love Me', album_id='49554310', album_sid=15, album_img='http://imge.kugou.com/stdmusic/480/20211015/20211015151404773805.jpg', album_name='Love Is A Heart', card_type=110, is_paid=0, arr_artist_name=[서액터, Dept, Ashley Alisha, Sonny zero], pay_type=0, is_vip=1, authorized_type_id=0, duration=0}]
05-22 14:09:25.082630  1774  1774 D com.txznet.music.comm.core.SDKCore$3: [SDKCore.java:69]
05-22 14:09:25.083500  1774  1774 D com.txznet.music.comm.core.SDKCore$3: [com.txznet.music.comm.core.SDKCore$3::lambda$onConnect$0]ComposePlayer::MediaClient: onPlaybackStateChanged: 
05-22 14:09:25.083500  1774  1774 D com.txznet.music.comm.core.SDKCore$3: [SDKCore.java:69]
05-22 14:09:25.083806  1774  1774 D com.txznet.music.comm.core.SDKCore$3: [com.txznet.music.comm.core.SDKCore$3::lambda$onConnect$0]ComposePlayer::PlayControl: onPlaybackStateChanged state=PlaybackState {state=6, position=0, buffered position=0, speed=1.0, updated=21982, actions=0, error code=0, error message=null, custom actions=[], active item id=-1}
05-22 14:09:25.083806  1774  1774 D com.txznet.music.comm.core.SDKCore$3: [SDKCore.java:69]
05-22 14:09:25.084183  1774  2450 D com.txznet.music.comm.core.SDKCore$3: [com.txznet.music.comm.core.SDKCore$3::lambda$onConnect$0]ComposePlayer::collectReportData
05-22 14:09:25.084183  1774  2450 D com.txznet.music.comm.core.SDKCore$3: [SDKCore.java:69]
05-22 14:09:25.086612   327   560 D DefaultVehicleHal_v2_0: get: get = 28700014 ,area MCU,bytes size>0 and timestamp!=0
05-22 14:09:25.086864   457   480 D iCanService-rvc-pdc-avm: acc values[0] is 1
05-22 14:09:25.087307   457   480 D iCanService-rvc-pdc-avm: AVM request:0
05-22 14:09:25.087368   457   480 D iCanService-rvc-pdc-avm: AVM request:0
05-22 14:09:25.084604  1774  1774 D com.txznet.music.comm.core.SDKCore$3: [com.txznet.music.comm.core.SDKCore$3::lambda$onConnect$0]ComposePlayer::MusicWidget : updateWidget
05-22 14:09:25.084604  1774  1774 D com.txznet.music.comm.core.SDKCore$3: [SDKCore.java:69]
05-22 14:09:25.087413   457   480 D iCanService-rvc-pdc-avm: AVM request:0
05-22 14:09:25.087435   457   480 D iCanService-rvc-pdc-avm: AVM request:8
05-22 14:09:25.088122  1774 10931 D OkHttp  : <-- 200 https://tsp.rl.txzing.com/api/music/audio/list?album_sid=15&album_id=8888&card_type=108&offset=0&limit=3 (249ms)
05-22 14:09:25.088283  1774 10931 D OkHttp  : date: Mon, 22 May 2023 06:09:25 GMT
05-22 14:09:25.088352  1774 10931 D OkHttp  : content-type: application/json
05-22 14:09:25.088411  1774 10931 D OkHttp  : vary: Accept-Encoding
05-22 14:09:25.088467  1774 10931 D OkHttp  : vary: Origin
05-22 14:09:25.088521  1774 10931 D OkHttp  : vary: Access-Control-Request-Method
05-22 14:09:25.088576  1774 10931 D OkHttp  : vary: Access-Control-Request-Headers
05-22 14:09:25.088638  1774 10931 D OkHttp  : x-content-type-options: nosniff
05-22 14:09:25.088698  1774 10931 D OkHttp  : x-xss-protection: 1; mode=block
05-22 14:09:25.088776  1774 10931 D OkHttp  : cache-control: no-cache, no-store, max-age=0, must-revalidate
05-22 14:09:25.088835  1774 10931 D OkHttp  : pragma: no-cache
05-22 14:09:25.088900  1774 10931 D OkHttp  : expires: 0
05-22 14:09:25.088991  1774 10931 D OkHttp  : x-frame-options: DENY
05-22 14:09:25.092517  1774 12138 D com.txznet.music.comm.core.SDKCore$3: [com.txznet.music.comm.core.SDKCore$3::lambda$onConnect$0]ComposePlayer::CoreCmdAdapter: syncMetadataToCore musicModel null
05-22 14:09:25.092517  1774 12138 D com.txznet.music.comm.core.SDKCore$3: [SDKCore.java:69]
05-22 14:09:25.093342  1774  1891 I ServiceManager: using oneway flag for command: txz.music.inner.musicModel, target = com.txznet.txz
05-22 14:09:25.093841  1466  1500 D com.txznet.comm.remote.ServiceHandlerBase: [com.txznet.comm.remote.ServiceHandlerBase::preInvoke]music:receive:handler:AIDL:com.txznet.txz,from:com.txznet.music/txz.music.inner.musicModel[Proguard:2]
05-22 14:09:25.094090  1466  1500 D com.txznet.txz.O00000o.O0000oOo.O0000oo::O000000o: CORE:MUSIC:receiver:command:inner.musicModel,from:com.txznet.music[Proguard:33]
05-22 14:09:25.094265  1466  1500 W System.err: org.json.JSONException: End of input at character 0 of 
05-22 14:09:25.094377  1466  1500 W System.err: 	at org.json.JSONTokener.syntaxError(JSONTokener.java:460)
05-22 14:09:25.094421  1466  1500 W System.err: 	at org.json.JSONTokener.nextValue(JSONTokener.java:101)
05-22 14:09:25.094469  1466  1500 W System.err: 	at org.json.JSONObject.<init>(JSONObject.java:165)
05-22 14:09:25.094536  1466  1500 W System.err: 	at org.json.JSONObject.<init>(JSONObject.java:182)
05-22 14:09:25.094594  1466  1500 W System.err: 	at com.txznet.comm.util.JSONBuilder.<init>(Proguard:9)
05-22 14:09:25.094636  1466  1500 W System.err: 	at com.txznet.sdk.TXZMusicManager$MusicModel.fromString(Proguard:2)
05-22 14:09:25.094707  1466  1500 W System.err: 	at com.txznet.txz.O00000o.O0000oOo.O0000oo.O000000o(Proguard:173)
05-22 14:09:25.094772  1466  1500 W System.err: 	at com.txznet.txz.service.TXZService$O000000o.O000000o(Proguard:66)
05-22 14:09:25.094846  1466  1500 W System.err: 	at com.txznet.txz.service.TXZService$O000000o.sendInvoke(Proguard:2)
05-22 14:09:25.094879  1466  1500 W System.err: 	at com.txznet.txz.service.O000000o$O000000o.onTransact(Proguard:7)
05-22 14:09:25.094910  1466  1500 W System.err: 	at android.os.Binder.execTransactInternal(Binder.java:1159)
05-22 14:09:25.094972  1466  1500 W System.err: 	at android.os.Binder.execTransact(Binder.java:1123)
05-22 14:09:25.095161  1466  1500 D com.txznet.txz.module.app.O0000Oo: [com.txznet.txz.module.app.O0000Oo::O0000o]NavThirdApp packageName:com.txznet.music[Proguard:1]
05-22 14:09:25.095320  1466  1500 D com.txznet.txz.component.music.txz.MusicTongTing::getMusicVersionCode: MusicTongTing::getMusicVersion 10000[Proguard:6]
05-22 14:09:25.095435  1466  1500 I com.txznet.txz: oneway function results will be dropped but finished with status OK and parcel size 8
05-22 14:09:25.095602  1774 12142 D com.txznet.music.comm.core.SDKCore$3: [com.txznet.music.comm.core.SDKCore$3::lambda$onConnect$0]ComposePlayer::CoreCmdAdapter: syncPlaybackStateToCore isPlaying=false
05-22 14:09:25.095602  1774 12142 D com.txznet.music.comm.core.SDKCore$3: [SDKCore.java:69]
05-22 14:09:25.096140  1774  1891 I ServiceManager: using oneway flag for command: txz.music.inner.isPlaying, target = com.txznet.txz
05-22 14:09:25.096260  1774  1774 D com.txznet.music.comm.core.SDKCore$3: [com.txznet.music.comm.core.SDKCore$3::lambda$onConnect$0]ComposePlayer::MediaClient: onMetadataChanged: 
05-22 14:09:25.096260  1774  1774 D com.txznet.music.comm.core.SDKCore$3: [SDKCore.java:69]
05-22 14:09:25.096591  1466  1500 D com.txznet.comm.remote.ServiceHandlerBase: [com.txznet.comm.remote.ServiceHandlerBase::preInvoke]music:receive:handler:AIDL:com.txznet.txz,from:com.txznet.music/txz.music.inner.isPlaying[Proguard:2]
05-22 14:09:25.096762  1774  1774 D com.txznet.music.comm.core.SDKCore$3: [com.txznet.music.comm.core.SDKCore$3::lambda$onConnect$0]ComposePlayer::PlayControl: onMetadataChanged AudioInfo{sid=15, id='272893489', name='青玉恋', album_id='39102185', album_sid=15, album_img='http://imge.kugou.com/stdmusic/480/20200828/20200828171709589747.jpg', album_name='青玉恋', card_type=110, is_paid=0, arr_artist_name=[子衿Ben小样], pay_type=0, is_vip=0, authorized_type_id=0, duration=0}
05-22 14:09:25.096762  1774  1774 D com.txznet.music.comm.core.SDKCore$3: [SDKCore.java:69]
05-22 14:09:25.096766  1466  1500 D com.txznet.txz.O00000o.O0000oOo.O0000oo::O000000o: CORE:MUSIC:receiver:command:inner.isPlaying,from:com.txznet.music[Proguard:33]
05-22 14:09:25.097093  1466  1500 D com.txznet.txz.module.app.O0000Oo: [com.txznet.txz.module.app.O0000Oo::O0000o]NavThirdApp packageName:com.txznet.music[Proguard:1]
05-22 14:09:25.097228  1774  1774 D com.txznet.music.comm.core.SDKCore$3: [com.txznet.music.comm.core.SDKCore$3::lambda$onConnect$0]ComposePlayer::PlayControl: onMetadataChanged index =0
05-22 14:09:25.097228  1774  1774 D com.txznet.music.comm.core.SDKCore$3: [SDKCore.java:69]
05-22 14:09:25.097283  1466  1500 D com.txznet.txz.component.music.txz.MusicTongTing::getMusicVersionCode: MusicTongTing::getMusicVersion 10000[Proguard:6]
05-22 14:09:25.097372  1466  1500 D com.txznet.txz.component.music.txz.MusicTongTing::log: MusicTongTing::update status(V440): PAUSED[Proguard:1]
05-22 14:09:25.097511  1466  1500 D xxxx    : [(MediaPriorityManager.java:1)#notifyPlayerStatusChange] notifyPlayerStatus:PAUSED
05-22 14:09:25.097663  1466  1500 D xxxx    : [(MediaPriorityManager.java:1)#notifyPlayerStatusChange] notifyPlayerStatus:PAUSED
05-22 14:09:25.097728  1774  2449 D com.txznet.music.comm.core.SDKCore$3: [com.txznet.music.comm.core.SDKCore$3::lambda$onConnect$0]ComposePlayer::SDKQueueSnapUtils: collectQueueSnap, user_id=424181
05-22 14:09:25.097728  1774  2449 D com.txznet.music.comm.core.SDKCore$3: [SDKCore.java:69]
05-22 14:09:25.097754  1466  1500 D com.txznet.txz.component.music.txz.MusicTongTing::onEndMusic: CORE:MUSIC:onEndMusic[Proguard:1]
05-22 14:09:25.097787  1774  1774 D com.txznet.music.comm.core.SDKCore$3: [com.txznet.music.comm.core.SDKCore$3::lambda$onConnect$0]ComposePlayer::MusicWidget : updateWidget
05-22 14:09:25.097787  1774  1774 D com.txznet.music.comm.core.SDKCore$3: [SDKCore.java:69]
05-22 14:09:25.097902  1466  1500 I com.txznet.txz: oneway function results will be dropped but finished with status OK and parcel size 8
05-22 14:09:25.098036  1466  1713 I ServiceManager: using oneway flag for command: comm.status.onEndMusic, target = com.txznet.childrencompany
05-22 14:09:25.098438  1466  1713 I ServiceManager: using oneway flag for command: comm.status.onEndMusic, target = com.txznet.music
05-22 14:09:25.098713  1466  1713 I ServiceManager: using oneway flag for command: comm.status.onEndMusic, target = com.txznet.adapter
05-22 14:09:25.099269  9540  9559 D com.txznet.comm.remote.ServiceHandlerBase: [com.txznet.comm.remote.ServiceHandlerBase::preInvoke]music:receive:handler:AIDL:com.txznet.childrencompany,from:com.txznet.txz/comm.status.onEndMusic[ServiceHandlerBase.java:38]
05-22 14:09:25.099600  9540  9559 I childrencompan: oneway function results will be dropped but finished with status OK and parcel size 8
05-22 14:09:25.099746  1774  2449 D com.txznet.music.comm.core.SDKCore$3: [com.txznet.music.comm.core.SDKCore$3::lambda$onConnect$0]ComposePlayer::SDKQueueSnapUtils: save queue snapshotQueueSnapshot{uid='424181', mixAlbumInfo=MixAlbumInfo{type=0, albumInfo=AlbumInfo{id='__KUGOU_DAILY__', title='每日推荐', img='null', short_intro='null', play_count=0, track_count=0, sid=15, card_type=0, is_vip=0, is_paid=0, pay_type=0, subscribe=false}, audioList=[AudioInfo{sid=15, id='272893489', name='青玉恋', album_id='39102185', album_sid=15, album_img='http://imge.kugou.com/stdmusic/480/20200828/20200828171709589747.jpg', album_name='青玉恋', card_type=110, is_paid=0, arr_artist_name=[子衿Ben小样], pay_type=0, is_vip=0, authorized_type_id=0, duration=0}, AudioInfo{sid=15, id='275712510', name='กีดกัน (Skyline)', album_id='39397747', album_sid=15, album_img='http://imge.kugou.com/stdmusic/480/20230112/20230112113921504199.jpg', album_name='กีดกัน (Skyline) (From แปลรักฉันด้วย
05-22 14:09:25.099746  1774  2449 D com.txznet.music.comm.core.SDKCore$3: ...[SDKCore.java:69]
05-22 14:09:25.100034  8666  8685 I .txznet.adapte: oneway function results will be dropped but finished with status OK and parcel size 8
05-22 14:09:25.100373  1774  2449 D com.txznet.music.comm.core.SDKCore$3: [com.txznet.music.comm.core.SDKCore$3::lambda$onConnect$0]ComposePlayer::SDKQueueSnapUtils: ...
05-22 14:09:25.100373  1774  2449 D com.txznet.music.comm.core.SDKCore$3: ...
05-22 14:09:25.100373  1774  2449 D com.txznet.music.comm.core.SDKCore$3: ใจเธอ)', card_type=110, is_paid=0, arr_artist_name=[Billkin], pay_type=0, is_vip=0, authorized_type_id=0, duration=0}, AudioInfo{sid=15, id='269351282', name='辞·九门回忆 (女戏腔版)', album_id='', album_sid=15, album_img='', album_name='', card_type=110, is_paid=0, arr_artist_name=[爱丽丝酱], pay_type=0, is_vip=0, authorized_type_id=0, duration=0}, AudioInfo{sid=15, id='28388641', name='불꽃 (火花)', album_id='577269', album_sid=15, album_img='http://imge.kugou.com/stdmusic/480/20150719/20150719025338492196.jpg', album_name='Koyote 6', card_type=110, is_paid=0, arr_artist_name=[高耀太 (코요태)], pay_type=0, is_vip=1, authorized_type_id=0, duration=0}, AudioInfo{sid=15, id='111937430', name='盗墓笔记·十年人间', album_id='15117855', album_sid=15, album_img='http://imge.kugou.com/stdmusic/480/20191213/201912132
05-22 14:09:25.100373  1774  2449 D com.txznet.music.comm.core.SDKCore$3: ...[SDKCore.java:69]
05-22 14:09:25.100654  1774  2449 D com.txznet.music.comm.core.SDKCore$3: [com.txznet.music.comm.core.SDKCore$3::lambda$onConnect$0]ComposePlayer::SDKQueueSnapUtils: ...
05-22 14:09:25.100654  1774  2449 D com.txznet.music.comm.core.SDKCore$3: ...
05-22 14:09:25.100654  1774  2449 D com.txznet.music.comm.core.SDKCore$3: 10932485332.jpg', album_name='盗墓笔记·十年人间', card_type=110, is_paid=0, arr_artist_name=[李常超（Lao乾妈）], pay_type=0, is_vip=0, authorized_type_id=0, duration=0}, AudioInfo{sid=15, id='494795122', name='三拜红尘凉 (扇子舞版)', album_id='70028287', album_sid=15, album_img='http://imge.kugou.com/stdmusic/480/20230314/20230314153132769989.jpg', album_name='三拜红尘凉(扇子舞版)', card_type=110, is_paid=0, arr_artist_name=[晴小瑶], pay_type=0, is_vip=0, authorized_type_id=0, duration=0}, AudioInfo{sid=15, id='436927894', name='Talk that Talk', album_id='60083683', album_sid=15, album_img='http://imge.kugou.com/stdmusic/480/20220826/20220826112501855310.jpg', album_name='BETWEEN 1&2', card_type=110, is_paid=0, arr_artist_name=[TWICE], pay_type=0, is_vip=1, authorized_type_id=0, duration=0}, AudioInfo{sid=15, id=
05-22 14:09:25.100654  1774  2449 D com.txznet.music.comm.core.SDKCore$3: ...[SDKCore.java:69]
05-22 14:09:25.100828  1466  1713 I ServiceManager: using oneway flag for command: comm.status.onEndMusic, target = com.txznet.txz
05-22 14:09:25.100866  1774  2449 D com.txznet.music.comm.core.SDKCore$3: [com.txznet.music.comm.core.SDKCore$3::lambda$onConnect$0]ComposePlayer::SDKQueueSnapUtils: ...
05-22 14:09:25.100866  1774  2449 D com.txznet.music.comm.core.SDKCore$3: ...
05-22 14:09:25.100866  1774  2449 D com.txznet.music.comm.core.SDKCore$3: '252666944', name='处暑', album_id='36895840', album_sid=15, album_img='http://imge.kugou.com/stdmusic/480/20200403/20200403112615663119.jpg', album_name='二十四节气', card_type=110, is_paid=0, arr_artist_name=[音阙诗听, 王梓钰], pay_type=0, is_vip=0, authorized_type_id=0, duration=0}, AudioInfo{sid=15, id='210141785', name='撒野', album_id='29092481', album_sid=15, album_img='http://imge.kugou.com/stdmusic/480/20190919/20190919185502255774.jpg', album_name='撒野', card_type=110, is_paid=0, arr_artist_name=[倒霉死勒, 涅槃], pay_type=0, is_vip=0, authorized_type_id=0, duration=0}, AudioInfo{sid=15, id='28421856', name='明日、僕は君に会いに行く。 (明天，我要去见你)', album_id='580116', album_sid=15, album_img='http://imge.kugou.com/stdmusic/480/20220630/20220630135928346455.jpg', album_name='明日、僕は君に会いに行く。 (明天 我要去见你)', card_
05-22 14:09:25.100866  1774  2449 D com.txznet.music.comm.core.SDKCore$3: ...[SDKCore.java:69]
05-22 14:09:25.101143  1466  1713 D com.txznet.comm.remote.ServiceHandlerBase: [com.txznet.comm.remote.ServiceHandlerBase::preInvoke]music:receive:handler:AIDL:com.txznet.txz,from:com.txznet.txz/comm.status.onEndMusic[Proguard:2]
05-22 14:09:25.101118  1774  2449 D com.txznet.music.comm.core.SDKCore$3: [com.txznet.music.comm.core.SDKCore$3::lambda$onConnect$0]ComposePlayer::SDKQueueSnapUtils: ...
05-22 14:09:25.101118  1774  2449 D com.txznet.music.comm.core.SDKCore$3: ...
05-22 14:09:25.101118  1774  2449 D com.txznet.music.comm.core.SDKCore$3: type=110, is_paid=0, arr_artist_name=[ワカバ], pay_type=0, is_vip=0, authorized_type_id=0, duration=0}, AudioInfo{sid=15, id='128061581', name='桃花笑', album_id='14438032', album_sid=15, album_img='http://imge.kugou.com/stdmusic/480/20210113/20210113052845827202.jpg', album_name='桃花笑', card_type=110, is_paid=0, arr_artist_name=[汪睿], pay_type=0, is_vip=1, authorized_type_id=0, duration=0}, AudioInfo{sid=15, id='27653570', name='痴情冢', album_id='532247', album_sid=15, album_img='http://imge.kugou.com/stdmusic/480/20200909/20200909114454102598.jpg', album_name='新天龙八部 电视剧原声带', card_type=110, is_paid=0, arr_artist_name=[贾青, 徐溢], pay_type=0, is_vip=0, authorized_type_id=0, duration=0}, AudioInfo{sid=15, id='261490028', name='晚夜微雨问海棠', album_id='38189418', album_sid=15, album_img='http://im
05-22 14:09:25.101118  1774  2449 D com.txznet.music.comm.core.SDKCore$3: ...[SDKCore.java:69]
05-22 14:09:25.101395  1466  1713 I ServiceManager: using oneway flag for command: comm.status.onEndMusic, target = com.txznet.txzsetting
05-22 14:09:25.101420  1774  2449 D com.txznet.music.comm.core.SDKCore$3: [com.txznet.music.comm.core.SDKCore$3::lambda$onConnect$0]ComposePlayer::SDKQueueSnapUtils: ...
05-22 14:09:25.101420  1774  2449 D com.txznet.music.comm.core.SDKCore$3: ...
05-22 14:09:25.101420  1774  2449 D com.txznet.music.comm.core.SDKCore$3: ge.kugou.com/stdmusic/480/20200624/20200624154704242347.jpg', album_name='晚夜微雨问海棠', card_type=110, is_paid=0, arr_artist_name=[镜予歌, 陈亦洺, 喧笑], pay_type=0, is_vip=0, authorized_type_id=0, duration=0}, AudioInfo{sid=15, id='28835719', name='解语花', album_id='618469', album_sid=15, album_img='http://imge.kugou.com/stdmusic/480/20220305/20220305000911872535.jpg', album_name='解语花', card_type=110, is_paid=0, arr_artist_name=[妖言君], pay_type=0, is_vip=0, authorized_type_id=0, duration=0}, AudioInfo{sid=15, id='298230640', name='宝宝笑哈哈', album_id='40492516', album_sid=15, album_img='http://imge.kugou.com/stdmusic/480/20201210/20201210192406613787.jpg', album_name='超级宝贝JoJo', card_type=110, is_paid=0, arr_artist_name=[超级宝贝JoJo], pay_type=0, is_vip=0, authorized_type_id=0, duration=0}, AudioI
05-22 14:09:25.101420  1774  2449 D com.txznet.music.comm.core.SDKCore$3: ...[SDKCore.java:69]
05-22 14:09:25.101620  1774  2449 D com.txznet.music.comm.core.SDKCore$3: [com.txznet.music.comm.core.SDKCore$3::lambda$onConnect$0]ComposePlayer::SDKQueueSnapUtils: ...
05-22 14:09:25.101620  1774  2449 D com.txznet.music.comm.core.SDKCore$3: ...
05-22 14:09:25.101620  1774  2449 D com.txznet.music.comm.core.SDKCore$3: nfo{sid=15, id='177373480', name='戏说', album_id='25855274', album_sid=15, album_img='http://imge.kugou.com/stdmusic/480/20190725/20190725100505160009.jpg', album_name='戏说', card_type=110, is_paid=0, arr_artist_name=[草帽酱], pay_type=0, is_vip=0, authorized_type_id=0, duration=0}, AudioInfo{sid=15, id='393834884', name='梦幻童年', album_id='56231356', album_sid=15, album_img='http://imge.kugou.com/stdmusic/480/20220331/20220331184412736016.jpg', album_name='梦幻童年', card_type=110, is_paid=0, arr_artist_name=[王雅歌, 梁恩溢], pay_type=0, is_vip=0, authorized_type_id=0, duration=0}, AudioInfo{sid=15, id='172095441', name='赤伶 (戏腔男声版)', album_id='24736881', album_sid=15, album_img='http://imge.kugou.com/stdmusic/480/20190810/20190810105008198792.jpg', album_name='赤伶(戏腔男声版)', card_type=110, is_pai
05-22 14:09:25.101620  1774  2449 D com.txznet.music.comm.core.SDKCore$3: ...[SDKCore.java:69]
05-22 14:09:25.101892  1774  2449 D com.txznet.music.comm.core.SDKCore$3: [com.txznet.music.comm.core.SDKCore$3::lambda$onConnect$0]ComposePlayer::SDKQueueSnapUtils: ...
05-22 14:09:25.101892  1774  2449 D com.txznet.music.comm.core.SDKCore$3: ...
05-22 14:09:25.101892  1774  2449 D com.txznet.music.comm.core.SDKCore$3: d=0, arr_artist_name=[泥鳅Niko], pay_type=0, is_vip=0, authorized_type_id=0, duration=0}, AudioInfo{sid=15, id='89058807', name='剑魂', album_id='4088727', album_sid=15, album_img='http://imge.kugou.com/stdmusic/480/20170123/20170123023110780769.jpg', album_name='射雕英雄传 电视剧原声带', card_type=110, is_paid=0, arr_artist_name=[李炜], pay_type=0, is_vip=0, authorized_type_id=0, duration=0}, AudioInfo{sid=15, id='107576251', name='少林英雄', album_id='', album_sid=15, album_img='', album_name='', card_type=110, is_paid=0, arr_artist_name=[华语群星], pay_type=0, is_vip=0, authorized_type_id=0, duration=0}, AudioInfo{sid=15, id='423020108', name='外婆桥 (旺仔小乔版)', album_id='58674160', album_sid=15, album_img='http://imge.kugou.com/stdmusic/480/20220704/20220704164733101321.jpg', album_name='外婆桥', card_type
05-22 14:09:25.101892  1774  2449 D com.txznet.music.comm.core.SDKCore$3: ...[SDKCore.java:69]
05-22 14:09:25.102432  1774  2449 D com.txznet.music.comm.core.SDKCore$3: [com.txznet.music.comm.core.SDKCore$3::lambda$onConnect$0]ComposePlayer::SDKQueueSnapUtils: ...
05-22 14:09:25.102432  1774  2449 D com.txznet.music.comm.core.SDKCore$3: ...
05-22 14:09:25.102432  1774  2449 D com.txznet.music.comm.core.SDKCore$3: =110, is_paid=0, arr_artist_name=[旺仔小乔], pay_type=0, is_vip=1, authorized_type_id=0, duration=0}, AudioInfo{sid=15, id='514500976', name='静夜思 (Live)', album_id='73228718', album_sid=15, album_img='http://imge.kugou.com/stdmusic/480/20230514/20230514110701838605.jpg', album_name='经典咏流传第六季 第3期', card_type=110, is_paid=0, arr_artist_name=[胡夏, 周昭妍(Miumiu)], pay_type=0, is_vip=0, authorized_type_id=0, duration=0}, AudioInfo{sid=15, id='157347873', name='同道殊途', album_id='8535802', album_sid=15, album_img='http://imge.kugou.com/stdmusic/480/20161031/20161031142745477150.jpg', album_name='长生诀', card_type=110, is_paid=0, arr_artist_name=[HITA, Aki阿杰, W.K., 裂天, Assen捷, 佑可猫, 吾恩, 人衣大人, 泠鸢yousa, 三无Marblue, 括号君, 特曼, 荷笙, 图特哈蒙], pay_type=0, is_vip=0, authorized_type_id=0, duration=0}, AudioInf
05-22 14:09:25.102432  1774  2449 D com.txznet.music.comm.core.SDKCore$3: ...[SDKCore.java:69]
05-22 14:09:25.102604  2358  5531 D TXZ     : music:receive:handler:AIDL:com.txznet.txzsetting,from:com.txznet.txz/comm.status.onEndMusic
05-22 14:09:25.102828  1774  1801 D com.txznet.music.comm.core.SDKCore$3: [com.txznet.music.comm.core.SDKCore$3::lambda$onConnect$0]music:receive:handler:AIDL:com.txznet.music,from:com.txznet.txz/comm.status.onEndMusic[SDKCore.java:69]
